../Core/Src/helper.c:14:6:is_USER_button_pressed	8	static
../Core/Src/helper.c:18:6:print_OLED	432	static
../Core/Src/helper.c:33:6:send_ack	24	static
../Core/Src/helper.c:38:6:move	24	static
../Core/Src/helper.c:75:19:ICM20948_BrustRead	40	static
../Core/Src/helper.c:100:19:ICM20948_SelectUserBank	48	static
../Core/Src/helper.c:124:19:ICM20948_WriteByte	40	static
../Core/Src/helper.c:148:6:ICM20948_init	24	static
../Core/Src/helper.c:231:6:ICM20948_readGyroscope_Z	40	static
../Core/Src/helper.c:259:6:ICM20948_readAccelerometer_all	64	static
../Core/Src/helper.c:305:6:kalman_init	24	static
../Core/Src/helper.c:311:6:kalman_update	32	static
