../Core/Src/helper.c:14:6:is_USER_button_pressed	8	static
../Core/Src/helper.c:18:6:print_value	432	static
../Core/Src/helper.c:27:6:send_ack	24	static
../Core/Src/helper.c:32:6:move	16	static
../Core/Src/helper.c:105:19:ICM20948_BrustRead	40	static
../Core/Src/helper.c:130:19:ICM20948_SelectUserBank	48	static
../Core/Src/helper.c:154:19:ICM20948_WriteByte	40	static
../Core/Src/helper.c:178:6:ICM20948_init	24	static
../Core/Src/helper.c:261:6:ICM20948_readGyroscope_Z	40	static
../Core/Src/helper.c:289:6:ICM20948_readAccelerometer_all	64	static
../Core/Src/helper.c:335:6:kalman_init	24	static
../Core/Src/helper.c:341:6:kalman_update	32	static
../Core/Src/helper.c:351:6:pid_reset	16	static
../Core/Src/helper.c:356:6:pid_init	24	static
../Core/Src/helper.c:364:7:pid_adjust	32	static
