../Core/Src/main.c:93:6:delay_us	16	static
../Core/Src/main.c:98:6:HCSR04_Init	8	static
../Core/Src/main.c:113:6:HCSR04_Trigger	8	static
../Core/Src/main.c:123:6:HAL_TIM_IC_CaptureCallback	16	static
../Core/Src/main.c:146:6:HAL_UART_RxCpltCallback	16	static
../Core/Src/main.c:162:5:main	8	static
../Core/Src/main.c:241:6:SystemClock_Config	88	static
../Core/Src/main.c:283:13:MX_I2C1_Init	8	static
../Core/Src/main.c:317:13:MX_TIM1_Init	96	static
../Core/Src/main.c:392:13:MX_TIM2_Init	56	static
../Core/Src/main.c:441:13:MX_TIM3_Init	56	static
../Core/Src/main.c:490:13:MX_TIM6_Init	16	static
../Core/Src/main.c:528:13:MX_TIM8_Init	96	static
../Core/Src/main.c:607:13:MX_USART3_UART_Init	8	static
../Core/Src/main.c:640:13:MX_GPIO_Init	48	static
../Core/Src/main.c:704:6:Error_Handler	4	static,ignoring_inline_asm
