../Core/Src/main.c:81:5:main	112	static
../Core/Src/main.c:232:6:SystemClock_Config	88	static
../Core/Src/main.c:274:13:MX_I2C1_Init	8	static
../Core/Src/main.c:308:13:MX_TIM1_Init	96	static
../Core/Src/main.c:383:13:MX_TIM2_Init	56	static
../Core/Src/main.c:432:13:MX_TIM3_Init	56	static
../Core/Src/main.c:481:13:MX_TIM8_Init	96	static
../Core/Src/main.c:560:13:MX_USART3_UART_Init	8	static
../Core/Src/main.c:593:13:MX_GPIO_Init	48	static
../Core/Src/main.c:654:6:Error_Handler	4	static,ignoring_inline_asm
