../Core/Src/oled.c:26:6:OLED_WR_Byte	24	static
../Core/Src/oled.c:48:6:OLED_Refresh_Gram	16	static
../Core/Src/oled.c:61:6:OLED_Clear	16	static
../Core/Src/oled.c:71:6:OLED_Display_On	8	static
../Core/Src/oled.c:79:6:OLED_Display_Off	8	static
../Core/Src/oled.c:87:6:OLED_DrawPoint	24	static
../Core/Src/oled.c:106:6:OLED_ShowChar	32	static
../Core/Src/oled.c:136:10:oled_pow	24	static
../Core/Src/oled.c:146:6:OLED_ShowNumber	40	static
../Core/Src/oled.c:168:6:OLED_ShowString	24	static
../Core/Src/oled.c:188:6:OLED_Init	8	static
