../Core/Src/test.c:12:6:task_A1	16	static
../Core/Src/test.c:24:6:task_A3	16	static
../Core/Src/test.c:33:6:task_A4_left	16	static
../Core/Src/test.c:43:6:task_A4_right	16	static
../Core/Src/test.c:53:6:abhinav_task	16	static
../Core/Src/test.c:71:6:moving_task	8	static
../Core/Src/test.c:112:6:forward_task	8	static
../Core/Src/test.c:116:6:backward_task	8	static
../Core/Src/test.c:120:6:forward_right_task	8	static
../Core/Src/test.c:124:6:forward_left_task	8	static
../Core/Src/test.c:128:6:backward_right_task	8	static
../Core/Src/test.c:132:6:backward_left_task	8	static
../Core/Src/test.c:136:6:ultrasonic_task	16	static
../Core/Src/test.c:153:6:accelerometer_task	4	static
../Core/Src/test.c:157:6:gyroscope_task	16	static
../Core/Src/test.c:161:6:UART3_task	16	static
../Core/Src/test.c:173:6:send_ack_task	16	static
