18:39:13 **** Incremental Build of configuration Debug for project MDP_STM32 ****
make -j8 all 
arm-none-eabi-size  MDP_STM32.elf 
   text	   data	    bss	    dec	    hex	filename
  39156	    468	   3508	  43132	   a87c	MDP_STM32.elf
Finished building: default.size.stdout
 
18:39:17 **** Incremental Build of configuration Debug for project MDP_STM32 ****
make -j8 all 
arm-none-eabi-size  MDP_STM32.elf 
   text	   data	    bss	    dec	    hex	filename
  39156	    468	   3508	  43132	   a87c	MDP_STM32.elf
Finished building: default.size.stdout
 
18:39:37 **** Incremental Build of configuration Debug for project MDP_STM32 ****
make -j8 all 
arm-none-eabi-gcc "../Core/Src/main.c" -mcpu=cortex-m4 -std=gnu11 -g3 -DDEBUG -DUSE_HAL_DRIVER -DSTM32F407xx -c -I../Core/Inc -I../Drivers/STM32F4xx_HAL_Driver/Inc -I../Drivers/STM32F4xx_HAL_Driver/Inc/Legacy -I../Drivers/CMSIS/Device/ST/STM32F4xx/Include -I../Drivers/CMSIS/Include -O0 -ffunction-sections -fdata-sections -Wall -fstack-usage -fcyclomatic-complexity -MMD -MP -MF"Core/Src/main.d" -MT"Core/Src/main.o" --specs=nano.specs -mfpu=fpv4-sp-d16 -mfloat-abi=hard -mthumb -o "Core/Src/main.o"
../Core/Src/main.c: In function 'HAL_UART_RxCpltCallback':
../Core/Src/main.c:147:29: warning: implicit declaration of function 'malloc' [-Wimplicit-function-declaration]
  147 |   cmd_t* new_cmd = (cmd_t*) malloc(sizeof(cmd_t));
      |                             ^~~~~~
../Core/Src/main.c:29:1: note: include '<stdlib.h>' or provide a declaration of 'malloc'
   28 | #include "test.h"
  +++ |+#include <stdlib.h>
   29 | /* USER CODE END Includes */
../Core/Src/main.c:147:29: warning: incompatible implicit declaration of built-in function 'malloc' [-Wbuiltin-declaration-mismatch]
  147 |   cmd_t* new_cmd = (cmd_t*) malloc(sizeof(cmd_t));
      |                             ^~~~~~
../Core/Src/main.c:147:29: note: include '<stdlib.h>' or provide a declaration of 'malloc'
../Core/Src/main.c:152:33: warning: passing argument 3 of 'OLED_ShowString' makes pointer from integer without a cast [-Wint-conversion]
  152 |   OLED_ShowString(0, 15, receive[0]);
      |                          ~~~~~~~^~~
      |                                 |
      |                                 uint8_t {aka unsigned char}
In file included from ../Core/Src/main.c:24:
../Core/Inc/oled.h:44:59: note: expected 'const uint8_t *' {aka 'const unsigned char *'} but argument is of type 'uint8_t' {aka 'unsigned char'}
   44 | void OLED_ShowString(uint8_t x, uint8_t y, const uint8_t *p);
      |                                            ~~~~~~~~~~~~~~~^
../Core/Src/main.c: In function 'main':
../Core/Src/main.c:217:25: warning: pointer targets in passing argument 3 of 'OLED_ShowString' differ in signedness [-Wpointer-sign]
  217 |   OLED_ShowString(0, 0, "Press USER btn");
      |                         ^~~~~~~~~~~~~~~~
      |                         |
      |                         char *
../Core/Inc/oled.h:44:59: note: expected 'const uint8_t *' {aka 'const unsigned char *'} but argument is of type 'char *'
   44 | void OLED_ShowString(uint8_t x, uint8_t y, const uint8_t *p);
      |                                            ~~~~~~~~~~~~~~~^
../Core/Src/main.c:218:26: warning: pointer targets in passing argument 3 of 'OLED_ShowString' differ in signedness [-Wpointer-sign]
  218 |   OLED_ShowString(0, 15, "to continue");
      |                          ^~~~~~~~~~~~~
      |                          |
      |                          char *
../Core/Inc/oled.h:44:59: note: expected 'const uint8_t *' {aka 'const unsigned char *'} but argument is of type 'char *'
   44 | void OLED_ShowString(uint8_t x, uint8_t y, const uint8_t *p);
      |                                            ~~~~~~~~~~~~~~~^
arm-none-eabi-gcc -o "MDP_STM32.elf" @"objects.list"   -mcpu=cortex-m4 -T"D:\3. CE Timetable and Curriculum\7. AY2023-2024 Sem 1 (Year 4)\1. SC2079 - Multidisciplinary Design Project\4. Project\SC2079_GROUP13\Hardware_STM\MDP_STM32\STM32F407VETX_FLASH.ld" --specs=nosys.specs -Wl,-Map="MDP_STM32.map" -Wl,--gc-sections -static -u _printf_float --specs=nano.specs -mfpu=fpv4-sp-d16 -mfloat-abi=hard -mthumb -Wl,--start-group -lc -lm -Wl,--end-group
Finished building target: MDP_STM32.elf
 
arm-none-eabi-size  MDP_STM32.elf 
arm-none-eabi-objdump -h -S MDP_STM32.elf  > "MDP_STM32.list"
   text	   data	    bss	    dec	    hex	filename
  39148	    468	   3508	  43124	   a874	MDP_STM32.elf
Finished building: default.size.stdout
 
Finished building: MDP_STM32.list
 
18:39:39 **** Incremental Build of configuration Debug for project MDP_STM32 ****
make -j8 all 
arm-none-eabi-size  MDP_STM32.elf 
   text	   data	    bss	    dec	    hex	filename
  39148	    468	   3508	  43124	   a874	MDP_STM32.elf
Finished building: default.size.stdout
 
18:41:00 **** Incremental Build of configuration Debug for project MDP_STM32 ****
make -j8 all 
arm-none-eabi-gcc "../Core/Src/helper.c" -mcpu=cortex-m4 -std=gnu11 -g3 -DDEBUG -DUSE_HAL_DRIVER -DSTM32F407xx -c -I../Core/Inc -I../Drivers/STM32F4xx_HAL_Driver/Inc -I../Drivers/STM32F4xx_HAL_Driver/Inc/Legacy -I../Drivers/CMSIS/Device/ST/STM32F4xx/Include -I../Drivers/CMSIS/Include -O0 -ffunction-sections -fdata-sections -Wall -fstack-usage -fcyclomatic-complexity -MMD -MP -MF"Core/Src/helper.d" -MT"Core/Src/helper.o" --specs=nano.specs -mfpu=fpv4-sp-d16 -mfloat-abi=hard -mthumb -o "Core/Src/helper.o"
arm-none-eabi-gcc "../Core/Src/main.c" -mcpu=cortex-m4 -std=gnu11 -g3 -DDEBUG -DUSE_HAL_DRIVER -DSTM32F407xx -c -I../Core/Inc -I../Drivers/STM32F4xx_HAL_Driver/Inc -I../Drivers/STM32F4xx_HAL_Driver/Inc/Legacy -I../Drivers/CMSIS/Device/ST/STM32F4xx/Include -I../Drivers/CMSIS/Include -O0 -ffunction-sections -fdata-sections -Wall -fstack-usage -fcyclomatic-complexity -MMD -MP -MF"Core/Src/main.d" -MT"Core/Src/main.o" --specs=nano.specs -mfpu=fpv4-sp-d16 -mfloat-abi=hard -mthumb -o "Core/Src/main.o"
../Core/Src/helper.c: In function 'print_OLED':
../Core/Src/helper.c:22:17: warning: implicit declaration of function 'sprintf' [-Wimplicit-function-declaration]
   22 |                 sprintf(buf, msg, val);
      |                 ^~~~~~~
../Core/Src/helper.c:11:1: note: include '<stdio.h>' or provide a declaration of 'sprintf'
   10 | #include "helper.h"
  +++ |+#include <stdio.h>
   11 | 
../Core/Src/helper.c:22:17: warning: incompatible implicit declaration of built-in function 'sprintf' [-Wbuiltin-declaration-mismatch]
   22 |                 sprintf(buf, msg, val);
      |                 ^~~~~~~
../Core/Src/helper.c:22:17: note: include '<stdio.h>' or provide a declaration of 'sprintf'
../Core/Src/helper.c:22:25: warning: passing argument 1 of 'sprintf' from incompatible pointer type [-Wincompatible-pointer-types]
   22 |                 sprintf(buf, msg, val);
      |                         ^~~
      |                         |
      |                         uint8_t ** {aka unsigned char **}
../Core/Src/helper.c:22:25: note: expected 'char *' but argument is of type 'uint8_t **' {aka 'unsigned char **'}
../Core/Src/helper.c:22:30: warning: pointer targets in passing argument 2 of 'sprintf' differ in signedness [-Wpointer-sign]
   22 |                 sprintf(buf, msg, val);
      |                              ^~~
      |                              |
      |                              uint8_t * {aka unsigned char *}
../Core/Src/helper.c:22:30: note: expected 'const char *' but argument is of type 'uint8_t *' {aka 'unsigned char *'}
../Core/Src/helper.c:24:17: warning: incompatible implicit declaration of built-in function 'sprintf' [-Wbuiltin-declaration-mismatch]
   24 |                 sprintf(buf, msg);
      |                 ^~~~~~~
../Core/Src/helper.c:24:17: note: include '<stdio.h>' or provide a declaration of 'sprintf'
../Core/Src/helper.c:24:25: warning: passing argument 1 of 'sprintf' from incompatible pointer type [-Wincompatible-pointer-types]
   24 |                 sprintf(buf, msg);
      |                         ^~~
      |                         |
      |                         uint8_t ** {aka unsigned char **}
../Core/Src/helper.c:24:25: note: expected 'char *' but argument is of type 'uint8_t **' {aka 'unsigned char **'}
../Core/Src/helper.c:24:30: warning: pointer targets in passing argument 2 of 'sprintf' differ in signedness [-Wpointer-sign]
   24 |                 sprintf(buf, msg);
      |                              ^~~
      |                              |
      |                              uint8_t * {aka unsigned char *}
../Core/Src/helper.c:24:30: note: expected 'const char *' but argument is of type 'uint8_t *' {aka 'unsigned char *'}
../Core/Src/main.c: In function 'HAL_UART_RxCpltCallback':
../Core/Src/main.c:147:29: warning: implicit declaration of function 'malloc' [-Wimplicit-function-declaration]
  147 |   cmd_t* new_cmd = (cmd_t*) malloc(sizeof(cmd_t));
      |                             ^~~~~~
../Core/Src/main.c:29:1: note: include '<stdlib.h>' or provide a declaration of 'malloc'
   28 | #include "test.h"
  +++ |+#include <stdlib.h>
   29 | /* USER CODE END Includes */
../Core/Src/main.c:147:29: warning: incompatible implicit declaration of built-in function 'malloc' [-Wbuiltin-declaration-mismatch]
  147 |   cmd_t* new_cmd = (cmd_t*) malloc(sizeof(cmd_t));
      |                             ^~~~~~
../Core/Src/main.c:147:29: note: include '<stdlib.h>' or provide a declaration of 'malloc'
../Core/Src/main.c:152:33: warning: passing argument 3 of 'OLED_ShowString' makes pointer from integer without a cast [-Wint-conversion]
  152 |   OLED_ShowString(0, 15, receive[0]);
      |                          ~~~~~~~^~~
      |                                 |
      |                                 uint8_t {aka unsigned char}
In file included from ../Core/Src/main.c:24:
../Core/Inc/oled.h:44:59: note: expected 'const uint8_t *' {aka 'const unsigned char *'} but argument is of type 'uint8_t' {aka 'unsigned char'}
   44 | void OLED_ShowString(uint8_t x, uint8_t y, const uint8_t *p);
      |                                            ~~~~~~~~~~~~~~~^
../Core/Src/main.c: In function 'main':
../Core/Src/main.c:217:25: warning: pointer targets in passing argument 3 of 'OLED_ShowString' differ in signedness [-Wpointer-sign]
  217 |   OLED_ShowString(0, 0, "Press USER btn");
      |                         ^~~~~~~~~~~~~~~~
      |                         |
      |                         char *
../Core/Inc/oled.h:44:59: note: expected 'const uint8_t *' {aka 'const unsigned char *'} but argument is of type 'char *'
   44 | void OLED_ShowString(uint8_t x, uint8_t y, const uint8_t *p);
      |                                            ~~~~~~~~~~~~~~~^
../Core/Src/main.c:218:26: warning: pointer targets in passing argument 3 of 'OLED_ShowString' differ in signedness [-Wpointer-sign]
  218 |   OLED_ShowString(0, 15, "to continue");
      |                          ^~~~~~~~~~~~~
      |                          |
      |                          char *
../Core/Src/helper.c:27:9: warning: implicit declaration of function 'OLED_ShowString' [-Wimplicit-function-declaration]
   27 |         OLED_ShowString(x, y, buf);
      |         ^~~~~~~~~~~~~~~
../Core/Inc/oled.h:44:59: note: expected 'const uint8_t *' {aka 'const unsigned char *'} but argument is of type 'char *'
   44 | void OLED_ShowString(uint8_t x, uint8_t y, const uint8_t *p);
      |                                            ~~~~~~~~~~~~~~~^
../Core/Src/helper.c:28:9: warning: implicit declaration of function 'OLED_Refresh_Gram' [-Wimplicit-function-declaration]
   28 |         OLED_Refresh_Gram();
      |         ^~~~~~~~~~~~~~~~~
../Core/Src/helper.c: In function 'move':
../Core/Src/helper.c:41:35: warning: pointer targets in passing argument 3 of 'print_OLED' differ in signedness [-Wpointer-sign]
   41 |                 print_OLED(0, 30, "Forward", false, 0);
      |                                   ^~~~~~~~~
      |                                   |
      |                                   char *
../Core/Src/helper.c:18:40: note: expected 'uint8_t *' {aka 'unsigned char *'} but argument is of type 'char *'
   18 | void print_OLED(int x, int y, uint8_t* msg, bool var_exist, int32_t val) {
      |                               ~~~~~~~~~^~~
../Core/Src/helper.c:42:17: warning: implicit declaration of function 'forward' [-Wimplicit-function-declaration]
   42 |                 forward(80);
      |                 ^~~~~~~
../Core/Src/helper.c:45:35: warning: pointer targets in passing argument 3 of 'print_OLED' differ in signedness [-Wpointer-sign]
   45 |                 print_OLED(0, 30, "Backward", false, 0);
      |                                   ^~~~~~~~~~
      |                                   |
      |                                   char *
../Core/Src/helper.c:18:40: note: expected 'uint8_t *' {aka 'unsigned char *'} but argument is of type 'char *'
   18 | void print_OLED(int x, int y, uint8_t* msg, bool var_exist, int32_t val) {
      |                               ~~~~~~~~~^~~
../Core/Src/helper.c:46:17: warning: implicit declaration of function 'backward' [-Wimplicit-function-declaration]
   46 |                 backward(80);
      |                 ^~~~~~~~
../Core/Src/helper.c:49:35: warning: pointer targets in passing argument 3 of 'print_OLED' differ in signedness [-Wpointer-sign]
   49 |                 print_OLED(0, 30, "Forward left", false, 0);
      |                                   ^~~~~~~~~~~~~~
      |                                   |
      |                                   char *
../Core/Src/helper.c:18:40: note: expected 'uint8_t *' {aka 'unsigned char *'} but argument is of type 'char *'
   18 | void print_OLED(int x, int y, uint8_t* msg, bool var_exist, int32_t val) {
      |                               ~~~~~~~~~^~~
../Core/Src/helper.c:50:17: warning: implicit declaration of function 'forward_left' [-Wimplicit-function-declaration]
   50 |                 forward_left();
      |                 ^~~~~~~~~~~~
../Core/Src/helper.c:53:35: warning: pointer targets in passing argument 3 of 'print_OLED' differ in signedness [-Wpointer-sign]
   53 |                 print_OLED(0, 30, "Forward right", false, 0);
      |                                   ^~~~~~~~~~~~~~~
      |                                   |
      |                                   char *
../Core/Src/helper.c:18:40: note: expected 'uint8_t *' {aka 'unsigned char *'} but argument is of type 'char *'
   18 | void print_OLED(int x, int y, uint8_t* msg, bool var_exist, int32_t val) {
      |                               ~~~~~~~~~^~~
../Core/Src/helper.c:54:17: warning: implicit declaration of function 'forward_right' [-Wimplicit-function-declaration]
   54 |                 forward_right();
      |                 ^~~~~~~~~~~~~
../Core/Src/helper.c:57:35: warning: pointer targets in passing argument 3 of 'print_OLED' differ in signedness [-Wpointer-sign]
   57 |                 print_OLED(0, 30, "Backward left", false, 0);
      |                                   ^~~~~~~~~~~~~~~
      |                                   |
      |                                   char *
../Core/Src/helper.c:18:40: note: expected 'uint8_t *' {aka 'unsigned char *'} but argument is of type 'char *'
   18 | void print_OLED(int x, int y, uint8_t* msg, bool var_exist, int32_t val) {
      |                               ~~~~~~~~~^~~
../Core/Src/helper.c:58:17: warning: implicit declaration of function 'backward_left' [-Wimplicit-function-declaration]
   58 |                 backward_left();
      |                 ^~~~~~~~~~~~~
../Core/Src/helper.c:61:35: warning: pointer targets in passing argument 3 of 'print_OLED' differ in signedness [-Wpointer-sign]
   61 |                 print_OLED(0, 30, "Backward right", false, 0);
      |                                   ^~~~~~~~~~~~~~~~
      |                                   |
      |                                   char *
../Core/Src/helper.c:18:40: note: expected 'uint8_t *' {aka 'unsigned char *'} but argument is of type 'char *'
   18 | void print_OLED(int x, int y, uint8_t* msg, bool var_exist, int32_t val) {
      |                               ~~~~~~~~~^~~
../Core/Src/helper.c:62:17: warning: implicit declaration of function 'backward_right' [-Wimplicit-function-declaration]
   62 |                 backward_right();
      |                 ^~~~~~~~~~~~~~
../Core/Src/helper.c:65:35: warning: pointer targets in passing argument 3 of 'print_OLED' differ in signedness [-Wpointer-sign]
   65 |                 print_OLED(0, 30, "Stop", false, 0);
      |                                   ^~~~~~
      |                                   |
      |                                   char *
../Core/Src/helper.c:18:40: note: expected 'uint8_t *' {aka 'unsigned char *'} but argument is of type 'char *'
   18 | void print_OLED(int x, int y, uint8_t* msg, bool var_exist, int32_t val) {
      |                               ~~~~~~~~~^~~
../Core/Src/helper.c:66:17: warning: implicit declaration of function 'stop' [-Wimplicit-function-declaration]
   66 |                 stop();
      |                 ^~~~
../Core/Src/helper.c:69:35: warning: pointer targets in passing argument 3 of 'print_OLED' differ in signedness [-Wpointer-sign]
   69 |                 print_OLED(0, 30, "cmd wrong type", false, 0);
      |                                   ^~~~~~~~~~~~~~~~
      |                                   |
      |                                   char *
../Core/Src/helper.c:18:40: note: expected 'uint8_t *' {aka 'unsigned char *'} but argument is of type 'char *'
   18 | void print_OLED(int x, int y, uint8_t* msg, bool var_exist, int32_t val) {
      |                               ~~~~~~~~~^~~
../Core/Src/helper.c: In function 'ICM20948_init':
../Core/Src/helper.c:224:18: warning: implicit declaration of function '_AK09916_WriteByte' [-Wimplicit-function-declaration]
  224 |         status = _AK09916_WriteByte(
      |                  ^~~~~~~~~~~~~~~~~~
../Core/Src/helper.c:153:27: warning: variable 'status' set but not used [-Wunused-but-set-variable]
  153 |         HAL_StatusTypeDef status = HAL_OK;
      |                           ^~~~~~
arm-none-eabi-gcc -o "MDP_STM32.elf" @"objects.list"   -mcpu=cortex-m4 -T"D:\3. CE Timetable and Curriculum\7. AY2023-2024 Sem 1 (Year 4)\1. SC2079 - Multidisciplinary Design Project\4. Project\SC2079_GROUP13\Hardware_STM\MDP_STM32\STM32F407VETX_FLASH.ld" --specs=nosys.specs -Wl,-Map="MDP_STM32.map" -Wl,--gc-sections -static -u _printf_float --specs=nano.specs -mfpu=fpv4-sp-d16 -mfloat-abi=hard -mthumb -Wl,--start-group -lc -lm -Wl,--end-group
Finished building target: MDP_STM32.elf
 
arm-none-eabi-size  MDP_STM32.elf 
arm-none-eabi-objdump -h -S MDP_STM32.elf  > "MDP_STM32.list"
   text	   data	    bss	    dec	    hex	filename
  41452	    468	   3508	  45428	   b174	MDP_STM32.elf
Finished building: default.size.stdout
 
Finished building: MDP_STM32.list
 
18:41:02 **** Incremental Build of configuration Debug for project MDP_STM32 ****
make -j8 all 
arm-none-eabi-size  MDP_STM32.elf 
   text	   data	    bss	    dec	    hex	filename
  41452	    468	   3508	  45428	   b174	MDP_STM32.elf
Finished building: default.size.stdout
 
18:44:56 **** Incremental Build of configuration Debug for project MDP_STM32 ****
make -j8 all 
arm-none-eabi-gcc "../Core/Src/motor.c" -mcpu=cortex-m4 -std=gnu11 -g3 -DDEBUG -DUSE_HAL_DRIVER -DSTM32F407xx -c -I../Core/Inc -I../Drivers/STM32F4xx_HAL_Driver/Inc -I../Drivers/STM32F4xx_HAL_Driver/Inc/Legacy -I../Drivers/CMSIS/Device/ST/STM32F4xx/Include -I../Drivers/CMSIS/Include -O0 -ffunction-sections -fdata-sections -Wall -fstack-usage -fcyclomatic-complexity -MMD -MP -MF"Core/Src/motor.d" -MT"Core/Src/motor.o" --specs=nano.specs -mfpu=fpv4-sp-d16 -mfloat-abi=hard -mthumb -o "Core/Src/motor.o"
../Core/Src/motor.c: In function 'forward':
../Core/Src/motor.c:124:31: warning: pointer targets in passing argument 3 of 'OLED_ShowString' differ in signedness [-Wpointer-sign]
  124 |         OLED_ShowString(0, 0, "encoder_cnt: ");
      |                               ^~~~~~~~~~~~~~~
      |                               |
      |                               char *
In file included from ../Core/Inc/motor.h:14,
                 from ../Core/Src/motor.c:10:
../Core/Inc/oled.h:44:59: note: expected 'const uint8_t *' {aka 'const unsigned char *'} but argument is of type 'char *'
   44 | void OLED_ShowString(uint8_t x, uint8_t y, const uint8_t *p);
      |                                            ~~~~~~~~~~~~~~~^
../Core/Src/motor.c: In function 'backward':
../Core/Src/motor.c:163:27: warning: pointer targets in passing argument 3 of 'OLED_ShowString' differ in signedness [-Wpointer-sign]
  163 |     OLED_ShowString(0, 0, "encoder_cnt: ");
      |                           ^~~~~~~~~~~~~~~
      |                           |
      |                           char *
../Core/Inc/oled.h:44:59: note: expected 'const uint8_t *' {aka 'const unsigned char *'} but argument is of type 'char *'
   44 | void OLED_ShowString(uint8_t x, uint8_t y, const uint8_t *p);
      |                                            ~~~~~~~~~~~~~~~^
../Core/Src/motor.c: In function 'forward_right':
../Core/Src/motor.c:185:13: warning: unused variable 'buf' [-Wunused-variable]
  185 |     uint8_t buf[100];
      |             ^~~
../Core/Src/motor.c: In function 'forward_left':
../Core/Src/motor.c:236:31: warning: pointer targets in passing argument 3 of 'OLED_ShowString' differ in signedness [-Wpointer-sign]
  236 |         OLED_ShowString(0, 0, "encoder_cnt: ");
      |                               ^~~~~~~~~~~~~~~
      |                               |
      |                               char *
../Core/Inc/oled.h:44:59: note: expected 'const uint8_t *' {aka 'const unsigned char *'} but argument is of type 'char *'
   44 | void OLED_ShowString(uint8_t x, uint8_t y, const uint8_t *p);
      |                                            ~~~~~~~~~~~~~~~^
../Core/Src/motor.c:222:17: warning: unused variable 'buf' [-Wunused-variable]
  222 |         uint8_t buf[100];
      |                 ^~~
arm-none-eabi-gcc -o "MDP_STM32.elf" @"objects.list"   -mcpu=cortex-m4 -T"D:\3. CE Timetable and Curriculum\7. AY2023-2024 Sem 1 (Year 4)\1. SC2079 - Multidisciplinary Design Project\4. Project\SC2079_GROUP13\Hardware_STM\MDP_STM32\STM32F407VETX_FLASH.ld" --specs=nosys.specs -Wl,-Map="MDP_STM32.map" -Wl,--gc-sections -static -u _printf_float --specs=nano.specs -mfpu=fpv4-sp-d16 -mfloat-abi=hard -mthumb -Wl,--start-group -lc -lm -Wl,--end-group
Finished building target: MDP_STM32.elf
 
arm-none-eabi-size  MDP_STM32.elf 
arm-none-eabi-objdump -h -S MDP_STM32.elf  > "MDP_STM32.list"
   text	   data	    bss	    dec	    hex	filename
  41172	    468	   3508	  45148	   b05c	MDP_STM32.elf
Finished building: default.size.stdout
 
Finished building: MDP_STM32.list
 
18:44:59 **** Incremental Build of configuration Debug for project MDP_STM32 ****
make -j8 all 
arm-none-eabi-size  MDP_STM32.elf 
   text	   data	    bss	    dec	    hex	filename
  41172	    468	   3508	  45148	   b05c	MDP_STM32.elf
Finished building: default.size.stdout
 
18:49:29 **** Incremental Build of configuration Debug for project MDP_STM32 ****
make -j8 all 
arm-none-eabi-gcc "../Core/Src/motor.c" -mcpu=cortex-m4 -std=gnu11 -g3 -DDEBUG -DUSE_HAL_DRIVER -DSTM32F407xx -c -I../Core/Inc -I../Drivers/STM32F4xx_HAL_Driver/Inc -I../Drivers/STM32F4xx_HAL_Driver/Inc/Legacy -I../Drivers/CMSIS/Device/ST/STM32F4xx/Include -I../Drivers/CMSIS/Include -O0 -ffunction-sections -fdata-sections -Wall -fstack-usage -fcyclomatic-complexity -MMD -MP -MF"Core/Src/motor.d" -MT"Core/Src/motor.o" --specs=nano.specs -mfpu=fpv4-sp-d16 -mfloat-abi=hard -mthumb -o "Core/Src/motor.o"
../Core/Src/motor.c: In function 'forward':
../Core/Src/motor.c:124:31: warning: pointer targets in passing argument 3 of 'OLED_ShowString' differ in signedness [-Wpointer-sign]
  124 |         OLED_ShowString(0, 0, "encoder_cnt: ");
      |                               ^~~~~~~~~~~~~~~
      |                               |
      |                               char *
In file included from ../Core/Inc/motor.h:14,
                 from ../Core/Src/motor.c:10:
../Core/Inc/oled.h:44:59: note: expected 'const uint8_t *' {aka 'const unsigned char *'} but argument is of type 'char *'
   44 | void OLED_ShowString(uint8_t x, uint8_t y, const uint8_t *p);
      |                                            ~~~~~~~~~~~~~~~^
../Core/Src/motor.c: In function 'backward':
../Core/Src/motor.c:162:27: warning: pointer targets in passing argument 3 of 'OLED_ShowString' differ in signedness [-Wpointer-sign]
  162 |     OLED_ShowString(0, 0, "encoder_cnt: ");
      |                           ^~~~~~~~~~~~~~~
      |                           |
      |                           char *
../Core/Inc/oled.h:44:59: note: expected 'const uint8_t *' {aka 'const unsigned char *'} but argument is of type 'char *'
   44 | void OLED_ShowString(uint8_t x, uint8_t y, const uint8_t *p);
      |                                            ~~~~~~~~~~~~~~~^
../Core/Src/motor.c: In function 'forward_right':
../Core/Src/motor.c:184:13: warning: unused variable 'buf' [-Wunused-variable]
  184 |     uint8_t buf[100];
      |             ^~~
../Core/Src/motor.c: In function 'forward_left':
../Core/Src/motor.c:235:31: warning: pointer targets in passing argument 3 of 'OLED_ShowString' differ in signedness [-Wpointer-sign]
  235 |         OLED_ShowString(0, 0, "encoder_cnt: ");
      |                               ^~~~~~~~~~~~~~~
      |                               |
      |                               char *
../Core/Inc/oled.h:44:59: note: expected 'const uint8_t *' {aka 'const unsigned char *'} but argument is of type 'char *'
   44 | void OLED_ShowString(uint8_t x, uint8_t y, const uint8_t *p);
      |                                            ~~~~~~~~~~~~~~~^
../Core/Src/motor.c:221:17: warning: unused variable 'buf' [-Wunused-variable]
  221 |         uint8_t buf[100];
      |                 ^~~
arm-none-eabi-gcc -o "MDP_STM32.elf" @"objects.list"   -mcpu=cortex-m4 -T"D:\3. CE Timetable and Curriculum\7. AY2023-2024 Sem 1 (Year 4)\1. SC2079 - Multidisciplinary Design Project\4. Project\SC2079_GROUP13\Hardware_STM\MDP_STM32\STM32F407VETX_FLASH.ld" --specs=nosys.specs -Wl,-Map="MDP_STM32.map" -Wl,--gc-sections -static -u _printf_float --specs=nano.specs -mfpu=fpv4-sp-d16 -mfloat-abi=hard -mthumb -Wl,--start-group -lc -lm -Wl,--end-group
Finished building target: MDP_STM32.elf
 
arm-none-eabi-size  MDP_STM32.elf 
arm-none-eabi-objdump -h -S MDP_STM32.elf  > "MDP_STM32.list"
   text	   data	    bss	    dec	    hex	filename
  41172	    468	   3508	  45148	   b05c	MDP_STM32.elf
Finished building: default.size.stdout
 
Finished building: MDP_STM32.list
 
18:49:31 **** Incremental Build of configuration Debug for project MDP_STM32 ****
make -j8 all 
arm-none-eabi-size  MDP_STM32.elf 
   text	   data	    bss	    dec	    hex	filename
  41172	    468	   3508	  45148	   b05c	MDP_STM32.elf
Finished building: default.size.stdout
 
18:49:57 **** Incremental Build of configuration Debug for project MDP_STM32 ****
make -j8 all 
arm-none-eabi-size  MDP_STM32.elf 
   text	   data	    bss	    dec	    hex	filename
  41172	    468	   3508	  45148	   b05c	MDP_STM32.elf
Finished building: default.size.stdout
 
19:08:46 **** Incremental Build of configuration Debug for project MDP_STM32 ****
make -j8 all 
arm-none-eabi-gcc "../Core/Src/main.c" -mcpu=cortex-m4 -std=gnu11 -g3 -DDEBUG -DUSE_HAL_DRIVER -DSTM32F407xx -c -I../Core/Inc -I../Drivers/STM32F4xx_HAL_Driver/Inc -I../Drivers/STM32F4xx_HAL_Driver/Inc/Legacy -I../Drivers/CMSIS/Device/ST/STM32F4xx/Include -I../Drivers/CMSIS/Include -O0 -ffunction-sections -fdata-sections -Wall -fstack-usage -fcyclomatic-complexity -MMD -MP -MF"Core/Src/main.d" -MT"Core/Src/main.o" --specs=nano.specs -mfpu=fpv4-sp-d16 -mfloat-abi=hard -mthumb -o "Core/Src/main.o"
arm-none-eabi-gcc "../Core/Src/motor.c" -mcpu=cortex-m4 -std=gnu11 -g3 -DDEBUG -DUSE_HAL_DRIVER -DSTM32F407xx -c -I../Core/Inc -I../Drivers/STM32F4xx_HAL_Driver/Inc -I../Drivers/STM32F4xx_HAL_Driver/Inc/Legacy -I../Drivers/CMSIS/Device/ST/STM32F4xx/Include -I../Drivers/CMSIS/Include -O0 -ffunction-sections -fdata-sections -Wall -fstack-usage -fcyclomatic-complexity -MMD -MP -MF"Core/Src/motor.d" -MT"Core/Src/motor.o" --specs=nano.specs -mfpu=fpv4-sp-d16 -mfloat-abi=hard -mthumb -o "Core/Src/motor.o"
../Core/Src/main.c: In function 'HAL_UART_RxCpltCallback':
../Core/Src/main.c:147:29: warning: implicit declaration of function 'malloc' [-Wimplicit-function-declaration]
  147 |   cmd_t* new_cmd = (cmd_t*) malloc(sizeof(cmd_t));
      |                             ^~~~~~
../Core/Src/main.c:29:1: note: include '<stdlib.h>' or provide a declaration of 'malloc'
   28 | #include "test.h"
  +++ |+#include <stdlib.h>
   29 | /* USER CODE END Includes */
../Core/Src/main.c:147:29: warning: incompatible implicit declaration of built-in function 'malloc' [-Wbuiltin-declaration-mismatch]
  147 |   cmd_t* new_cmd = (cmd_t*) malloc(sizeof(cmd_t));
      |                             ^~~~~~
../Core/Src/main.c:147:29: note: include '<stdlib.h>' or provide a declaration of 'malloc'
../Core/Src/main.c: In function 'main':
../Core/Src/main.c:216:25: warning: pointer targets in passing argument 3 of 'OLED_ShowString' differ in signedness [-Wpointer-sign]
  216 |   OLED_ShowString(0, 0, "Press USER btn");
      |                         ^~~~~~~~~~~~~~~~
      |                         |
      |                         char *
In file included from ../Core/Src/main.c:24:
../Core/Inc/oled.h:44:59: note: expected 'const uint8_t *' {aka 'const unsigned char *'} but argument is of type 'char *'
   44 | void OLED_ShowString(uint8_t x, uint8_t y, const uint8_t *p);
      |                                            ~~~~~~~~~~~~~~~^
../Core/Src/motor.c: In function 'forward':
../Core/Src/motor.c:111:22: warning: pointer targets in passing argument 3 of 'print_OLED' differ in signedness [-Wpointer-sign]
  111 |     print_OLED(0, 0, "target_pulse: %u", true, target_pulses);
      |                      ^~~~~~~~~~~~~~~~~~
      |                      |
      |                      char *
../Core/Src/main.c:217:26: warning: pointer targets in passing argument 3 of 'OLED_ShowString' differ in signedness [-Wpointer-sign]
  217 |   OLED_ShowString(0, 15, "to continue");
      |                          ^~~~~~~~~~~~~
      |                          |
      |                          char *
In file included from ../Core/Inc/servo.h:15,
                 from ../Core/Inc/motor.h:15,
                 from ../Core/Src/motor.c:10:
../Core/Inc/helper.h:133:40: note: expected 'uint8_t *' {aka 'unsigned char *'} but argument is of type 'char *'
  133 | void print_OLED(int x, int y, uint8_t* msg, bool var_exist, int32_t val);
      |                               ~~~~~~~~~^~~
../Core/Inc/oled.h:44:59: note: expected 'const uint8_t *' {aka 'const unsigned char *'} but argument is of type 'char *'
   44 | void OLED_ShowString(uint8_t x, uint8_t y, const uint8_t *p);
      |                                            ~~~~~~~~~~~~~~~^
../Core/Src/motor.c:119:23: warning: pointer targets in passing argument 3 of 'print_OLED' differ in signedness [-Wpointer-sign]
  119 |     print_OLED(0, 15, "encoder_cnt: ", false, 0);
      |                       ^~~~~~~~~~~~~~~
      |                       |
      |                       char *
../Core/Inc/helper.h:133:40: note: expected 'uint8_t *' {aka 'unsigned char *'} but argument is of type 'char *'
  133 | void print_OLED(int x, int y, uint8_t* msg, bool var_exist, int32_t val);
      |                               ~~~~~~~~~^~~
../Core/Src/motor.c:122:28: warning: pointer targets in passing argument 3 of 'print_OLED' differ in signedness [-Wpointer-sign]
  122 |         print_OLED(40, 15, "%u", true, encoder_cnt);
      |                            ^~~~
      |                            |
      |                            char *
../Core/Inc/helper.h:133:40: note: expected 'uint8_t *' {aka 'unsigned char *'} but argument is of type 'char *'
  133 | void print_OLED(int x, int y, uint8_t* msg, bool var_exist, int32_t val);
      |                               ~~~~~~~~~^~~
../Core/Src/motor.c: In function 'backward':
../Core/Src/motor.c:140:22: warning: pointer targets in passing argument 3 of 'print_OLED' differ in signedness [-Wpointer-sign]
  140 |     print_OLED(0, 0, "target_pulse: %u", true, target_pulses);
      |                      ^~~~~~~~~~~~~~~~~~
      |                      |
      |                      char *
../Core/Inc/helper.h:133:40: note: expected 'uint8_t *' {aka 'unsigned char *'} but argument is of type 'char *'
  133 | void print_OLED(int x, int y, uint8_t* msg, bool var_exist, int32_t val);
      |                               ~~~~~~~~~^~~
../Core/Src/motor.c:148:23: warning: pointer targets in passing argument 3 of 'print_OLED' differ in signedness [-Wpointer-sign]
  148 |     print_OLED(0, 15, "encoder_cnt: ", false, 0);
      |                       ^~~~~~~~~~~~~~~
      |                       |
      |                       char *
../Core/Inc/helper.h:133:40: note: expected 'uint8_t *' {aka 'unsigned char *'} but argument is of type 'char *'
  133 | void print_OLED(int x, int y, uint8_t* msg, bool var_exist, int32_t val);
      |                               ~~~~~~~~~^~~
../Core/Src/motor.c:153:28: warning: pointer targets in passing argument 3 of 'print_OLED' differ in signedness [-Wpointer-sign]
  153 |         print_OLED(40, 15, "%u", true, encoder_cnt);
      |                            ^~~~
      |                            |
      |                            char *
../Core/Inc/helper.h:133:40: note: expected 'uint8_t *' {aka 'unsigned char *'} but argument is of type 'char *'
  133 | void print_OLED(int x, int y, uint8_t* msg, bool var_exist, int32_t val);
      |                               ~~~~~~~~~^~~
../Core/Src/motor.c: In function 'forward_right':
../Core/Src/motor.c:168:13: warning: unused variable 'buf' [-Wunused-variable]
  168 |     uint8_t buf[100];
      |             ^~~
../Core/Src/motor.c: In function 'forward_left':
../Core/Src/motor.c:220:31: warning: pointer targets in passing argument 3 of 'OLED_ShowString' differ in signedness [-Wpointer-sign]
  220 |         OLED_ShowString(0, 0, "encoder_cnt: ");
      |                               ^~~~~~~~~~~~~~~
      |                               |
      |                               char *
In file included from ../Core/Inc/motor.h:14:
../Core/Inc/oled.h:44:59: note: expected 'const uint8_t *' {aka 'const unsigned char *'} but argument is of type 'char *'
   44 | void OLED_ShowString(uint8_t x, uint8_t y, const uint8_t *p);
      |                                            ~~~~~~~~~~~~~~~^
../Core/Src/motor.c:206:17: warning: unused variable 'buf' [-Wunused-variable]
  206 |         uint8_t buf[100];
      |                 ^~~
arm-none-eabi-gcc -o "MDP_STM32.elf" @"objects.list"   -mcpu=cortex-m4 -T"D:\3. CE Timetable and Curriculum\7. AY2023-2024 Sem 1 (Year 4)\1. SC2079 - Multidisciplinary Design Project\4. Project\SC2079_GROUP13\Hardware_STM\MDP_STM32\STM32F407VETX_FLASH.ld" --specs=nosys.specs -Wl,-Map="MDP_STM32.map" -Wl,--gc-sections -static -u _printf_float --specs=nano.specs -mfpu=fpv4-sp-d16 -mfloat-abi=hard -mthumb -Wl,--start-group -lc -lm -Wl,--end-group
Finished building target: MDP_STM32.elf
 
arm-none-eabi-size  MDP_STM32.elf 
arm-none-eabi-objdump -h -S MDP_STM32.elf  > "MDP_STM32.list"
   text	   data	    bss	    dec	    hex	filename
  41276	    468	   3508	  45252	   b0c4	MDP_STM32.elf
Finished building: default.size.stdout
 
Finished building: MDP_STM32.list
 
19:08:49 **** Incremental Build of configuration Debug for project MDP_STM32 ****
make -j8 all 
arm-none-eabi-size  MDP_STM32.elf 
   text	   data	    bss	    dec	    hex	filename
  41276	    468	   3508	  45252	   b0c4	MDP_STM32.elf
Finished building: default.size.stdout
 
19:16:45 **** Incremental Build of configuration Debug for project MDP_STM32 ****
make -j8 all 
arm-none-eabi-gcc "../Core/Src/main.c" -mcpu=cortex-m4 -std=gnu11 -g3 -DDEBUG -DUSE_HAL_DRIVER -DSTM32F407xx -c -I../Core/Inc -I../Drivers/STM32F4xx_HAL_Driver/Inc -I../Drivers/STM32F4xx_HAL_Driver/Inc/Legacy -I../Drivers/CMSIS/Device/ST/STM32F4xx/Include -I../Drivers/CMSIS/Include -O0 -ffunction-sections -fdata-sections -Wall -fstack-usage -fcyclomatic-complexity -MMD -MP -MF"Core/Src/main.d" -MT"Core/Src/main.o" --specs=nano.specs -mfpu=fpv4-sp-d16 -mfloat-abi=hard -mthumb -o "Core/Src/main.o"
../Core/Src/main.c: In function 'HAL_UART_RxCpltCallback':
../Core/Src/main.c:147:29: warning: implicit declaration of function 'malloc' [-Wimplicit-function-declaration]
  147 |   cmd_t* new_cmd = (cmd_t*) malloc(sizeof(cmd_t));
      |                             ^~~~~~
../Core/Src/main.c:29:1: note: include '<stdlib.h>' or provide a declaration of 'malloc'
   28 | #include "test.h"
  +++ |+#include <stdlib.h>
   29 | /* USER CODE END Includes */
../Core/Src/main.c:147:29: warning: incompatible implicit declaration of built-in function 'malloc' [-Wbuiltin-declaration-mismatch]
  147 |   cmd_t* new_cmd = (cmd_t*) malloc(sizeof(cmd_t));
      |                             ^~~~~~
../Core/Src/main.c:147:29: note: include '<stdlib.h>' or provide a declaration of 'malloc'
../Core/Src/main.c: In function 'main':
../Core/Src/main.c:216:25: warning: pointer targets in passing argument 3 of 'OLED_ShowString' differ in signedness [-Wpointer-sign]
  216 |   OLED_ShowString(0, 0, "Press USER btn");
      |                         ^~~~~~~~~~~~~~~~
      |                         |
      |                         char *
In file included from ../Core/Src/main.c:24:
../Core/Inc/oled.h:44:59: note: expected 'const uint8_t *' {aka 'const unsigned char *'} but argument is of type 'char *'
   44 | void OLED_ShowString(uint8_t x, uint8_t y, const uint8_t *p);
      |                                            ~~~~~~~~~~~~~~~^
../Core/Src/main.c:217:26: warning: pointer targets in passing argument 3 of 'OLED_ShowString' differ in signedness [-Wpointer-sign]
  217 |   OLED_ShowString(0, 15, "to continue");
      |                          ^~~~~~~~~~~~~
      |                          |
      |                          char *
../Core/Inc/oled.h:44:59: note: expected 'const uint8_t *' {aka 'const unsigned char *'} but argument is of type 'char *'
   44 | void OLED_ShowString(uint8_t x, uint8_t y, const uint8_t *p);
      |                                            ~~~~~~~~~~~~~~~^
arm-none-eabi-gcc -o "MDP_STM32.elf" @"objects.list"   -mcpu=cortex-m4 -T"D:\3. CE Timetable and Curriculum\7. AY2023-2024 Sem 1 (Year 4)\1. SC2079 - Multidisciplinary Design Project\4. Project\SC2079_GROUP13\Hardware_STM\MDP_STM32\STM32F407VETX_FLASH.ld" --specs=nosys.specs -Wl,-Map="MDP_STM32.map" -Wl,--gc-sections -static -u _printf_float --specs=nano.specs -mfpu=fpv4-sp-d16 -mfloat-abi=hard -mthumb -Wl,--start-group -lc -lm -Wl,--end-group
Finished building target: MDP_STM32.elf
 
arm-none-eabi-size  MDP_STM32.elf 
arm-none-eabi-objdump -h -S MDP_STM32.elf  > "MDP_STM32.list"
   text	   data	    bss	    dec	    hex	filename
  38132	    468	   3508	  42108	   a47c	MDP_STM32.elf
Finished building: default.size.stdout
 
Finished building: MDP_STM32.list
 
19:16:48 **** Incremental Build of configuration Debug for project MDP_STM32 ****
make -j8 all 
arm-none-eabi-size  MDP_STM32.elf 
   text	   data	    bss	    dec	    hex	filename
  38132	    468	   3508	  42108	   a47c	MDP_STM32.elf
Finished building: default.size.stdout
 
19:18:42 **** Incremental Build of configuration Debug for project MDP_STM32 ****
make -j8 all 
arm-none-eabi-gcc "../Core/Src/main.c" -mcpu=cortex-m4 -std=gnu11 -g3 -DDEBUG -DUSE_HAL_DRIVER -DSTM32F407xx -c -I../Core/Inc -I../Drivers/STM32F4xx_HAL_Driver/Inc -I../Drivers/STM32F4xx_HAL_Driver/Inc/Legacy -I../Drivers/CMSIS/Device/ST/STM32F4xx/Include -I../Drivers/CMSIS/Include -O0 -ffunction-sections -fdata-sections -Wall -fstack-usage -fcyclomatic-complexity -MMD -MP -MF"Core/Src/main.d" -MT"Core/Src/main.o" --specs=nano.specs -mfpu=fpv4-sp-d16 -mfloat-abi=hard -mthumb -o "Core/Src/main.o"
arm-none-eabi-gcc "../Core/Src/motor.c" -mcpu=cortex-m4 -std=gnu11 -g3 -DDEBUG -DUSE_HAL_DRIVER -DSTM32F407xx -c -I../Core/Inc -I../Drivers/STM32F4xx_HAL_Driver/Inc -I../Drivers/STM32F4xx_HAL_Driver/Inc/Legacy -I../Drivers/CMSIS/Device/ST/STM32F4xx/Include -I../Drivers/CMSIS/Include -O0 -ffunction-sections -fdata-sections -Wall -fstack-usage -fcyclomatic-complexity -MMD -MP -MF"Core/Src/motor.d" -MT"Core/Src/motor.o" --specs=nano.specs -mfpu=fpv4-sp-d16 -mfloat-abi=hard -mthumb -o "Core/Src/motor.o"
../Core/Src/main.c: In function 'HAL_UART_RxCpltCallback':
../Core/Src/main.c:147:29: warning: implicit declaration of function 'malloc' [-Wimplicit-function-declaration]
  147 |   cmd_t* new_cmd = (cmd_t*) malloc(sizeof(cmd_t));
      |                             ^~~~~~
../Core/Src/main.c:29:1: note: include '<stdlib.h>' or provide a declaration of 'malloc'
   28 | #include "test.h"
  +++ |+#include <stdlib.h>
   29 | /* USER CODE END Includes */
../Core/Src/main.c:147:29: warning: incompatible implicit declaration of built-in function 'malloc' [-Wbuiltin-declaration-mismatch]
  147 |   cmd_t* new_cmd = (cmd_t*) malloc(sizeof(cmd_t));
      |                             ^~~~~~
../Core/Src/main.c:147:29: note: include '<stdlib.h>' or provide a declaration of 'malloc'
../Core/Src/main.c: In function 'main':
../Core/Src/main.c:216:25: warning: pointer targets in passing argument 3 of 'OLED_ShowString' differ in signedness [-Wpointer-sign]
  216 |   OLED_ShowString(0, 0, "Press USER btn");
      |                         ^~~~~~~~~~~~~~~~
      |                         |
      |                         char *
In file included from ../Core/Src/main.c:24:
../Core/Inc/oled.h:44:59: note: expected 'const uint8_t *' {aka 'const unsigned char *'} but argument is of type 'char *'
   44 | void OLED_ShowString(uint8_t x, uint8_t y, const uint8_t *p);
      |                                            ~~~~~~~~~~~~~~~^
../Core/Src/main.c:217:26: warning: pointer targets in passing argument 3 of 'OLED_ShowString' differ in signedness [-Wpointer-sign]
  217 |   OLED_ShowString(0, 15, "to continue");
      |                          ^~~~~~~~~~~~~
      |                          |
      |                          char *
../Core/Inc/oled.h:44:59: note: expected 'const uint8_t *' {aka 'const unsigned char *'} but argument is of type 'char *'
   44 | void OLED_ShowString(uint8_t x, uint8_t y, const uint8_t *p);
      |                                            ~~~~~~~~~~~~~~~^
../Core/Src/motor.c: In function 'forward':
../Core/Src/motor.c:111:22: warning: pointer targets in passing argument 3 of 'print_OLED' differ in signedness [-Wpointer-sign]
  111 |     print_OLED(0, 0, "target_pulse: %u", true, target_pulses);
      |                      ^~~~~~~~~~~~~~~~~~
      |                      |
      |                      char *
In file included from ../Core/Inc/servo.h:15,
                 from ../Core/Inc/motor.h:15,
                 from ../Core/Src/motor.c:10:
../Core/Inc/helper.h:133:40: note: expected 'uint8_t *' {aka 'unsigned char *'} but argument is of type 'char *'
  133 | void print_OLED(int x, int y, uint8_t* msg, bool var_exist, int32_t val);
      |                               ~~~~~~~~~^~~
../Core/Src/motor.c:119:23: warning: pointer targets in passing argument 3 of 'print_OLED' differ in signedness [-Wpointer-sign]
  119 |     print_OLED(0, 15, "encoder_cnt: ", false, 0);
      |                       ^~~~~~~~~~~~~~~
      |                       |
      |                       char *
../Core/Inc/helper.h:133:40: note: expected 'uint8_t *' {aka 'unsigned char *'} but argument is of type 'char *'
  133 | void print_OLED(int x, int y, uint8_t* msg, bool var_exist, int32_t val);
      |                               ~~~~~~~~~^~~
../Core/Src/motor.c:122:28: warning: pointer targets in passing argument 3 of 'print_OLED' differ in signedness [-Wpointer-sign]
  122 |         print_OLED(40, 15, "%u", true, encoder_cnt);
      |                            ^~~~
      |                            |
      |                            char *
../Core/Inc/helper.h:133:40: note: expected 'uint8_t *' {aka 'unsigned char *'} but argument is of type 'char *'
  133 | void print_OLED(int x, int y, uint8_t* msg, bool var_exist, int32_t val);
      |                               ~~~~~~~~~^~~
../Core/Src/motor.c: In function 'backward':
../Core/Src/motor.c:140:22: warning: pointer targets in passing argument 3 of 'print_OLED' differ in signedness [-Wpointer-sign]
  140 |     print_OLED(0, 0, "target_pulse: %u", true, target_pulses);
      |                      ^~~~~~~~~~~~~~~~~~
      |                      |
      |                      char *
../Core/Inc/helper.h:133:40: note: expected 'uint8_t *' {aka 'unsigned char *'} but argument is of type 'char *'
  133 | void print_OLED(int x, int y, uint8_t* msg, bool var_exist, int32_t val);
      |                               ~~~~~~~~~^~~
../Core/Src/motor.c:148:23: warning: pointer targets in passing argument 3 of 'print_OLED' differ in signedness [-Wpointer-sign]
  148 |     print_OLED(0, 15, "encoder_cnt: ", false, 0);
      |                       ^~~~~~~~~~~~~~~
      |                       |
      |                       char *
../Core/Inc/helper.h:133:40: note: expected 'uint8_t *' {aka 'unsigned char *'} but argument is of type 'char *'
  133 | void print_OLED(int x, int y, uint8_t* msg, bool var_exist, int32_t val);
      |                               ~~~~~~~~~^~~
../Core/Src/motor.c:153:28: warning: pointer targets in passing argument 3 of 'print_OLED' differ in signedness [-Wpointer-sign]
  153 |         print_OLED(40, 15, "%u", true, encoder_cnt);
      |                            ^~~~
      |                            |
      |                            char *
../Core/Inc/helper.h:133:40: note: expected 'uint8_t *' {aka 'unsigned char *'} but argument is of type 'char *'
  133 | void print_OLED(int x, int y, uint8_t* msg, bool var_exist, int32_t val);
      |                               ~~~~~~~~~^~~
../Core/Src/motor.c: In function 'forward_left':
../Core/Src/motor.c:205:17: warning: unused variable 'buf' [-Wunused-variable]
  205 |         uint8_t buf[100];
      |                 ^~~
arm-none-eabi-gcc -o "MDP_STM32.elf" @"objects.list"   -mcpu=cortex-m4 -T"D:\3. CE Timetable and Curriculum\7. AY2023-2024 Sem 1 (Year 4)\1. SC2079 - Multidisciplinary Design Project\4. Project\SC2079_GROUP13\Hardware_STM\MDP_STM32\STM32F407VETX_FLASH.ld" --specs=nosys.specs -Wl,-Map="MDP_STM32.map" -Wl,--gc-sections -static -u _printf_float --specs=nano.specs -mfpu=fpv4-sp-d16 -mfloat-abi=hard -mthumb -Wl,--start-group -lc -lm -Wl,--end-group
Finished building target: MDP_STM32.elf
 
arm-none-eabi-size  MDP_STM32.elf 
arm-none-eabi-objdump -h -S MDP_STM32.elf  > "MDP_STM32.list"
   text	   data	    bss	    dec	    hex	filename
  38132	    468	   3508	  42108	   a47c	MDP_STM32.elf
Finished building: default.size.stdout
 
Finished building: MDP_STM32.list
 
19:18:44 **** Incremental Build of configuration Debug for project MDP_STM32 ****
make -j8 all 
arm-none-eabi-size  MDP_STM32.elf 
   text	   data	    bss	    dec	    hex	filename
  38132	    468	   3508	  42108	   a47c	MDP_STM32.elf
Finished building: default.size.stdout
 
19:25:11 **** Incremental Build of configuration Debug for project MDP_STM32 ****
make -j8 all 
arm-none-eabi-gcc "../Core/Src/main.c" -mcpu=cortex-m4 -std=gnu11 -g3 -DDEBUG -DUSE_HAL_DRIVER -DSTM32F407xx -c -I../Core/Inc -I../Drivers/STM32F4xx_HAL_Driver/Inc -I../Drivers/STM32F4xx_HAL_Driver/Inc/Legacy -I../Drivers/CMSIS/Device/ST/STM32F4xx/Include -I../Drivers/CMSIS/Include -O0 -ffunction-sections -fdata-sections -Wall -fstack-usage -fcyclomatic-complexity -MMD -MP -MF"Core/Src/main.d" -MT"Core/Src/main.o" --specs=nano.specs -mfpu=fpv4-sp-d16 -mfloat-abi=hard -mthumb -o "Core/Src/main.o"
arm-none-eabi-gcc "../Core/Src/motor.c" -mcpu=cortex-m4 -std=gnu11 -g3 -DDEBUG -DUSE_HAL_DRIVER -DSTM32F407xx -c -I../Core/Inc -I../Drivers/STM32F4xx_HAL_Driver/Inc -I../Drivers/STM32F4xx_HAL_Driver/Inc/Legacy -I../Drivers/CMSIS/Device/ST/STM32F4xx/Include -I../Drivers/CMSIS/Include -O0 -ffunction-sections -fdata-sections -Wall -fstack-usage -fcyclomatic-complexity -MMD -MP -MF"Core/Src/motor.d" -MT"Core/Src/motor.o" --specs=nano.specs -mfpu=fpv4-sp-d16 -mfloat-abi=hard -mthumb -o "Core/Src/motor.o"
../Core/Src/motor.c: In function 'forward':
../Core/Src/motor.c:111:22: warning: pointer targets in passing argument 3 of 'print_OLED' differ in signedness [-Wpointer-sign]
  111 |     print_OLED(0, 0, "target_pulse: %u", true, target_pulses);
      |                      ^~~~~~~~~~~~~~~~~~
      |                      |
      |                      char *
In file included from ../Core/Inc/servo.h:15,
                 from ../Core/Inc/motor.h:15,
                 from ../Core/Src/motor.c:10:
../Core/Inc/helper.h:133:40: note: expected 'uint8_t *' {aka 'unsigned char *'} but argument is of type 'char *'
  133 | void print_OLED(int x, int y, uint8_t* msg, bool var_exist, int32_t val);
      |                               ~~~~~~~~~^~~
../Core/Src/motor.c:119:23: warning: pointer targets in passing argument 3 of 'print_OLED' differ in signedness [-Wpointer-sign]
  119 |     print_OLED(0, 15, "encoder_cnt: ", false, 0);
      |                       ^~~~~~~~~~~~~~~
      |                       |
      |                       char *
../Core/Inc/helper.h:133:40: note: expected 'uint8_t *' {aka 'unsigned char *'} but argument is of type 'char *'
  133 | void print_OLED(int x, int y, uint8_t* msg, bool var_exist, int32_t val);
      |                               ~~~~~~~~~^~~
../Core/Src/motor.c:122:28: warning: pointer targets in passing argument 3 of 'print_OLED' differ in signedness [-Wpointer-sign]
  122 |         print_OLED(40, 15, "%u", true, encoder_cnt);
      |                            ^~~~
      |                            |
      |                            char *
../Core/Src/main.c: In function 'HAL_UART_RxCpltCallback':
../Core/Inc/helper.h:133:40: note: expected 'uint8_t *' {aka 'unsigned char *'} but argument is of type 'char *'
  133 | void print_OLED(int x, int y, uint8_t* msg, bool var_exist, int32_t val);
      |                               ~~~~~~~~~^~~
../Core/Src/main.c:147:29: warning: implicit declaration of function 'malloc' [-Wimplicit-function-declaration]
  147 |   cmd_t* new_cmd = (cmd_t*) malloc(sizeof(cmd_t));
      |                             ^~~~~~
../Core/Src/motor.c: In function 'backward':
../Core/Src/main.c:29:1: note: include '<stdlib.h>' or provide a declaration of 'malloc'
   28 | #include "test.h"
  +++ |+#include <stdlib.h>
   29 | /* USER CODE END Includes */
../Core/Src/main.c:147:29: warning: incompatible implicit declaration of built-in function 'malloc' [-Wbuiltin-declaration-mismatch]
  147 |   cmd_t* new_cmd = (cmd_t*) malloc(sizeof(cmd_t));
      |                             ^~~~~~
../Core/Src/main.c:147:29: note: include '<stdlib.h>' or provide a declaration of 'malloc'
../Core/Src/motor.c:140:22: warning: pointer targets in passing argument 3 of 'print_OLED' differ in signedness [-Wpointer-sign]
  140 |     print_OLED(0, 0, "target_pulse: %u", true, target_pulses);
      |                      ^~~~~~~~~~~~~~~~~~
      |                      |
      |                      char *
../Core/Inc/helper.h:133:40: note: expected 'uint8_t *' {aka 'unsigned char *'} but argument is of type 'char *'
  133 | void print_OLED(int x, int y, uint8_t* msg, bool var_exist, int32_t val);
      |                               ~~~~~~~~~^~~
../Core/Src/main.c: In function 'main':
../Core/Src/main.c:216:25: warning: pointer targets in passing argument 3 of 'OLED_ShowString' differ in signedness [-Wpointer-sign]
  216 |   OLED_ShowString(0, 0, "Press USER btn");
      |                         ^~~~~~~~~~~~~~~~
      |                         |
      |                         char *
../Core/Src/motor.c:148:23: warning: pointer targets in passing argument 3 of 'print_OLED' differ in signedness [-Wpointer-sign]
  148 |     print_OLED(0, 15, "encoder_cnt: ", false, 0);
      |                       ^~~~~~~~~~~~~~~
      |                       |
      |                       char *
In file included from ../Core/Src/main.c:24:
../Core/Inc/oled.h:44:59: note: expected 'const uint8_t *' {aka 'const unsigned char *'} but argument is of type 'char *'
   44 | void OLED_ShowString(uint8_t x, uint8_t y, const uint8_t *p);
      |                                            ~~~~~~~~~~~~~~~^
../Core/Inc/helper.h:133:40: note: expected 'uint8_t *' {aka 'unsigned char *'} but argument is of type 'char *'
  133 | void print_OLED(int x, int y, uint8_t* msg, bool var_exist, int32_t val);
      |                               ~~~~~~~~~^~~
../Core/Src/main.c:217:26: warning: pointer targets in passing argument 3 of 'OLED_ShowString' differ in signedness [-Wpointer-sign]
  217 |   OLED_ShowString(0, 15, "to continue");
      |                          ^~~~~~~~~~~~~
      |                          |
      |                          char *
../Core/Inc/oled.h:44:59: note: expected 'const uint8_t *' {aka 'const unsigned char *'} but argument is of type 'char *'
   44 | void OLED_ShowString(uint8_t x, uint8_t y, const uint8_t *p);
      |                                            ~~~~~~~~~~~~~~~^
../Core/Src/motor.c:153:28: warning: pointer targets in passing argument 3 of 'print_OLED' differ in signedness [-Wpointer-sign]
  153 |         print_OLED(40, 15, "%u", true, encoder_cnt);
      |                            ^~~~
      |                            |
      |                            char *
../Core/Inc/helper.h:133:40: note: expected 'uint8_t *' {aka 'unsigned char *'} but argument is of type 'char *'
  133 | void print_OLED(int x, int y, uint8_t* msg, bool var_exist, int32_t val);
      |                               ~~~~~~~~~^~~
../Core/Src/motor.c: In function 'forward_right':
../Core/Src/motor.c:172:22: warning: pointer targets in passing argument 3 of 'print_OLED' differ in signedness [-Wpointer-sign]
  172 |     print_OLED(0, 0, "arc_length: %f", true, arc_length);
      |                      ^~~~~~~~~~~~~~~~
      |                      |
      |                      char *
../Core/Inc/helper.h:133:40: note: expected 'uint8_t *' {aka 'unsigned char *'} but argument is of type 'char *'
  133 | void print_OLED(int x, int y, uint8_t* msg, bool var_exist, int32_t val);
      |                               ~~~~~~~~~^~~
../Core/Src/motor.c:180:23: warning: pointer targets in passing argument 3 of 'print_OLED' differ in signedness [-Wpointer-sign]
  180 |     print_OLED(0, 15, "encoder_cnt: ", false, 0);
      |                       ^~~~~~~~~~~~~~~
      |                       |
      |                       char *
../Core/Inc/helper.h:133:40: note: expected 'uint8_t *' {aka 'unsigned char *'} but argument is of type 'char *'
  133 | void print_OLED(int x, int y, uint8_t* msg, bool var_exist, int32_t val);
      |                               ~~~~~~~~~^~~
../Core/Src/motor.c:185:28: warning: pointer targets in passing argument 3 of 'print_OLED' differ in signedness [-Wpointer-sign]
  185 |         print_OLED(40, 15, "%u", true, encoder_cnt);
      |                            ^~~~
      |                            |
      |                            char *
../Core/Inc/helper.h:133:40: note: expected 'uint8_t *' {aka 'unsigned char *'} but argument is of type 'char *'
  133 | void print_OLED(int x, int y, uint8_t* msg, bool var_exist, int32_t val);
      |                               ~~~~~~~~~^~~
../Core/Src/motor.c: In function 'forward_left':
../Core/Src/motor.c:200:17: warning: unused variable 'buf' [-Wunused-variable]
  200 |         uint8_t buf[100];
      |                 ^~~
arm-none-eabi-gcc -o "MDP_STM32.elf" @"objects.list"   -mcpu=cortex-m4 -T"D:\3. CE Timetable and Curriculum\7. AY2023-2024 Sem 1 (Year 4)\1. SC2079 - Multidisciplinary Design Project\4. Project\SC2079_GROUP13\Hardware_STM\MDP_STM32\STM32F407VETX_FLASH.ld" --specs=nosys.specs -Wl,-Map="MDP_STM32.map" -Wl,--gc-sections -static -u _printf_float --specs=nano.specs -mfpu=fpv4-sp-d16 -mfloat-abi=hard -mthumb -Wl,--start-group -lc -lm -Wl,--end-group
Finished building target: MDP_STM32.elf
 
arm-none-eabi-size  MDP_STM32.elf 
arm-none-eabi-objdump -h -S MDP_STM32.elf  > "MDP_STM32.list"
   text	   data	    bss	    dec	    hex	filename
  39308	    468	   3508	  43284	   a914	MDP_STM32.elf
Finished building: default.size.stdout
 
Finished building: MDP_STM32.list
 
19:25:13 **** Incremental Build of configuration Debug for project MDP_STM32 ****
make -j8 all 
arm-none-eabi-size  MDP_STM32.elf 
   text	   data	    bss	    dec	    hex	filename
  39308	    468	   3508	  43284	   a914	MDP_STM32.elf
Finished building: default.size.stdout
 
19:26:20 **** Incremental Build of configuration Debug for project MDP_STM32 ****
make -j8 all 
arm-none-eabi-gcc "../Core/Src/motor.c" -mcpu=cortex-m4 -std=gnu11 -g3 -DDEBUG -DUSE_HAL_DRIVER -DSTM32F407xx -c -I../Core/Inc -I../Drivers/STM32F4xx_HAL_Driver/Inc -I../Drivers/STM32F4xx_HAL_Driver/Inc/Legacy -I../Drivers/CMSIS/Device/ST/STM32F4xx/Include -I../Drivers/CMSIS/Include -O0 -ffunction-sections -fdata-sections -Wall -fstack-usage -fcyclomatic-complexity -MMD -MP -MF"Core/Src/motor.d" -MT"Core/Src/motor.o" --specs=nano.specs -mfpu=fpv4-sp-d16 -mfloat-abi=hard -mthumb -o "Core/Src/motor.o"
../Core/Src/motor.c: In function 'forward':
../Core/Src/motor.c:111:22: warning: pointer targets in passing argument 3 of 'print_OLED' differ in signedness [-Wpointer-sign]
  111 |     print_OLED(0, 0, "target_pulse: %u", true, target_pulses);
      |                      ^~~~~~~~~~~~~~~~~~
      |                      |
      |                      char *
In file included from ../Core/Inc/servo.h:15,
                 from ../Core/Inc/motor.h:15,
                 from ../Core/Src/motor.c:10:
../Core/Inc/helper.h:133:40: note: expected 'uint8_t *' {aka 'unsigned char *'} but argument is of type 'char *'
  133 | void print_OLED(int x, int y, uint8_t* msg, bool var_exist, int32_t val);
      |                               ~~~~~~~~~^~~
../Core/Src/motor.c:119:23: warning: pointer targets in passing argument 3 of 'print_OLED' differ in signedness [-Wpointer-sign]
  119 |     print_OLED(0, 15, "encoder_cnt: ", false, 0);
      |                       ^~~~~~~~~~~~~~~
      |                       |
      |                       char *
../Core/Inc/helper.h:133:40: note: expected 'uint8_t *' {aka 'unsigned char *'} but argument is of type 'char *'
  133 | void print_OLED(int x, int y, uint8_t* msg, bool var_exist, int32_t val);
      |                               ~~~~~~~~~^~~
../Core/Src/motor.c:122:28: warning: pointer targets in passing argument 3 of 'print_OLED' differ in signedness [-Wpointer-sign]
  122 |         print_OLED(40, 15, "%u", true, encoder_cnt);
      |                            ^~~~
      |                            |
      |                            char *
../Core/Inc/helper.h:133:40: note: expected 'uint8_t *' {aka 'unsigned char *'} but argument is of type 'char *'
  133 | void print_OLED(int x, int y, uint8_t* msg, bool var_exist, int32_t val);
      |                               ~~~~~~~~~^~~
../Core/Src/motor.c: In function 'backward':
../Core/Src/motor.c:140:22: warning: pointer targets in passing argument 3 of 'print_OLED' differ in signedness [-Wpointer-sign]
  140 |     print_OLED(0, 0, "target_pulse: %u", true, target_pulses);
      |                      ^~~~~~~~~~~~~~~~~~
      |                      |
      |                      char *
../Core/Inc/helper.h:133:40: note: expected 'uint8_t *' {aka 'unsigned char *'} but argument is of type 'char *'
  133 | void print_OLED(int x, int y, uint8_t* msg, bool var_exist, int32_t val);
      |                               ~~~~~~~~~^~~
../Core/Src/motor.c:148:23: warning: pointer targets in passing argument 3 of 'print_OLED' differ in signedness [-Wpointer-sign]
  148 |     print_OLED(0, 15, "encoder_cnt: ", false, 0);
      |                       ^~~~~~~~~~~~~~~
      |                       |
      |                       char *
../Core/Inc/helper.h:133:40: note: expected 'uint8_t *' {aka 'unsigned char *'} but argument is of type 'char *'
  133 | void print_OLED(int x, int y, uint8_t* msg, bool var_exist, int32_t val);
      |                               ~~~~~~~~~^~~
../Core/Src/motor.c:153:28: warning: pointer targets in passing argument 3 of 'print_OLED' differ in signedness [-Wpointer-sign]
  153 |         print_OLED(40, 15, "%u", true, encoder_cnt);
      |                            ^~~~
      |                            |
      |                            char *
../Core/Inc/helper.h:133:40: note: expected 'uint8_t *' {aka 'unsigned char *'} but argument is of type 'char *'
  133 | void print_OLED(int x, int y, uint8_t* msg, bool var_exist, int32_t val);
      |                               ~~~~~~~~~^~~
../Core/Src/motor.c: In function 'forward_right':
../Core/Src/motor.c:172:22: warning: pointer targets in passing argument 3 of 'print_OLED' differ in signedness [-Wpointer-sign]
  172 |     print_OLED(0, 0, "arc_length: %u", true, (uint32_t) arc_length);
      |                      ^~~~~~~~~~~~~~~~
      |                      |
      |                      char *
../Core/Inc/helper.h:133:40: note: expected 'uint8_t *' {aka 'unsigned char *'} but argument is of type 'char *'
  133 | void print_OLED(int x, int y, uint8_t* msg, bool var_exist, int32_t val);
      |                               ~~~~~~~~~^~~
../Core/Src/motor.c:180:23: warning: pointer targets in passing argument 3 of 'print_OLED' differ in signedness [-Wpointer-sign]
  180 |     print_OLED(0, 15, "encoder_cnt: ", false, 0);
      |                       ^~~~~~~~~~~~~~~
      |                       |
      |                       char *
../Core/Inc/helper.h:133:40: note: expected 'uint8_t *' {aka 'unsigned char *'} but argument is of type 'char *'
  133 | void print_OLED(int x, int y, uint8_t* msg, bool var_exist, int32_t val);
      |                               ~~~~~~~~~^~~
../Core/Src/motor.c:185:27: warning: pointer targets in passing argument 3 of 'print_OLED' differ in signedness [-Wpointer-sign]
  185 |         print_OLED(0, 30, "%u", true, encoder_cnt);
      |                           ^~~~
      |                           |
      |                           char *
../Core/Inc/helper.h:133:40: note: expected 'uint8_t *' {aka 'unsigned char *'} but argument is of type 'char *'
  133 | void print_OLED(int x, int y, uint8_t* msg, bool var_exist, int32_t val);
      |                               ~~~~~~~~~^~~
../Core/Src/motor.c: In function 'forward_left':
../Core/Src/motor.c:200:17: warning: unused variable 'buf' [-Wunused-variable]
  200 |         uint8_t buf[100];
      |                 ^~~
arm-none-eabi-gcc -o "MDP_STM32.elf" @"objects.list"   -mcpu=cortex-m4 -T"D:\3. CE Timetable and Curriculum\7. AY2023-2024 Sem 1 (Year 4)\1. SC2079 - Multidisciplinary Design Project\4. Project\SC2079_GROUP13\Hardware_STM\MDP_STM32\STM32F407VETX_FLASH.ld" --specs=nosys.specs -Wl,-Map="MDP_STM32.map" -Wl,--gc-sections -static -u _printf_float --specs=nano.specs -mfpu=fpv4-sp-d16 -mfloat-abi=hard -mthumb -Wl,--start-group -lc -lm -Wl,--end-group
Finished building target: MDP_STM32.elf
 
arm-none-eabi-size  MDP_STM32.elf 
arm-none-eabi-objdump -h -S MDP_STM32.elf  > "MDP_STM32.list"
   text	   data	    bss	    dec	    hex	filename
  39308	    468	   3508	  43284	   a914	MDP_STM32.elf
Finished building: default.size.stdout
 
Finished building: MDP_STM32.list
 
19:26:22 **** Incremental Build of configuration Debug for project MDP_STM32 ****
make -j8 all 
arm-none-eabi-size  MDP_STM32.elf 
   text	   data	    bss	    dec	    hex	filename
  39308	    468	   3508	  43284	   a914	MDP_STM32.elf
Finished building: default.size.stdout
 
19:27:47 **** Incremental Build of configuration Debug for project MDP_STM32 ****
make -j8 all 
arm-none-eabi-gcc "../Core/Src/main.c" -mcpu=cortex-m4 -std=gnu11 -g3 -DDEBUG -DUSE_HAL_DRIVER -DSTM32F407xx -c -I../Core/Inc -I../Drivers/STM32F4xx_HAL_Driver/Inc -I../Drivers/STM32F4xx_HAL_Driver/Inc/Legacy -I../Drivers/CMSIS/Device/ST/STM32F4xx/Include -I../Drivers/CMSIS/Include -O0 -ffunction-sections -fdata-sections -Wall -fstack-usage -fcyclomatic-complexity -MMD -MP -MF"Core/Src/main.d" -MT"Core/Src/main.o" --specs=nano.specs -mfpu=fpv4-sp-d16 -mfloat-abi=hard -mthumb -o "Core/Src/main.o"
arm-none-eabi-gcc "../Core/Src/motor.c" -mcpu=cortex-m4 -std=gnu11 -g3 -DDEBUG -DUSE_HAL_DRIVER -DSTM32F407xx -c -I../Core/Inc -I../Drivers/STM32F4xx_HAL_Driver/Inc -I../Drivers/STM32F4xx_HAL_Driver/Inc/Legacy -I../Drivers/CMSIS/Device/ST/STM32F4xx/Include -I../Drivers/CMSIS/Include -O0 -ffunction-sections -fdata-sections -Wall -fstack-usage -fcyclomatic-complexity -MMD -MP -MF"Core/Src/motor.d" -MT"Core/Src/motor.o" --specs=nano.specs -mfpu=fpv4-sp-d16 -mfloat-abi=hard -mthumb -o "Core/Src/motor.o"
../Core/Src/main.c: In function 'HAL_UART_RxCpltCallback':
../Core/Src/main.c:147:29: warning: implicit declaration of function 'malloc' [-Wimplicit-function-declaration]
  147 |   cmd_t* new_cmd = (cmd_t*) malloc(sizeof(cmd_t));
      |                             ^~~~~~
../Core/Src/main.c:29:1: note: include '<stdlib.h>' or provide a declaration of 'malloc'
   28 | #include "test.h"
  +++ |+#include <stdlib.h>
   29 | /* USER CODE END Includes */
../Core/Src/main.c:147:29: warning: incompatible implicit declaration of built-in function 'malloc' [-Wbuiltin-declaration-mismatch]
  147 |   cmd_t* new_cmd = (cmd_t*) malloc(sizeof(cmd_t));
      |                             ^~~~~~
../Core/Src/main.c:147:29: note: include '<stdlib.h>' or provide a declaration of 'malloc'
../Core/Src/main.c: In function 'main':
../Core/Src/main.c:216:25: warning: pointer targets in passing argument 3 of 'OLED_ShowString' differ in signedness [-Wpointer-sign]
  216 |   OLED_ShowString(0, 0, "Press USER btn");
      |                         ^~~~~~~~~~~~~~~~
      |                         |
      |                         char *
In file included from ../Core/Src/main.c:24:
../Core/Inc/oled.h:44:59: note: expected 'const uint8_t *' {aka 'const unsigned char *'} but argument is of type 'char *'
   44 | void OLED_ShowString(uint8_t x, uint8_t y, const uint8_t *p);
      |                                            ~~~~~~~~~~~~~~~^
../Core/Src/main.c:217:26: warning: pointer targets in passing argument 3 of 'OLED_ShowString' differ in signedness [-Wpointer-sign]
  217 |   OLED_ShowString(0, 15, "to continue");
      |                          ^~~~~~~~~~~~~
      |                          |
      |                          char *
../Core/Inc/oled.h:44:59: note: expected 'const uint8_t *' {aka 'const unsigned char *'} but argument is of type 'char *'
   44 | void OLED_ShowString(uint8_t x, uint8_t y, const uint8_t *p);
      |                                            ~~~~~~~~~~~~~~~^
../Core/Src/motor.c: In function 'forward':
../Core/Src/motor.c:111:22: warning: pointer targets in passing argument 3 of 'print_OLED' differ in signedness [-Wpointer-sign]
  111 |     print_OLED(0, 0, "target_pulse: %u", true, target_pulses);
      |                      ^~~~~~~~~~~~~~~~~~
      |                      |
      |                      char *
In file included from ../Core/Inc/servo.h:15,
                 from ../Core/Inc/motor.h:15,
                 from ../Core/Src/motor.c:10:
../Core/Inc/helper.h:133:40: note: expected 'uint8_t *' {aka 'unsigned char *'} but argument is of type 'char *'
  133 | void print_OLED(int x, int y, uint8_t* msg, bool var_exist, int32_t val);
      |                               ~~~~~~~~~^~~
../Core/Src/motor.c:119:23: warning: pointer targets in passing argument 3 of 'print_OLED' differ in signedness [-Wpointer-sign]
  119 |     print_OLED(0, 15, "encoder_cnt: ", false, 0);
      |                       ^~~~~~~~~~~~~~~
      |                       |
      |                       char *
../Core/Inc/helper.h:133:40: note: expected 'uint8_t *' {aka 'unsigned char *'} but argument is of type 'char *'
  133 | void print_OLED(int x, int y, uint8_t* msg, bool var_exist, int32_t val);
      |                               ~~~~~~~~~^~~
../Core/Src/motor.c:122:28: warning: pointer targets in passing argument 3 of 'print_OLED' differ in signedness [-Wpointer-sign]
  122 |         print_OLED(40, 15, "%u", true, encoder_cnt);
      |                            ^~~~
      |                            |
      |                            char *
../Core/Inc/helper.h:133:40: note: expected 'uint8_t *' {aka 'unsigned char *'} but argument is of type 'char *'
  133 | void print_OLED(int x, int y, uint8_t* msg, bool var_exist, int32_t val);
      |                               ~~~~~~~~~^~~
../Core/Src/motor.c: In function 'backward':
../Core/Src/motor.c:140:22: warning: pointer targets in passing argument 3 of 'print_OLED' differ in signedness [-Wpointer-sign]
  140 |     print_OLED(0, 0, "target_pulse: %u", true, target_pulses);
      |                      ^~~~~~~~~~~~~~~~~~
      |                      |
      |                      char *
../Core/Inc/helper.h:133:40: note: expected 'uint8_t *' {aka 'unsigned char *'} but argument is of type 'char *'
  133 | void print_OLED(int x, int y, uint8_t* msg, bool var_exist, int32_t val);
      |                               ~~~~~~~~~^~~
../Core/Src/motor.c:148:23: warning: pointer targets in passing argument 3 of 'print_OLED' differ in signedness [-Wpointer-sign]
  148 |     print_OLED(0, 15, "encoder_cnt: ", false, 0);
      |                       ^~~~~~~~~~~~~~~
      |                       |
      |                       char *
../Core/Inc/helper.h:133:40: note: expected 'uint8_t *' {aka 'unsigned char *'} but argument is of type 'char *'
  133 | void print_OLED(int x, int y, uint8_t* msg, bool var_exist, int32_t val);
      |                               ~~~~~~~~~^~~
../Core/Src/motor.c:153:28: warning: pointer targets in passing argument 3 of 'print_OLED' differ in signedness [-Wpointer-sign]
  153 |         print_OLED(40, 15, "%u", true, encoder_cnt);
      |                            ^~~~
      |                            |
      |                            char *
../Core/Inc/helper.h:133:40: note: expected 'uint8_t *' {aka 'unsigned char *'} but argument is of type 'char *'
  133 | void print_OLED(int x, int y, uint8_t* msg, bool var_exist, int32_t val);
      |                               ~~~~~~~~~^~~
../Core/Src/motor.c: In function 'forward_right':
../Core/Src/motor.c:172:22: warning: pointer targets in passing argument 3 of 'print_OLED' differ in signedness [-Wpointer-sign]
  172 |     print_OLED(0, 0, "arc_length: %u", true, (uint32_t) arc_length);
      |                      ^~~~~~~~~~~~~~~~
      |                      |
      |                      char *
../Core/Inc/helper.h:133:40: note: expected 'uint8_t *' {aka 'unsigned char *'} but argument is of type 'char *'
  133 | void print_OLED(int x, int y, uint8_t* msg, bool var_exist, int32_t val);
      |                               ~~~~~~~~~^~~
../Core/Src/motor.c:180:23: warning: pointer targets in passing argument 3 of 'print_OLED' differ in signedness [-Wpointer-sign]
  180 |     print_OLED(0, 15, "encoder_cnt: ", false, 0);
      |                       ^~~~~~~~~~~~~~~
      |                       |
      |                       char *
../Core/Inc/helper.h:133:40: note: expected 'uint8_t *' {aka 'unsigned char *'} but argument is of type 'char *'
  133 | void print_OLED(int x, int y, uint8_t* msg, bool var_exist, int32_t val);
      |                               ~~~~~~~~~^~~
../Core/Src/motor.c:185:27: warning: pointer targets in passing argument 3 of 'print_OLED' differ in signedness [-Wpointer-sign]
  185 |         print_OLED(0, 30, "%u", true, 65535 - encoder_cnt);
      |                           ^~~~
      |                           |
      |                           char *
../Core/Inc/helper.h:133:40: note: expected 'uint8_t *' {aka 'unsigned char *'} but argument is of type 'char *'
  133 | void print_OLED(int x, int y, uint8_t* msg, bool var_exist, int32_t val);
      |                               ~~~~~~~~~^~~
../Core/Src/motor.c: In function 'forward_left':
../Core/Src/motor.c:204:22: warning: pointer targets in passing argument 3 of 'print_OLED' differ in signedness [-Wpointer-sign]
  204 |     print_OLED(0, 0, "arc_length: %u", true, (uint32_t) arc_length);
      |                      ^~~~~~~~~~~~~~~~
      |                      |
      |                      char *
../Core/Inc/helper.h:133:40: note: expected 'uint8_t *' {aka 'unsigned char *'} but argument is of type 'char *'
  133 | void print_OLED(int x, int y, uint8_t* msg, bool var_exist, int32_t val);
      |                               ~~~~~~~~~^~~
../Core/Src/motor.c:212:23: warning: pointer targets in passing argument 3 of 'print_OLED' differ in signedness [-Wpointer-sign]
  212 |     print_OLED(0, 15, "encoder_cnt: ", false, 0);
      |                       ^~~~~~~~~~~~~~~
      |                       |
      |                       char *
../Core/Inc/helper.h:133:40: note: expected 'uint8_t *' {aka 'unsigned char *'} but argument is of type 'char *'
  133 | void print_OLED(int x, int y, uint8_t* msg, bool var_exist, int32_t val);
      |                               ~~~~~~~~~^~~
../Core/Src/motor.c:217:27: warning: pointer targets in passing argument 3 of 'print_OLED' differ in signedness [-Wpointer-sign]
  217 |         print_OLED(0, 30, "%u", true, 65535 - encoder_cnt);
      |                           ^~~~
      |                           |
      |                           char *
../Core/Inc/helper.h:133:40: note: expected 'uint8_t *' {aka 'unsigned char *'} but argument is of type 'char *'
  133 | void print_OLED(int x, int y, uint8_t* msg, bool var_exist, int32_t val);
      |                               ~~~~~~~~~^~~
arm-none-eabi-gcc -o "MDP_STM32.elf" @"objects.list"   -mcpu=cortex-m4 -T"D:\3. CE Timetable and Curriculum\7. AY2023-2024 Sem 1 (Year 4)\1. SC2079 - Multidisciplinary Design Project\4. Project\SC2079_GROUP13\Hardware_STM\MDP_STM32\STM32F407VETX_FLASH.ld" --specs=nosys.specs -Wl,-Map="MDP_STM32.map" -Wl,--gc-sections -static -u _printf_float --specs=nano.specs -mfpu=fpv4-sp-d16 -mfloat-abi=hard -mthumb -Wl,--start-group -lc -lm -Wl,--end-group
Finished building target: MDP_STM32.elf
 
arm-none-eabi-size  MDP_STM32.elf 
arm-none-eabi-objdump -h -S MDP_STM32.elf  > "MDP_STM32.list"
   text	   data	    bss	    dec	    hex	filename
  39316	    468	   3508	  43292	   a91c	MDP_STM32.elf
Finished building: default.size.stdout
 
Finished building: MDP_STM32.list
 
19:27:49 **** Incremental Build of configuration Debug for project MDP_STM32 ****
make -j8 all 
arm-none-eabi-size  MDP_STM32.elf 
   text	   data	    bss	    dec	    hex	filename
  39316	    468	   3508	  43292	   a91c	MDP_STM32.elf
Finished building: default.size.stdout
 
19:28:30 **** Incremental Build of configuration Debug for project MDP_STM32 ****
make -j8 all 
arm-none-eabi-gcc "../Core/Src/main.c" -mcpu=cortex-m4 -std=gnu11 -g3 -DDEBUG -DUSE_HAL_DRIVER -DSTM32F407xx -c -I../Core/Inc -I../Drivers/STM32F4xx_HAL_Driver/Inc -I../Drivers/STM32F4xx_HAL_Driver/Inc/Legacy -I../Drivers/CMSIS/Device/ST/STM32F4xx/Include -I../Drivers/CMSIS/Include -O0 -ffunction-sections -fdata-sections -Wall -fstack-usage -fcyclomatic-complexity -MMD -MP -MF"Core/Src/main.d" -MT"Core/Src/main.o" --specs=nano.specs -mfpu=fpv4-sp-d16 -mfloat-abi=hard -mthumb -o "Core/Src/main.o"
../Core/Src/main.c: In function 'HAL_UART_RxCpltCallback':
../Core/Src/main.c:147:29: warning: implicit declaration of function 'malloc' [-Wimplicit-function-declaration]
  147 |   cmd_t* new_cmd = (cmd_t*) malloc(sizeof(cmd_t));
      |                             ^~~~~~
../Core/Src/main.c:29:1: note: include '<stdlib.h>' or provide a declaration of 'malloc'
   28 | #include "test.h"
  +++ |+#include <stdlib.h>
   29 | /* USER CODE END Includes */
../Core/Src/main.c:147:29: warning: incompatible implicit declaration of built-in function 'malloc' [-Wbuiltin-declaration-mismatch]
  147 |   cmd_t* new_cmd = (cmd_t*) malloc(sizeof(cmd_t));
      |                             ^~~~~~
../Core/Src/main.c:147:29: note: include '<stdlib.h>' or provide a declaration of 'malloc'
../Core/Src/main.c: In function 'main':
../Core/Src/main.c:216:25: warning: pointer targets in passing argument 3 of 'OLED_ShowString' differ in signedness [-Wpointer-sign]
  216 |   OLED_ShowString(0, 0, "Press USER btn");
      |                         ^~~~~~~~~~~~~~~~
      |                         |
      |                         char *
In file included from ../Core/Src/main.c:24:
../Core/Inc/oled.h:44:59: note: expected 'const uint8_t *' {aka 'const unsigned char *'} but argument is of type 'char *'
   44 | void OLED_ShowString(uint8_t x, uint8_t y, const uint8_t *p);
      |                                            ~~~~~~~~~~~~~~~^
../Core/Src/main.c:217:26: warning: pointer targets in passing argument 3 of 'OLED_ShowString' differ in signedness [-Wpointer-sign]
  217 |   OLED_ShowString(0, 15, "to continue");
      |                          ^~~~~~~~~~~~~
      |                          |
      |                          char *
../Core/Inc/oled.h:44:59: note: expected 'const uint8_t *' {aka 'const unsigned char *'} but argument is of type 'char *'
   44 | void OLED_ShowString(uint8_t x, uint8_t y, const uint8_t *p);
      |                                            ~~~~~~~~~~~~~~~^
arm-none-eabi-gcc -o "MDP_STM32.elf" @"objects.list"   -mcpu=cortex-m4 -T"D:\3. CE Timetable and Curriculum\7. AY2023-2024 Sem 1 (Year 4)\1. SC2079 - Multidisciplinary Design Project\4. Project\SC2079_GROUP13\Hardware_STM\MDP_STM32\STM32F407VETX_FLASH.ld" --specs=nosys.specs -Wl,-Map="MDP_STM32.map" -Wl,--gc-sections -static -u _printf_float --specs=nano.specs -mfpu=fpv4-sp-d16 -mfloat-abi=hard -mthumb -Wl,--start-group -lc -lm -Wl,--end-group
Finished building target: MDP_STM32.elf
 
arm-none-eabi-size  MDP_STM32.elf 
arm-none-eabi-objdump -h -S MDP_STM32.elf  > "MDP_STM32.list"
   text	   data	    bss	    dec	    hex	filename
  39316	    468	   3508	  43292	   a91c	MDP_STM32.elf
Finished building: default.size.stdout
 
Finished building: MDP_STM32.list
 
19:28:32 **** Incremental Build of configuration Debug for project MDP_STM32 ****
make -j8 all 
arm-none-eabi-size  MDP_STM32.elf 
   text	   data	    bss	    dec	    hex	filename
  39316	    468	   3508	  43292	   a91c	MDP_STM32.elf
Finished building: default.size.stdout
 
19:29:07 **** Incremental Build of configuration Debug for project MDP_STM32 ****
make -j8 all 
arm-none-eabi-gcc "../Core/Src/main.c" -mcpu=cortex-m4 -std=gnu11 -g3 -DDEBUG -DUSE_HAL_DRIVER -DSTM32F407xx -c -I../Core/Inc -I../Drivers/STM32F4xx_HAL_Driver/Inc -I../Drivers/STM32F4xx_HAL_Driver/Inc/Legacy -I../Drivers/CMSIS/Device/ST/STM32F4xx/Include -I../Drivers/CMSIS/Include -O0 -ffunction-sections -fdata-sections -Wall -fstack-usage -fcyclomatic-complexity -MMD -MP -MF"Core/Src/main.d" -MT"Core/Src/main.o" --specs=nano.specs -mfpu=fpv4-sp-d16 -mfloat-abi=hard -mthumb -o "Core/Src/main.o"
../Core/Src/main.c: In function 'HAL_UART_RxCpltCallback':
../Core/Src/main.c:147:29: warning: implicit declaration of function 'malloc' [-Wimplicit-function-declaration]
  147 |   cmd_t* new_cmd = (cmd_t*) malloc(sizeof(cmd_t));
      |                             ^~~~~~
[...]
../Core/Src/main.c: In function 'main':
../Core/Src/main.c:205:25: warning: pointer targets in passing argument 3 of 'OLED_ShowString' differ in signedness [-Wpointer-sign]
  205 |   OLED_ShowString(0, 0, "Press USER btn");
      |                         ^~~~~~~~~~~~~~~~
      |                         |
      |                         char *
In file included from ../Core/Src/main.c:24:
../Core/Inc/oled.h:44:59: note: expected 'const uint8_t *' {aka 'const unsigned char *'} but argument is of type 'char *'
   44 | void OLED_ShowString(uint8_t x, uint8_t y, const uint8_t *p);
      |                                            ~~~~~~~~~~~~~~~^
../Core/Src/main.c:206:26: warning: pointer targets in passing argument 3 of 'OLED_ShowString' differ in signedness [-Wpointer-sign]
  206 |   OLED_ShowString(0, 15, "to continue");
      |                          ^~~~~~~~~~~~~
      |                          |
      |                          char *
../Core/Inc/oled.h:44:59: note: expected 'const uint8_t *' {aka 'const unsigned char *'} but argument is of type 'char *'
   44 | void OLED_ShowString(uint8_t x, uint8_t y, const uint8_t *p);
      |                                            ~~~~~~~~~~~~~~~^
arm-none-eabi-gcc -o "MDP_STM32.elf" @"objects.list"   -mcpu=cortex-m4 -T"D:\3. CE Timetable and Curriculum\7. AY2023-2024 Sem 1 (Year 4)\1. SC2079 - Multidisciplinary Design Project\4. Project\SC2079_GROUP13\Hardware_STM\MDP_STM32\STM32F407VETX_FLASH.ld" --specs=nosys.specs -Wl,-Map="MDP_STM32.map" -Wl,--gc-sections -static -u _printf_float --specs=nano.specs -mfpu=fpv4-sp-d16 -mfloat-abi=hard -mthumb -Wl,--start-group -lc -lm -Wl,--end-group
Finished building target: MDP_STM32.elf
 
arm-none-eabi-size  MDP_STM32.elf 
arm-none-eabi-objdump -h -S MDP_STM32.elf  > "MDP_STM32.list"
   text	   data	    bss	    dec	    hex	filename
  41184	    472	   4496	  46152	   b448	MDP_STM32.elf
Finished building: default.size.stdout
 
Finished building: MDP_STM32.list
 
21:54:34 **** Incremental Build of configuration Debug for project MDP_STM32 ****
make -j8 all 
arm-none-eabi-size  MDP_STM32.elf 
   text	   data	    bss	    dec	    hex	filename
  41184	    472	   4496	  46152	   b448	MDP_STM32.elf
Finished building: default.size.stdout
 
21:57:39 **** Incremental Build of configuration Debug for project MDP_STM32 ****
make -j8 all 
arm-none-eabi-gcc "../Core/Src/main.c" -mcpu=cortex-m4 -std=gnu11 -g3 -DDEBUG -DUSE_HAL_DRIVER -DSTM32F407xx -c -I../Core/Inc -I../Drivers/STM32F4xx_HAL_Driver/Inc -I../Drivers/STM32F4xx_HAL_Driver/Inc/Legacy -I../Drivers/CMSIS/Device/ST/STM32F4xx/Include -I../Drivers/CMSIS/Include -O0 -ffunction-sections -fdata-sections -Wall -fstack-usage -fcyclomatic-complexity -MMD -MP -MF"Core/Src/main.d" -MT"Core/Src/main.o" --specs=nano.specs -mfpu=fpv4-sp-d16 -mfloat-abi=hard -mthumb -o "Core/Src/main.o"
../Core/Src/main.c:73:5: error: conflicting types for 'head'; have 'int'
   73 | int head = -1, curr = -1;
      |     ^~~~
In file included from ../Core/Src/main.c:28:
../Core/Inc/test.h:27:16: note: previous declaration of 'head' with type 'uint8_t' {aka 'unsigned char'}
   27 | extern uint8_t head;
      |                ^~~~
../Core/Src/main.c:73:16: error: conflicting types for 'curr'; have 'int'
   73 | int head = -1, curr = -1;
      |                ^~~~
../Core/Inc/test.h:28:16: note: previous declaration of 'curr' with type 'uint8_t' {aka 'unsigned char'}
   28 | extern uint8_t curr;
      |                ^~~~
../Core/Src/main.c: In function 'main':
../Core/Src/main.c:205:25: warning: pointer targets in passing argument 3 of 'OLED_ShowString' differ in signedness [-Wpointer-sign]
  205 |   OLED_ShowString(0, 0, "Press USER btn");
      |                         ^~~~~~~~~~~~~~~~
      |                         |
      |                         char *
In file included from ../Core/Src/main.c:24:
../Core/Inc/oled.h:44:59: note: expected 'const uint8_t *' {aka 'const unsigned char *'} but argument is of type 'char *'
   44 | void OLED_ShowString(uint8_t x, uint8_t y, const uint8_t *p);
      |                                            ~~~~~~~~~~~~~~~^
../Core/Src/main.c:206:26: warning: pointer targets in passing argument 3 of 'OLED_ShowString' differ in signedness [-Wpointer-sign]
  206 |   OLED_ShowString(0, 15, "to continue");
      |                          ^~~~~~~~~~~~~
      |                          |
      |                          char *
../Core/Inc/oled.h:44:59: note: expected 'const uint8_t *' {aka 'const unsigned char *'} but argument is of type 'char *'
   44 | void OLED_ShowString(uint8_t x, uint8_t y, const uint8_t *p);
      |                                            ~~~~~~~~~~~~~~~^
make: *** [Core/Src/subdir.mk:52: Core/Src/main.o] Error 1
"make -j8 all" terminated with exit code 2. Build might be incomplete.
21:57:57 **** Incremental Build of configuration Debug for project MDP_STM32 ****
make -j8 all 
arm-none-eabi-gcc "../Core/Src/main.c" -mcpu=cortex-m4 -std=gnu11 -g3 -DDEBUG -DUSE_HAL_DRIVER -DSTM32F407xx -c -I../Core/Inc -I../Drivers/STM32F4xx_HAL_Driver/Inc -I../Drivers/STM32F4xx_HAL_Driver/Inc/Legacy -I../Drivers/CMSIS/Device/ST/STM32F4xx/Include -I../Drivers/CMSIS/Include -O0 -ffunction-sections -fdata-sections -Wall -fstack-usage -fcyclomatic-complexity -MMD -MP -MF"Core/Src/main.d" -MT"Core/Src/main.o" --specs=nano.specs -mfpu=fpv4-sp-d16 -mfloat-abi=hard -mthumb -o "Core/Src/main.o"
arm-none-eabi-gcc "../Core/Src/test.c" -mcpu=cortex-m4 -std=gnu11 -g3 -DDEBUG -DUSE_HAL_DRIVER -DSTM32F407xx -c -I../Core/Inc -I../Drivers/STM32F4xx_HAL_Driver/Inc -I../Drivers/STM32F4xx_HAL_Driver/Inc/Legacy -I../Drivers/CMSIS/Device/ST/STM32F4xx/Include -I../Drivers/CMSIS/Include -O0 -ffunction-sections -fdata-sections -Wall -fstack-usage -fcyclomatic-complexity -MMD -MP -MF"Core/Src/test.d" -MT"Core/Src/test.o" --specs=nano.specs -mfpu=fpv4-sp-d16 -mfloat-abi=hard -mthumb -o "Core/Src/test.o"
../Core/Src/main.c: In function 'main':
../Core/Src/main.c:205:25: warning: pointer targets in passing argument 3 of 'OLED_ShowString' differ in signedness [-Wpointer-sign]
  205 |   OLED_ShowString(0, 0, "Press USER btn");
      |                         ^~~~~~~~~~~~~~~~
      |                         |
      |                         char *
In file included from ../Core/Src/main.c:24:
../Core/Inc/oled.h:44:59: note: expected 'const uint8_t *' {aka 'const unsigned char *'} but argument is of type 'char *'
   44 | void OLED_ShowString(uint8_t x, uint8_t y, const uint8_t *p);
      |                                            ~~~~~~~~~~~~~~~^
../Core/Src/main.c:206:26: warning: pointer targets in passing argument 3 of 'OLED_ShowString' differ in signedness [-Wpointer-sign]
  206 |   OLED_ShowString(0, 15, "to continue");
      |                          ^~~~~~~~~~~~~
      |                          |
      |                          char *
../Core/Inc/oled.h:44:59: note: expected 'const uint8_t *' {aka 'const unsigned char *'} but argument is of type 'char *'
   44 | void OLED_ShowString(uint8_t x, uint8_t y, const uint8_t *p);
      |                                            ~~~~~~~~~~~~~~~^
../Core/Src/test.c: In function 'task_A1':
../Core/Src/test.c:15:17: warning: implicit declaration of function 'servo_set_val'; did you mean 'servo_set_dir'? [-Wimplicit-function-declaration]
   15 |                 servo_set_val(LEFT);
      |                 ^~~~~~~~~~~~~
      |                 servo_set_dir
../Core/Src/test.c:18:39: warning: pointer targets in passing argument 3 of 'OLED_ShowString' differ in signedness [-Wpointer-sign]
   18 |                 OLED_ShowString(0, 0, "Left");
      |                                       ^~~~~~
      |                                       |
      |                                       char *
In file included from ../Core/Inc/test.h:12,
                 from ../Core/Src/test.c:8:
../Core/Inc/oled.h:44:59: note: expected 'const uint8_t *' {aka 'const unsigned char *'} but argument is of type 'char *'
   44 | void OLED_ShowString(uint8_t x, uint8_t y, const uint8_t *p);
      |                                            ~~~~~~~~~~~~~~~^
../Core/Src/test.c:20:17: warning: implicit declaration of function 'motor_forward_left'; did you mean 'motor_forward'? [-Wimplicit-function-declaration]
   20 |                 motor_forward_left(90);
      |                 ^~~~~~~~~~~~~~~~~~
      |                 motor_forward
../Core/Src/test.c: In function 'task_A4_right':
../Core/Src/test.c:50:19: warning: implicit declaration of function 'motor_forward_right'; did you mean 'forward_right'? [-Wimplicit-function-declaration]
   50 |                   motor_forward_right(90);
      |                   ^~~~~~~~~~~~~~~~~~~
      |                   forward_right
../Core/Src/test.c: In function 'abhinav_task':
../Core/Src/test.c:64:17: warning: implicit declaration of function 'motor_backward_inf'; did you mean 'motor_backward'? [-Wimplicit-function-declaration]
   64 |                 motor_backward_inf();
      |                 ^~~~~~~~~~~~~~~~~~
      |                 motor_backward
../Core/Src/test.c: In function 'moving_task':
../Core/Src/test.c:84:39: warning: pointer targets in passing argument 3 of 'OLED_ShowString' differ in signedness [-Wpointer-sign]
   84 |                 OLED_ShowString(0, 0, "Forward");
      |                                       ^~~~~~~~~
      |                                       |
      |                                       char *
../Core/Inc/oled.h:44:59: note: expected 'const uint8_t *' {aka 'const unsigned char *'} but argument is of type 'char *'
   44 | void OLED_ShowString(uint8_t x, uint8_t y, const uint8_t *p);
      |                                            ~~~~~~~~~~~~~~~^
../Core/Src/test.c:91:39: warning: pointer targets in passing argument 3 of 'OLED_ShowString' differ in signedness [-Wpointer-sign]
   91 |                 OLED_ShowString(0, 0, "Backward");
      |                                       ^~~~~~~~~~
      |                                       |
      |                                       char *
../Core/Inc/oled.h:44:59: note: expected 'const uint8_t *' {aka 'const unsigned char *'} but argument is of type 'char *'
   44 | void OLED_ShowString(uint8_t x, uint8_t y, const uint8_t *p);
      |                                            ~~~~~~~~~~~~~~~^
../Core/Src/test.c:98:39: warning: pointer targets in passing argument 3 of 'OLED_ShowString' differ in signedness [-Wpointer-sign]
   98 |                 OLED_ShowString(0, 0, "Left");
      |                                       ^~~~~~
      |                                       |
      |                                       char *
../Core/Inc/oled.h:44:59: note: expected 'const uint8_t *' {aka 'const unsigned char *'} but argument is of type 'char *'
   44 | void OLED_ShowString(uint8_t x, uint8_t y, const uint8_t *p);
      |                                            ~~~~~~~~~~~~~~~^
../Core/Src/test.c:105:39: warning: pointer targets in passing argument 3 of 'OLED_ShowString' differ in signedness [-Wpointer-sign]
  105 |                 OLED_ShowString(0, 0, "Right");
      |                                       ^~~~~~~
      |                                       |
      |                                       char *
../Core/Inc/oled.h:44:59: note: expected 'const uint8_t *' {aka 'const unsigned char *'} but argument is of type 'char *'
   44 | void OLED_ShowString(uint8_t x, uint8_t y, const uint8_t *p);
      |                                            ~~~~~~~~~~~~~~~^
../Core/Src/test.c: In function 'ultrasonic_task':
../Core/Src/test.c:137:5: warning: implicit declaration of function 'HCSR04_Init' [-Wimplicit-function-declaration]
  137 |     HCSR04_Init();
      |     ^~~~~~~~~~~
../Core/Src/test.c:140:27: warning: pointer targets in passing argument 3 of 'OLED_ShowString' differ in signedness [-Wpointer-sign]
  140 |     OLED_ShowString(0, 0, "tc1:");
      |                           ^~~~~~
      |                           |
      |                           char *
../Core/Inc/oled.h:44:59: note: expected 'const uint8_t *' {aka 'const unsigned char *'} but argument is of type 'char *'
   44 | void OLED_ShowString(uint8_t x, uint8_t y, const uint8_t *p);
      |                                            ~~~~~~~~~~~~~~~^
../Core/Src/test.c:141:28: warning: pointer targets in passing argument 3 of 'OLED_ShowString' differ in signedness [-Wpointer-sign]
  141 |     OLED_ShowString(0, 15, "tc2:");
      |                            ^~~~~~
      |                            |
      |                            char *
../Core/Inc/oled.h:44:59: note: expected 'const uint8_t *' {aka 'const unsigned char *'} but argument is of type 'char *'
   44 | void OLED_ShowString(uint8_t x, uint8_t y, const uint8_t *p);
      |                                            ~~~~~~~~~~~~~~~^
../Core/Src/test.c:142:28: warning: pointer targets in passing argument 3 of 'OLED_ShowString' differ in signedness [-Wpointer-sign]
  142 |     OLED_ShowString(0, 30, "echo:");
      |                            ^~~~~~~
      |                            |
      |                            char *
../Core/Inc/oled.h:44:59: note: expected 'const uint8_t *' {aka 'const unsigned char *'} but argument is of type 'char *'
   44 | void OLED_ShowString(uint8_t x, uint8_t y, const uint8_t *p);
      |                                            ~~~~~~~~~~~~~~~^
../Core/Src/test.c:143:28: warning: pointer targets in passing argument 3 of 'OLED_ShowString' differ in signedness [-Wpointer-sign]
  143 |     OLED_ShowString(0, 45, "dist:");
      |                            ^~~~~~~
      |                            |
      |                            char *
../Core/Inc/oled.h:44:59: note: expected 'const uint8_t *' {aka 'const unsigned char *'} but argument is of type 'char *'
   44 | void OLED_ShowString(uint8_t x, uint8_t y, const uint8_t *p);
      |                                            ~~~~~~~~~~~~~~~^
../Core/Src/test.c:145:5: warning: implicit declaration of function 'sprintf' [-Wimplicit-function-declaration]
  145 |     sprintf(buffer, "%u", tc1);
      |     ^~~~~~~
../Core/Src/test.c:9:1: note: include '<stdio.h>' or provide a declaration of 'sprintf'
    8 | #include "test.h"
  +++ |+#include <stdio.h>
    9 | 
../Core/Src/test.c:145:5: warning: incompatible implicit declaration of built-in function 'sprintf' [-Wbuiltin-declaration-mismatch]
  145 |     sprintf(buffer, "%u", tc1);
      |     ^~~~~~~
../Core/Src/test.c:145:5: note: include '<stdio.h>' or provide a declaration of 'sprintf'
../Core/Src/test.c:145:13: warning: pointer targets in passing argument 1 of 'sprintf' differ in signedness [-Wpointer-sign]
  145 |     sprintf(buffer, "%u", tc1);
      |             ^~~~~~
      |             |
      |             uint8_t * {aka unsigned char *}
../Core/Src/test.c:145:13: note: expected 'char *' but argument is of type 'uint8_t *' {aka 'unsigned char *'}
../Core/Src/test.c:145:23: warning: format '%u' expects argument of type 'unsigned int', but argument 3 has type 'uint32_t' {aka 'long unsigned int'} [-Wformat=]
  145 |     sprintf(buffer, "%u", tc1);
      |                      ~^   ~~~
      |                       |   |
      |                       |   uint32_t {aka long unsigned int}
      |                       unsigned int
      |                      %lu
../Core/Src/test.c:147:13: warning: pointer targets in passing argument 1 of 'sprintf' differ in signedness [-Wpointer-sign]
  147 |     sprintf(buffer, "%u", tc2);
      |             ^~~~~~
      |             |
      |             uint8_t * {aka unsigned char *}
../Core/Src/test.c:147:13: note: expected 'char *' but argument is of type 'uint8_t *' {aka 'unsigned char *'}
../Core/Src/test.c:147:23: warning: format '%u' expects argument of type 'unsigned int', but argument 3 has type 'uint32_t' {aka 'long unsigned int'} [-Wformat=]
  147 |     sprintf(buffer, "%u", tc2);
      |                      ~^   ~~~
      |                       |   |
      |                       |   uint32_t {aka long unsigned int}
      |                       unsigned int
      |                      %lu
../Core/Src/test.c:149:13: warning: pointer targets in passing argument 1 of 'sprintf' differ in signedness [-Wpointer-sign]
  149 |     sprintf(buffer, "%u", echo);
      |             ^~~~~~
      |             |
      |             uint8_t * {aka unsigned char *}
../Core/Src/test.c:149:13: note: expected 'char *' but argument is of type 'uint8_t *' {aka 'unsigned char *'}
../Core/Src/test.c:149:23: warning: format '%u' expects argument of type 'unsigned int', but argument 3 has type 'uint32_t' {aka 'long unsigned int'} [-Wformat=]
  149 |     sprintf(buffer, "%u", echo);
      |                      ~^   ~~~~
      |                       |   |
      |                       |   uint32_t {aka long unsigned int}
      |                       unsigned int
      |                      %lu
../Core/Src/test.c:151:13: warning: pointer targets in passing argument 1 of 'sprintf' differ in signedness [-Wpointer-sign]
  151 |     sprintf(buffer, "%f", dist);
      |             ^~~~~~
      |             |
      |             uint8_t * {aka unsigned char *}
../Core/Src/test.c:151:13: note: expected 'char *' but argument is of type 'uint8_t *' {aka 'unsigned char *'}
../Core/Src/test.c: In function 'gyroscope_task':
../Core/Src/test.c:162:9: warning: implicit declaration of function 'print_value' [-Wimplicit-function-declaration]
  162 |         print_value(0, 0, "gyro: %f", sensor.gyroZ);
      |         ^~~~~~~~~~~
../Core/Src/test.c: In function 'UART3_task':
../Core/Src/test.c:166:26: warning: pointer targets in passing argument 3 of 'print_OLED' differ in signedness [-Wpointer-sign]
  166 |         print_OLED(0, 0, "cmd_cnt: %u", true, cmd_cnt);
      |                          ^~~~~~~~~~~~~
      |                          |
      |                          char *
In file included from ../Core/Inc/test.h:13:
../Core/Inc/helper.h:128:40: note: expected 'uint8_t *' {aka 'unsigned char *'} but argument is of type 'char *'
  128 | void print_OLED(int x, int y, uint8_t* msg, bool var_exist, int32_t val);
      |                               ~~~~~~~~~^~~
../Core/Src/test.c:171:17: warning: implicit declaration of function 'move'; did you mean 'memmove'? [-Wimplicit-function-declaration]
  171 |                 move(cmd_buffer[head]);
      |                 ^~~~
      |                 memmove
arm-none-eabi-gcc -o "MDP_STM32.elf" @"objects.list"   -mcpu=cortex-m4 -T"D:\3. CE Timetable and Curriculum\7. AY2023-2024 Sem 1 (Year 4)\1. SC2079 - Multidisciplinary Design Project\4. Project\SC2079_GROUP13\Hardware_STM\MDP_STM32\STM32F407VETX_FLASH.ld" --specs=nosys.specs -Wl,-Map="MDP_STM32.map" -Wl,--gc-sections -static -u _printf_float --specs=nano.specs -mfpu=fpv4-sp-d16 -mfloat-abi=hard -mthumb -Wl,--start-group -lc -lm -Wl,--end-group
Finished building target: MDP_STM32.elf
 
arm-none-eabi-size  MDP_STM32.elf 
arm-none-eabi-objdump -h -S MDP_STM32.elf  > "MDP_STM32.list"
   text	   data	    bss	    dec	    hex	filename
  41184	    476	   4500	  46160	   b450	MDP_STM32.elf
Finished building: default.size.stdout
 
Finished building: MDP_STM32.list
 
21:57:59 **** Incremental Build of configuration Debug for project MDP_STM32 ****
make -j8 all 
arm-none-eabi-size  MDP_STM32.elf 
   text	   data	    bss	    dec	    hex	filename
  41184	    476	   4500	  46160	   b450	MDP_STM32.elf
Finished building: default.size.stdout
 
