15:51:56 **** Incremental Build of configuration Debug for project MDP_STM32 ****
make -j8 all 
arm-none-eabi-size  MDP_STM32.elf 
   text	   data	    bss	    dec	    hex	filename
  41280	    472	   4496	  46248	   b4a8	MDP_STM32.elf
Finished building: default.size.stdout
 
16:00:50 **** Incremental Build of configuration Debug for project MDP_STM32 ****
make -j8 all 
arm-none-eabi-gcc "../Core/Src/main.c" -mcpu=cortex-m4 -std=gnu11 -g3 -DDEBUG -DUSE_HAL_DRIVER -DSTM32F407xx -c -I../Core/Inc -I../Drivers/STM32F4xx_HAL_Driver/Inc -I../Drivers/STM32F4xx_HAL_Driver/Inc/Legacy -I../Drivers/CMSIS/Device/ST/STM32F4xx/Include -I../Drivers/CMSIS/Include -O0 -ffunction-sections -fdata-sections -Wall -fstack-usage -fcyclomatic-complexity -MMD -MP -MF"Core/Src/main.d" -MT"Core/Src/main.o" --specs=nano.specs -mfpu=fpv4-sp-d16 -mfloat-abi=hard -mthumb -o "Core/Src/main.o"
arm-none-eabi-gcc "../Core/Src/stm32f4xx_hal_msp.c" -mcpu=cortex-m4 -std=gnu11 -g3 -DDEBUG -DUSE_HAL_DRIVER -DSTM32F407xx -c -I../Core/Inc -I../Drivers/STM32F4xx_HAL_Driver/Inc -I../Drivers/STM32F4xx_HAL_Driver/Inc/Legacy -I../Drivers/CMSIS/Device/ST/STM32F4xx/Include -I../Drivers/CMSIS/Include -O0 -ffunction-sections -fdata-sections -Wall -fstack-usage -fcyclomatic-complexity -MMD -MP -MF"Core/Src/stm32f4xx_hal_msp.d" -MT"Core/Src/stm32f4xx_hal_msp.o" --specs=nano.specs -mfpu=fpv4-sp-d16 -mfloat-abi=hard -mthumb -o "Core/Src/stm32f4xx_hal_msp.o"
arm-none-eabi-gcc "../Core/Src/stm32f4xx_it.c" -mcpu=cortex-m4 -std=gnu11 -g3 -DDEBUG -DUSE_HAL_DRIVER -DSTM32F407xx -c -I../Core/Inc -I../Drivers/STM32F4xx_HAL_Driver/Inc -I../Drivers/STM32F4xx_HAL_Driver/Inc/Legacy -I../Drivers/CMSIS/Device/ST/STM32F4xx/Include -I../Drivers/CMSIS/Include -O0 -ffunction-sections -fdata-sections -Wall -fstack-usage -fcyclomatic-complexity -MMD -MP -MF"Core/Src/stm32f4xx_it.d" -MT"Core/Src/stm32f4xx_it.o" --specs=nano.specs -mfpu=fpv4-sp-d16 -mfloat-abi=hard -mthumb -o "Core/Src/stm32f4xx_it.o"
../Core/Src/main.c: In function 'main':
../Core/Src/main.c:209:25: warning: pointer targets in passing argument 3 of 'OLED_ShowString' differ in signedness [-Wpointer-sign]
  209 |   OLED_ShowString(0, 0, "Press USER btn");
      |                         ^~~~~~~~~~~~~~~~
      |                         |
      |                         char *
In file included from ../Core/Src/main.c:25:
../Core/Inc/oled.h:44:59: note: expected 'const uint8_t *' {aka 'const unsigned char *'} but argument is of type 'char *'
   44 | void OLED_ShowString(uint8_t x, uint8_t y, const uint8_t *p);
      |                                            ~~~~~~~~~~~~~~~^
../Core/Src/main.c:210:26: warning: pointer targets in passing argument 3 of 'OLED_ShowString' differ in signedness [-Wpointer-sign]
  210 |   OLED_ShowString(0, 15, "to continue");
      |                          ^~~~~~~~~~~~~
      |                          |
      |                          char *
../Core/Inc/oled.h:44:59: note: expected 'const uint8_t *' {aka 'const unsigned char *'} but argument is of type 'char *'
   44 | void OLED_ShowString(uint8_t x, uint8_t y, const uint8_t *p);
      |                                            ~~~~~~~~~~~~~~~^
arm-none-eabi-gcc -o "MDP_STM32.elf" @"objects.list"   -mcpu=cortex-m4 -T"D:\3. CE Timetable and Curriculum\7. AY2023-2024 Sem 1 (Year 4)\1. SC2079 - Multidisciplinary Design Project\4. Project\SC2079_GROUP13\Hardware_STM\MDP_STM32\STM32F407VETX_FLASH.ld" --specs=nosys.specs -Wl,-Map="MDP_STM32.map" -Wl,--gc-sections -static -u _printf_float --specs=nano.specs -mfpu=fpv4-sp-d16 -mfloat-abi=hard -mthumb -Wl,--start-group -lc -lm -Wl,--end-group
Finished building target: MDP_STM32.elf
 
arm-none-eabi-size  MDP_STM32.elf 
arm-none-eabi-objdump -h -S MDP_STM32.elf  > "MDP_STM32.list"
   text	   data	    bss	    dec	    hex	filename
  41656	    472	   4568	  46696	   b668	MDP_STM32.elf
Finished building: default.size.stdout
 
Finished building: MDP_STM32.list
 
16:00:52 **** Incremental Build of configuration Debug for project MDP_STM32 ****
make -j8 all 
arm-none-eabi-size  MDP_STM32.elf 
   text	   data	    bss	    dec	    hex	filename
  41656	    472	   4568	  46696	   b668	MDP_STM32.elf
Finished building: default.size.stdout
 
16:14:48 **** Incremental Build of configuration Debug for project MDP_STM32 ****
make -j8 all 
arm-none-eabi-gcc "../Core/Src/helper.c" -mcpu=cortex-m4 -std=gnu11 -g3 -DDEBUG -DUSE_HAL_DRIVER -DSTM32F407xx -c -I../Core/Inc -I../Drivers/STM32F4xx_HAL_Driver/Inc -I../Drivers/STM32F4xx_HAL_Driver/Inc/Legacy -I../Drivers/CMSIS/Device/ST/STM32F4xx/Include -I../Drivers/CMSIS/Include -O0 -ffunction-sections -fdata-sections -Wall -fstack-usage -fcyclomatic-complexity -MMD -MP -MF"Core/Src/helper.d" -MT"Core/Src/helper.o" --specs=nano.specs -mfpu=fpv4-sp-d16 -mfloat-abi=hard -mthumb -o "Core/Src/helper.o"
arm-none-eabi-gcc "../Core/Src/main.c" -mcpu=cortex-m4 -std=gnu11 -g3 -DDEBUG -DUSE_HAL_DRIVER -DSTM32F407xx -c -I../Core/Inc -I../Drivers/STM32F4xx_HAL_Driver/Inc -I../Drivers/STM32F4xx_HAL_Driver/Inc/Legacy -I../Drivers/CMSIS/Device/ST/STM32F4xx/Include -I../Drivers/CMSIS/Include -O0 -ffunction-sections -fdata-sections -Wall -fstack-usage -fcyclomatic-complexity -MMD -MP -MF"Core/Src/main.d" -MT"Core/Src/main.o" --specs=nano.specs -mfpu=fpv4-sp-d16 -mfloat-abi=hard -mthumb -o "Core/Src/main.o"
arm-none-eabi-gcc "../Core/Src/motor.c" -mcpu=cortex-m4 -std=gnu11 -g3 -DDEBUG -DUSE_HAL_DRIVER -DSTM32F407xx -c -I../Core/Inc -I../Drivers/STM32F4xx_HAL_Driver/Inc -I../Drivers/STM32F4xx_HAL_Driver/Inc/Legacy -I../Drivers/CMSIS/Device/ST/STM32F4xx/Include -I../Drivers/CMSIS/Include -O0 -ffunction-sections -fdata-sections -Wall -fstack-usage -fcyclomatic-complexity -MMD -MP -MF"Core/Src/motor.d" -MT"Core/Src/motor.o" --specs=nano.specs -mfpu=fpv4-sp-d16 -mfloat-abi=hard -mthumb -o "Core/Src/motor.o"
../Core/Src/helper.c: In function 'print_OLED':
../Core/Src/helper.c:22:17: warning: implicit declaration of function 'sprintf' [-Wimplicit-function-declaration]
   22 |                 sprintf(buf, msg, val);
      |                 ^~~~~~~
../Core/Src/helper.c:11:1: note: include '<stdio.h>' or provide a declaration of 'sprintf'
   10 | #include "helper.h"
  +++ |+#include <stdio.h>
   11 | 
../Core/Src/helper.c:22:17: warning: incompatible implicit declaration of built-in function 'sprintf' [-Wbuiltin-declaration-mismatch]
   22 |                 sprintf(buf, msg, val);
      |                 ^~~~~~~
../Core/Src/helper.c:22:17: note: include '<stdio.h>' or provide a declaration of 'sprintf'
../Core/Src/helper.c:22:25: warning: passing argument 1 of 'sprintf' from incompatible pointer type [-Wincompatible-pointer-types]
   22 |                 sprintf(buf, msg, val);
      |                         ^~~
      |                         |
      |                         uint8_t ** {aka unsigned char **}
../Core/Src/helper.c:22:25: note: expected 'char *' but argument is of type 'uint8_t **' {aka 'unsigned char **'}
../Core/Src/helper.c:22:30: warning: pointer targets in passing argument 2 of 'sprintf' differ in signedness [-Wpointer-sign]
   22 |                 sprintf(buf, msg, val);
      |                              ^~~
      |                              |
      |                              uint8_t * {aka unsigned char *}
../Core/Src/helper.c:22:30: note: expected 'const char *' but argument is of type 'uint8_t *' {aka 'unsigned char *'}
../Core/Src/helper.c:24:17: warning: incompatible implicit declaration of built-in function 'sprintf' [-Wbuiltin-declaration-mismatch]
   24 |                 sprintf(buf, msg);
      |                 ^~~~~~~
../Core/Src/helper.c:24:17: note: include '<stdio.h>' or provide a declaration of 'sprintf'
../Core/Src/helper.c:24:25: warning: passing argument 1 of 'sprintf' from incompatible pointer type [-Wincompatible-pointer-types]
   24 |                 sprintf(buf, msg);
      |                         ^~~
      |                         |
      |                         uint8_t ** {aka unsigned char **}
../Core/Src/helper.c:24:25: note: expected 'char *' but argument is of type 'uint8_t **' {aka 'unsigned char **'}
../Core/Src/helper.c:24:30: warning: pointer targets in passing argument 2 of 'sprintf' differ in signedness [-Wpointer-sign]
   24 |                 sprintf(buf, msg);
      |                              ^~~
      |                              |
      |                              uint8_t * {aka unsigned char *}
../Core/Src/helper.c:24:30: note: expected 'const char *' but argument is of type 'uint8_t *' {aka 'unsigned char *'}
../Core/Src/main.c: In function 'main':
../Core/Src/main.c:207:25: warning: pointer targets in passing argument 3 of 'OLED_ShowString' differ in signedness [-Wpointer-sign]
  207 |   OLED_ShowString(0, 0, "Press USER btn");
      |                         ^~~~~~~~~~~~~~~~
      |                         |
      |                         char *
In file included from ../Core/Src/main.c:25:
../Core/Inc/oled.h:44:59: note: expected 'const uint8_t *' {aka 'const unsigned char *'} but argument is of type 'char *'
   44 | void OLED_ShowString(uint8_t x, uint8_t y, const uint8_t *p);
      |                                            ~~~~~~~~~~~~~~~^
../Core/Src/main.c:208:26: warning: pointer targets in passing argument 3 of 'OLED_ShowString' differ in signedness [-Wpointer-sign]
  208 |   OLED_ShowString(0, 15, "to continue");
      |                          ^~~~~~~~~~~~~
      |                          |
      |                          char *
../Core/Src/motor.c: In function 'PID_Control_left':
../Core/Inc/oled.h:44:59: note: expected 'const uint8_t *' {aka 'const unsigned char *'} but argument is of type 'char *'
   44 | void OLED_ShowString(uint8_t x, uint8_t y, const uint8_t *p);
      |                                            ~~~~~~~~~~~~~~~^
../Core/Src/motor.c:48:11: warning: implicit declaration of function 'abs' [-Wimplicit-function-declaration]
   48 |       if (abs(l_error)>2){ //more than 2 degree difference
      |           ^~~
../Core/Src/motor.c:12:1: note: include '<stdlib.h>' or provide a declaration of 'abs'
   11 | #include <math.h>
  +++ |+#include <stdlib.h>
   12 | 
../Core/Src/main.c:220:3: warning: implicit declaration of function 'forward_pid'; did you mean 'forward_task'? [-Wimplicit-function-declaration]
  220 |   forward_pid(40);
      |   ^~~~~~~~~~~
      |   forward_task
../Core/Src/helper.c:27:9: warning: implicit declaration of function 'OLED_ShowString' [-Wimplicit-function-declaration]
   27 |         OLED_ShowString(x, y, buf);
      |         ^~~~~~~~~~~~~~~
../Core/Src/motor.c: In function 'motor_get_drive':
../Core/Src/motor.c:221:5: warning: implicit declaration of function 'move_straight' [-Wimplicit-function-declaration]
  221 |     move_straight(dir);
      |     ^~~~~~~~~~~~~
../Core/Src/motor.c: In function 'forward_pid':
../Core/Src/motor.c:297:5: warning: implicit declaration of function 'sprintf' [-Wimplicit-function-declaration]
  297 |     sprintf(buf, "target_pulse: %u", target_pulses);
      |     ^~~~~~~
../Core/Src/motor.c:12:1: note: include '<stdio.h>' or provide a declaration of 'sprintf'
   11 | #include <math.h>
  +++ |+#include <stdio.h>
   12 | 
../Core/Src/motor.c:297:5: warning: incompatible implicit declaration of built-in function 'sprintf' [-Wbuiltin-declaration-mismatch]
  297 |     sprintf(buf, "target_pulse: %u", target_pulses);
      |     ^~~~~~~
../Core/Src/motor.c:297:5: note: include '<stdio.h>' or provide a declaration of 'sprintf'
../Core/Src/motor.c:297:13: warning: pointer targets in passing argument 1 of 'sprintf' differ in signedness [-Wpointer-sign]
  297 |     sprintf(buf, "target_pulse: %u", target_pulses);
      |             ^~~
      |             |
      |             uint8_t * {aka unsigned char *}
../Core/Src/motor.c:297:13: note: expected 'char *' but argument is of type 'uint8_t *' {aka 'unsigned char *'}
../Core/Src/motor.c:297:34: warning: format '%u' expects argument of type 'unsigned int', but argument 3 has type 'uint32_t' {aka 'long unsigned int'} [-Wformat=]
  297 |     sprintf(buf, "target_pulse: %u", target_pulses);
      |                                 ~^   ~~~~~~~~~~~~~
      |                                  |   |
      |                                  |   uint32_t {aka long unsigned int}
      |                                  unsigned int
      |                                 %lu
../Core/Src/motor.c:311:22: warning: pointer targets in passing argument 3 of 'print_OLED' differ in signedness [-Wpointer-sign]
  311 |     print_OLED(0, 0, "ta: %ld", true, target_angle);
      |                      ^~~~~~~~~
      |                      |
      |                      char *
In file included from ../Core/Inc/servo.h:15,
                 from ../Core/Inc/motor.h:15,
                 from ../Core/Src/motor.c:10:
../Core/Inc/helper.h:30:40: note: expected 'uint8_t *' {aka 'unsigned char *'} but argument is of type 'char *'
   30 | void print_OLED(int x, int y, uint8_t* msg, bool var_exist, int32_t val);
      |                               ~~~~~~~~~^~~
../Core/Src/motor.c:374:27: warning: pointer targets in passing argument 3 of 'print_OLED' differ in signedness [-Wpointer-sign]
  374 |         print_OLED(0, 15, "l: %ld", true, l_angle);
      |                           ^~~~~~~~
      |                           |
      |                           char *
../Core/Inc/helper.h:30:40: note: expected 'uint8_t *' {aka 'unsigned char *'} but argument is of type 'char *'
   30 | void print_OLED(int x, int y, uint8_t* msg, bool var_exist, int32_t val);
      |                               ~~~~~~~~~^~~
../Core/Src/motor.c:375:27: warning: pointer targets in passing argument 3 of 'print_OLED' differ in signedness [-Wpointer-sign]
  375 |         print_OLED(0, 30, "r: %ld", true, r_angle);
      |                           ^~~~~~~~
      |                           |
      |                           char *
../Core/Inc/helper.h:30:40: note: expected 'uint8_t *' {aka 'unsigned char *'} but argument is of type 'char *'
   30 | void print_OLED(int x, int y, uint8_t* msg, bool var_exist, int32_t val);
      |                               ~~~~~~~~~^~~
../Core/Src/motor.c: In function 'backward':
../Core/Src/motor.c:404:5: warning: incompatible implicit declaration of built-in function 'sprintf' [-Wbuiltin-declaration-mismatch]
  404 |     sprintf(buf, "target_pulse: %u", target_pulses);
      |     ^~~~~~~
../Core/Src/motor.c:404:5: note: include '<stdio.h>' or provide a declaration of 'sprintf'
../Core/Src/motor.c:404:13: warning: pointer targets in passing argument 1 of 'sprintf' differ in signedness [-Wpointer-sign]
  404 |     sprintf(buf, "target_pulse: %u", target_pulses);
      |             ^~~
      |             |
      |             uint8_t * {aka unsigned char *}
../Core/Src/motor.c:404:13: note: expected 'char *' but argument is of type 'uint8_t *' {aka 'unsigned char *'}
../Core/Src/motor.c:404:34: warning: format '%u' expects argument of type 'unsigned int', but argument 3 has type 'uint32_t' {aka 'long unsigned int'} [-Wformat=]
  404 |     sprintf(buf, "target_pulse: %u", target_pulses);
      |                                 ~^   ~~~~~~~~~~~~~
      |                                  |   |
      |                                  |   uint32_t {aka long unsigned int}
      |                                  unsigned int
      |                                 %lu
../Core/Src/motor.c:417:27: warning: pointer targets in passing argument 3 of 'OLED_ShowString' differ in signedness [-Wpointer-sign]
  417 |     OLED_ShowString(0, 0, "encoder_cnt: ");
      |                           ^~~~~~~~~~~~~~~
      |                           |
      |                           char *
In file included from ../Core/Inc/motor.h:14:
../Core/Inc/oled.h:44:59: note: expected 'const uint8_t *' {aka 'const unsigned char *'} but argument is of type 'char *'
   44 | void OLED_ShowString(uint8_t x, uint8_t y, const uint8_t *p);
      |                                            ~~~~~~~~~~~~~~~^
../Core/Src/motor.c:423:17: warning: pointer targets in passing argument 1 of 'sprintf' differ in signedness [-Wpointer-sign]
  423 |         sprintf(buf, "%u", encoder_cnt);
      |                 ^~~
      |                 |
      |                 uint8_t * {aka unsigned char *}
../Core/Src/motor.c:423:17: note: expected 'char *' but argument is of type 'uint8_t *' {aka 'unsigned char *'}
../Core/Src/motor.c:423:24: warning: format '%u' expects argument of type 'unsigned int', but argument 3 has type 'uint32_t' {aka 'long unsigned int'} [-Wformat=]
  423 |         sprintf(buf, "%u", encoder_cnt);
      |                       ~^   ~~~~~~~~~~~
      |                        |   |
      |                        |   uint32_t {aka long unsigned int}
      |                        unsigned int
      |                       %lu
../Core/Src/motor.c: In function 'forward_right':
../Core/Src/motor.c:460:27: warning: pointer targets in passing argument 3 of 'OLED_ShowString' differ in signedness [-Wpointer-sign]
  460 |     OLED_ShowString(0, 0, "encoder_cnt: ");
      |                           ^~~~~~~~~~~~~~~
      |                           |
      |                           char *
../Core/Inc/oled.h:44:59: note: expected 'const uint8_t *' {aka 'const unsigned char *'} but argument is of type 'char *'
   44 | void OLED_ShowString(uint8_t x, uint8_t y, const uint8_t *p);
      |                                            ~~~~~~~~~~~~~~~^
../Core/Src/motor.c:466:9: warning: incompatible implicit declaration of built-in function 'sprintf' [-Wbuiltin-declaration-mismatch]
  466 |         sprintf(buf, "%u", encoder_cnt);  // Format encoder count for display
      |         ^~~~~~~
../Core/Src/motor.c:466:9: note: include '<stdio.h>' or provide a declaration of 'sprintf'
../Core/Src/motor.c:466:17: warning: pointer targets in passing argument 1 of 'sprintf' differ in signedness [-Wpointer-sign]
  466 |         sprintf(buf, "%u", encoder_cnt);  // Format encoder count for display
      |                 ^~~
      |                 |
      |                 uint8_t * {aka unsigned char *}
../Core/Src/motor.c:466:17: note: expected 'char *' but argument is of type 'uint8_t *' {aka 'unsigned char *'}
../Core/Src/motor.c:466:24: warning: format '%u' expects argument of type 'unsigned int', but argument 3 has type 'uint32_t' {aka 'long unsigned int'} [-Wformat=]
  466 |         sprintf(buf, "%u", encoder_cnt);  // Format encoder count for display
      |                       ~^   ~~~~~~~~~~~
      |                        |   |
      |                        |   uint32_t {aka long unsigned int}
      |                        unsigned int
      |                       %lu
../Core/Src/motor.c: In function 'forward_left':
../Core/Src/motor.c:501:27: warning: pointer targets in passing argument 3 of 'OLED_ShowString' differ in signedness [-Wpointer-sign]
  501 |     OLED_ShowString(0, 0, "encoder_cnt: ");
      |                           ^~~~~~~~~~~~~~~
      |                           |
      |                           char *
../Core/Inc/oled.h:44:59: note: expected 'const uint8_t *' {aka 'const unsigned char *'} but argument is of type 'char *'
   44 | void OLED_ShowString(uint8_t x, uint8_t y, const uint8_t *p);
      |                                            ~~~~~~~~~~~~~~~^
../Core/Src/motor.c:506:9: warning: incompatible implicit declaration of built-in function 'sprintf' [-Wbuiltin-declaration-mismatch]
  506 |         sprintf(buf, "%u", encoder_cnt);  // Format encoder count for display
      |         ^~~~~~~
../Core/Src/motor.c:506:9: note: include '<stdio.h>' or provide a declaration of 'sprintf'
../Core/Src/motor.c:506:17: warning: pointer targets in passing argument 1 of 'sprintf' differ in signedness [-Wpointer-sign]
  506 |         sprintf(buf, "%u", encoder_cnt);  // Format encoder count for display
      |                 ^~~
      |                 |
      |                 uint8_t * {aka unsigned char *}
../Core/Src/motor.c:506:17: note: expected 'char *' but argument is of type 'uint8_t *' {aka 'unsigned char *'}
../Core/Src/motor.c:506:24: warning: format '%u' expects argument of type 'unsigned int', but argument 3 has type 'uint32_t' {aka 'long unsigned int'} [-Wformat=]
  506 |         sprintf(buf, "%u", encoder_cnt);  // Format encoder count for display
      |                       ~^   ~~~~~~~~~~~
      |                        |   |
      |                        |   uint32_t {aka long unsigned int}
      |                        unsigned int
      |                       %lu
../Core/Src/motor.c: In function 'PID_Control_left':
../Core/Src/motor.c:78:1: warning: control reaches end of non-void function [-Wreturn-type]
   78 | }
      | ^
../Core/Src/motor.c: In function 'PID_Control_right':
../Core/Src/motor.c:112:1: warning: control reaches end of non-void function [-Wreturn-type]
  112 | }
      | ^
../Core/Src/helper.c:28:9: warning: implicit declaration of function 'OLED_Refresh_Gram' [-Wimplicit-function-declaration]
   28 |         OLED_Refresh_Gram();
      |         ^~~~~~~~~~~~~~~~~
../Core/Src/helper.c: In function 'move':
../Core/Src/helper.c:41:35: warning: pointer targets in passing argument 3 of 'print_OLED' differ in signedness [-Wpointer-sign]
   41 |                 print_OLED(0, 30, "Forward", false, 0);
      |                                   ^~~~~~~~~
      |                                   |
      |                                   char *
../Core/Src/helper.c:18:40: note: expected 'uint8_t *' {aka 'unsigned char *'} but argument is of type 'char *'
   18 | void print_OLED(int x, int y, uint8_t* msg, bool var_exist, int32_t val) {
      |                               ~~~~~~~~~^~~
../Core/Src/helper.c:42:17: warning: implicit declaration of function 'forward' [-Wimplicit-function-declaration]
   42 |                 forward(40);
      |                 ^~~~~~~
../Core/Src/helper.c:45:35: warning: pointer targets in passing argument 3 of 'print_OLED' differ in signedness [-Wpointer-sign]
   45 |                 print_OLED(0, 30, "Backward", false, 0);
      |                                   ^~~~~~~~~~
      |                                   |
      |                                   char *
../Core/Src/helper.c:18:40: note: expected 'uint8_t *' {aka 'unsigned char *'} but argument is of type 'char *'
   18 | void print_OLED(int x, int y, uint8_t* msg, bool var_exist, int32_t val) {
      |                               ~~~~~~~~~^~~
../Core/Src/helper.c:46:17: warning: implicit declaration of function 'backward' [-Wimplicit-function-declaration]
   46 |                 backward(40);
      |                 ^~~~~~~~
../Core/Src/helper.c:49:35: warning: pointer targets in passing argument 3 of 'print_OLED' differ in signedness [-Wpointer-sign]
   49 |                 print_OLED(0, 30, "Forward left", false, 0);
      |                                   ^~~~~~~~~~~~~~
      |                                   |
      |                                   char *
../Core/Src/helper.c:18:40: note: expected 'uint8_t *' {aka 'unsigned char *'} but argument is of type 'char *'
   18 | void print_OLED(int x, int y, uint8_t* msg, bool var_exist, int32_t val) {
      |                               ~~~~~~~~~^~~
../Core/Src/helper.c:50:17: warning: implicit declaration of function 'forward_left' [-Wimplicit-function-declaration]
   50 |                 forward_left();
      |                 ^~~~~~~~~~~~
../Core/Src/helper.c:53:35: warning: pointer targets in passing argument 3 of 'print_OLED' differ in signedness [-Wpointer-sign]
   53 |                 print_OLED(0, 30, "Forward right", false, 0);
      |                                   ^~~~~~~~~~~~~~~
      |                                   |
      |                                   char *
../Core/Src/helper.c:18:40: note: expected 'uint8_t *' {aka 'unsigned char *'} but argument is of type 'char *'
   18 | void print_OLED(int x, int y, uint8_t* msg, bool var_exist, int32_t val) {
      |                               ~~~~~~~~~^~~
../Core/Src/helper.c:54:17: warning: implicit declaration of function 'forward_right' [-Wimplicit-function-declaration]
   54 |                 forward_right();
      |                 ^~~~~~~~~~~~~
../Core/Src/helper.c:57:35: warning: pointer targets in passing argument 3 of 'print_OLED' differ in signedness [-Wpointer-sign]
   57 |                 print_OLED(0, 30, "Backward left", false, 0);
      |                                   ^~~~~~~~~~~~~~~
      |                                   |
      |                                   char *
../Core/Src/helper.c:18:40: note: expected 'uint8_t *' {aka 'unsigned char *'} but argument is of type 'char *'
   18 | void print_OLED(int x, int y, uint8_t* msg, bool var_exist, int32_t val) {
      |                               ~~~~~~~~~^~~
../Core/Src/helper.c:58:17: warning: implicit declaration of function 'backward_left' [-Wimplicit-function-declaration]
   58 |                 backward_left();
      |                 ^~~~~~~~~~~~~
../Core/Src/helper.c:61:35: warning: pointer targets in passing argument 3 of 'print_OLED' differ in signedness [-Wpointer-sign]
   61 |                 print_OLED(0, 30, "Backward right", false, 0);
      |                                   ^~~~~~~~~~~~~~~~
      |                                   |
      |                                   char *
../Core/Src/helper.c:18:40: note: expected 'uint8_t *' {aka 'unsigned char *'} but argument is of type 'char *'
   18 | void print_OLED(int x, int y, uint8_t* msg, bool var_exist, int32_t val) {
      |                               ~~~~~~~~~^~~
../Core/Src/helper.c:62:17: warning: implicit declaration of function 'backward_right' [-Wimplicit-function-declaration]
   62 |                 backward_right();
      |                 ^~~~~~~~~~~~~~
../Core/Src/helper.c:65:35: warning: pointer targets in passing argument 3 of 'print_OLED' differ in signedness [-Wpointer-sign]
   65 |                 print_OLED(0, 30, "Stop", false, 0);
      |                                   ^~~~~~
      |                                   |
      |                                   char *
../Core/Src/helper.c:18:40: note: expected 'uint8_t *' {aka 'unsigned char *'} but argument is of type 'char *'
   18 | void print_OLED(int x, int y, uint8_t* msg, bool var_exist, int32_t val) {
      |                               ~~~~~~~~~^~~
../Core/Src/helper.c:66:17: warning: implicit declaration of function 'stop' [-Wimplicit-function-declaration]
   66 |                 stop();
      |                 ^~~~
../Core/Src/helper.c:69:35: warning: pointer targets in passing argument 3 of 'print_OLED' differ in signedness [-Wpointer-sign]
   69 |                 print_OLED(0, 30, "cmd wrong type", false, 0);
      |                                   ^~~~~~~~~~~~~~~~
      |                                   |
      |                                   char *
../Core/Src/helper.c:18:40: note: expected 'uint8_t *' {aka 'unsigned char *'} but argument is of type 'char *'
   18 | void print_OLED(int x, int y, uint8_t* msg, bool var_exist, int32_t val) {
      |                               ~~~~~~~~~^~~
arm-none-eabi-gcc -o "MDP_STM32.elf" @"objects.list"   -mcpu=cortex-m4 -T"D:\3. CE Timetable and Curriculum\7. AY2023-2024 Sem 1 (Year 4)\1. SC2079 - Multidisciplinary Design Project\4. Project\SC2079_GROUP13\Hardware_STM\MDP_STM32\STM32F407VETX_FLASH.ld" --specs=nosys.specs -Wl,-Map="MDP_STM32.map" -Wl,--gc-sections -static -u _printf_float --specs=nano.specs -mfpu=fpv4-sp-d16 -mfloat-abi=hard -mthumb -Wl,--start-group -lc -lm -Wl,--end-group
C:/ST/STM32CubeIDE_1.16.0/STM32CubeIDE/plugins/com.st.stm32cube.ide.mcu.externaltools.gnu-tools-for-stm32.12.3.rel1.win32_1.0.200.202406191623/tools/bin/../lib/gcc/arm-none-eabi/12.3.1/../../../../arm-none-eabi/bin/ld.exe: ./Core/Src/motor.o: in function `motor_init':
D:/3. CE Timetable and Curriculum/7. AY2023-2024 Sem 1 (Year 4)/1. SC2079 - Multidisciplinary Design Project/4. Project/SC2079_GROUP13/Hardware_STM/MDP_STM32/Debug/../Core/Src/motor.c:142: undefined reference to `l_oldpos'
C:/ST/STM32CubeIDE_1.16.0/STM32CubeIDE/plugins/com.st.stm32cube.ide.mcu.externaltools.gnu-tools-for-stm32.12.3.rel1.win32_1.0.200.202406191623/tools/bin/../lib/gcc/arm-none-eabi/12.3.1/../../../../arm-none-eabi/bin/ld.exe: D:/3. CE Timetable and Curriculum/7. AY2023-2024 Sem 1 (Year 4)/1. SC2079 - Multidisciplinary Design Project/4. Project/SC2079_GROUP13/Hardware_STM/MDP_STM32/Debug/../Core/Src/motor.c:142: undefined reference to `r_oldpos'
C:/ST/STM32CubeIDE_1.16.0/STM32CubeIDE/plugins/com.st.stm32cube.ide.mcu.externaltools.gnu-tools-for-stm32.12.3.rel1.win32_1.0.200.202406191623/tools/bin/../lib/gcc/arm-none-eabi/12.3.1/../../../../arm-none-eabi/bin/ld.exe: ./Core/Src/motor.o: in function `forward_pid':
D:/3. CE Timetable and Curriculum/7. AY2023-2024 Sem 1 (Year 4)/1. SC2079 - Multidisciplinary Design Project/4. Project/SC2079_GROUP13/Hardware_STM/MDP_STM32/Debug/../Core/Src/motor.c:315: undefined reference to `l_oldpos'
C:/ST/STM32CubeIDE_1.16.0/STM32CubeIDE/plugins/com.st.stm32cube.ide.mcu.externaltools.gnu-tools-for-stm32.12.3.rel1.win32_1.0.200.202406191623/tools/bin/../lib/gcc/arm-none-eabi/12.3.1/../../../../arm-none-eabi/bin/ld.exe: D:/3. CE Timetable and Curriculum/7. AY2023-2024 Sem 1 (Year 4)/1. SC2079 - Multidisciplinary Design Project/4. Project/SC2079_GROUP13/Hardware_STM/MDP_STM32/Debug/../Core/Src/motor.c:315: undefined reference to `r_oldpos'
collect2.exe: error: ld returned 1 exit status
make: *** [makefile:64: MDP_STM32.elf] Error 1
"make -j8 all" terminated with exit code 2. Build might be incomplete.
16:18:32 **** Incremental Build of configuration Debug for project MDP_STM32 ****
make -j8 all 
arm-none-eabi-gcc "../Core/Src/main.c" -mcpu=cortex-m4 -std=gnu11 -g3 -DDEBUG -DUSE_HAL_DRIVER -DSTM32F407xx -c -I../Core/Inc -I../Drivers/STM32F4xx_HAL_Driver/Inc -I../Drivers/STM32F4xx_HAL_Driver/Inc/Legacy -I../Drivers/CMSIS/Device/ST/STM32F4xx/Include -I../Drivers/CMSIS/Include -O0 -ffunction-sections -fdata-sections -Wall -fstack-usage -fcyclomatic-complexity -MMD -MP -MF"Core/Src/main.d" -MT"Core/Src/main.o" --specs=nano.specs -mfpu=fpv4-sp-d16 -mfloat-abi=hard -mthumb -o "Core/Src/main.o"
arm-none-eabi-gcc "../Core/Src/motor.c" -mcpu=cortex-m4 -std=gnu11 -g3 -DDEBUG -DUSE_HAL_DRIVER -DSTM32F407xx -c -I../Core/Inc -I../Drivers/STM32F4xx_HAL_Driver/Inc -I../Drivers/STM32F4xx_HAL_Driver/Inc/Legacy -I../Drivers/CMSIS/Device/ST/STM32F4xx/Include -I../Drivers/CMSIS/Include -O0 -ffunction-sections -fdata-sections -Wall -fstack-usage -fcyclomatic-complexity -MMD -MP -MF"Core/Src/motor.d" -MT"Core/Src/motor.o" --specs=nano.specs -mfpu=fpv4-sp-d16 -mfloat-abi=hard -mthumb -o "Core/Src/motor.o"
arm-none-eabi-gcc "../Core/Src/servo.c" -mcpu=cortex-m4 -std=gnu11 -g3 -DDEBUG -DUSE_HAL_DRIVER -DSTM32F407xx -c -I../Core/Inc -I../Drivers/STM32F4xx_HAL_Driver/Inc -I../Drivers/STM32F4xx_HAL_Driver/Inc/Legacy -I../Drivers/CMSIS/Device/ST/STM32F4xx/Include -I../Drivers/CMSIS/Include -O0 -ffunction-sections -fdata-sections -Wall -fstack-usage -fcyclomatic-complexity -MMD -MP -MF"Core/Src/servo.d" -MT"Core/Src/servo.o" --specs=nano.specs -mfpu=fpv4-sp-d16 -mfloat-abi=hard -mthumb -o "Core/Src/servo.o"
arm-none-eabi-gcc "../Core/Src/stm32f4xx_it.c" -mcpu=cortex-m4 -std=gnu11 -g3 -DDEBUG -DUSE_HAL_DRIVER -DSTM32F407xx -c -I../Core/Inc -I../Drivers/STM32F4xx_HAL_Driver/Inc -I../Drivers/STM32F4xx_HAL_Driver/Inc/Legacy -I../Drivers/CMSIS/Device/ST/STM32F4xx/Include -I../Drivers/CMSIS/Include -O0 -ffunction-sections -fdata-sections -Wall -fstack-usage -fcyclomatic-complexity -MMD -MP -MF"Core/Src/stm32f4xx_it.d" -MT"Core/Src/stm32f4xx_it.o" --specs=nano.specs -mfpu=fpv4-sp-d16 -mfloat-abi=hard -mthumb -o "Core/Src/stm32f4xx_it.o"
arm-none-eabi-gcc "../Core/Src/test.c" -mcpu=cortex-m4 -std=gnu11 -g3 -DDEBUG -DUSE_HAL_DRIVER -DSTM32F407xx -c -I../Core/Inc -I../Drivers/STM32F4xx_HAL_Driver/Inc -I../Drivers/STM32F4xx_HAL_Driver/Inc/Legacy -I../Drivers/CMSIS/Device/ST/STM32F4xx/Include -I../Drivers/CMSIS/Include -O0 -ffunction-sections -fdata-sections -Wall -fstack-usage -fcyclomatic-complexity -MMD -MP -MF"Core/Src/test.d" -MT"Core/Src/test.o" --specs=nano.specs -mfpu=fpv4-sp-d16 -mfloat-abi=hard -mthumb -o "Core/Src/test.o"
../Core/Src/motor.c: In function 'PID_Control_left':
../Core/Src/motor.c:48:11: warning: implicit declaration of function 'abs' [-Wimplicit-function-declaration]
   48 |       if (abs(l_error)>2){ //more than 2 degree difference
      |           ^~~
../Core/Src/motor.c:12:1: note: include '<stdlib.h>' or provide a declaration of 'abs'
   11 | #include <math.h>
  +++ |+#include <stdlib.h>
   12 | 
../Core/Src/main.c: In function 'main':
../Core/Src/main.c:207:25: warning: pointer targets in passing argument 3 of 'OLED_ShowString' differ in signedness [-Wpointer-sign]
  207 |   OLED_ShowString(0, 0, "Press USER btn");
      |                         ^~~~~~~~~~~~~~~~
      |                         |
      |                         char *
In file included from ../Core/Src/main.c:25:
../Core/Inc/oled.h:44:59: note: expected 'const uint8_t *' {aka 'const unsigned char *'} but argument is of type 'char *'
   44 | void OLED_ShowString(uint8_t x, uint8_t y, const uint8_t *p);
      |                                            ~~~~~~~~~~~~~~~^
../Core/Src/main.c:208:26: warning: pointer targets in passing argument 3 of 'OLED_ShowString' differ in signedness [-Wpointer-sign]
  208 |   OLED_ShowString(0, 15, "to continue");
      |                          ^~~~~~~~~~~~~
      |                          |
      |                          char *
../Core/Inc/oled.h:44:59: note: expected 'const uint8_t *' {aka 'const unsigned char *'} but argument is of type 'char *'
   44 | void OLED_ShowString(uint8_t x, uint8_t y, const uint8_t *p);
      |                                            ~~~~~~~~~~~~~~~^
../Core/Src/motor.c: In function 'motor_get_drive':
../Core/Src/motor.c:221:5: warning: implicit declaration of function 'move_straight' [-Wimplicit-function-declaration]
  221 |     move_straight(dir);
      |     ^~~~~~~~~~~~~
../Core/Src/motor.c: In function 'forward_pid':
../Core/Src/motor.c:297:5: warning: implicit declaration of function 'sprintf' [-Wimplicit-function-declaration]
  297 |     sprintf(buf, "target_pulse: %u", target_pulses);
      |     ^~~~~~~
../Core/Src/motor.c:12:1: note: include '<stdio.h>' or provide a declaration of 'sprintf'
   11 | #include <math.h>
  +++ |+#include <stdio.h>
   12 | 
../Core/Src/motor.c:297:5: warning: incompatible implicit declaration of built-in function 'sprintf' [-Wbuiltin-declaration-mismatch]
  297 |     sprintf(buf, "target_pulse: %u", target_pulses);
      |     ^~~~~~~
../Core/Src/motor.c:297:5: note: include '<stdio.h>' or provide a declaration of 'sprintf'
../Core/Src/motor.c:297:13: warning: pointer targets in passing argument 1 of 'sprintf' differ in signedness [-Wpointer-sign]
  297 |     sprintf(buf, "target_pulse: %u", target_pulses);
      |             ^~~
      |             |
      |             uint8_t * {aka unsigned char *}
../Core/Src/motor.c:297:13: note: expected 'char *' but argument is of type 'uint8_t *' {aka 'unsigned char *'}
../Core/Src/motor.c:297:34: warning: format '%u' expects argument of type 'unsigned int', but argument 3 has type 'uint32_t' {aka 'long unsigned int'} [-Wformat=]
  297 |     sprintf(buf, "target_pulse: %u", target_pulses);
      |                                 ~^   ~~~~~~~~~~~~~
      |                                  |   |
      |                                  |   uint32_t {aka long unsigned int}
      |                                  unsigned int
      |                                 %lu
../Core/Src/motor.c:311:22: warning: pointer targets in passing argument 3 of 'print_OLED' differ in signedness [-Wpointer-sign]
  311 |     print_OLED(0, 0, "ta: %ld", true, target_angle);
      |                      ^~~~~~~~~
      |                      |
      |                      char *
In file included from ../Core/Inc/servo.h:15,
                 from ../Core/Inc/motor.h:15,
                 from ../Core/Src/motor.c:10:
../Core/Inc/helper.h:30:40: note: expected 'uint8_t *' {aka 'unsigned char *'} but argument is of type 'char *'
   30 | void print_OLED(int x, int y, uint8_t* msg, bool var_exist, int32_t val);
      |                               ~~~~~~~~~^~~
../Core/Src/motor.c:374:27: warning: pointer targets in passing argument 3 of 'print_OLED' differ in signedness [-Wpointer-sign]
  374 |         print_OLED(0, 15, "l: %ld", true, l_angle);
      |                           ^~~~~~~~
      |                           |
      |                           char *
../Core/Inc/helper.h:30:40: note: expected 'uint8_t *' {aka 'unsigned char *'} but argument is of type 'char *'
   30 | void print_OLED(int x, int y, uint8_t* msg, bool var_exist, int32_t val);
      |                               ~~~~~~~~~^~~
../Core/Src/motor.c:375:27: warning: pointer targets in passing argument 3 of 'print_OLED' differ in signedness [-Wpointer-sign]
  375 |         print_OLED(0, 30, "r: %ld", true, r_angle);
      |                           ^~~~~~~~
      |                           |
      |                           char *
../Core/Inc/helper.h:30:40: note: expected 'uint8_t *' {aka 'unsigned char *'} but argument is of type 'char *'
   30 | void print_OLED(int x, int y, uint8_t* msg, bool var_exist, int32_t val);
      |                               ~~~~~~~~~^~~
../Core/Src/main.c:220:3: warning: implicit declaration of function 'forward_pid'; did you mean 'forward_task'? [-Wimplicit-function-declaration]
  220 |   forward_pid(40);
      |   ^~~~~~~~~~~
      |   forward_task
../Core/Src/motor.c: In function 'backward':
../Core/Src/motor.c:404:5: warning: incompatible implicit declaration of built-in function 'sprintf' [-Wbuiltin-declaration-mismatch]
  404 |     sprintf(buf, "target_pulse: %u", target_pulses);
      |     ^~~~~~~
../Core/Src/motor.c:404:5: note: include '<stdio.h>' or provide a declaration of 'sprintf'
../Core/Src/motor.c:404:13: warning: pointer targets in passing argument 1 of 'sprintf' differ in signedness [-Wpointer-sign]
  404 |     sprintf(buf, "target_pulse: %u", target_pulses);
      |             ^~~
      |             |
      |             uint8_t * {aka unsigned char *}
../Core/Src/motor.c:404:13: note: expected 'char *' but argument is of type 'uint8_t *' {aka 'unsigned char *'}
../Core/Src/motor.c:404:34: warning: format '%u' expects argument of type 'unsigned int', but argument 3 has type 'uint32_t' {aka 'long unsigned int'} [-Wformat=]
  404 |     sprintf(buf, "target_pulse: %u", target_pulses);
      |                                 ~^   ~~~~~~~~~~~~~
      |                                  |   |
      |                                  |   uint32_t {aka long unsigned int}
      |                                  unsigned int
      |                                 %lu
../Core/Src/motor.c:417:27: warning: pointer targets in passing argument 3 of 'OLED_ShowString' differ in signedness [-Wpointer-sign]
  417 |     OLED_ShowString(0, 0, "encoder_cnt: ");
      |                           ^~~~~~~~~~~~~~~
      |                           |
      |                           char *
In file included from ../Core/Inc/motor.h:14:
../Core/Inc/oled.h:44:59: note: expected 'const uint8_t *' {aka 'const unsigned char *'} but argument is of type 'char *'
   44 | void OLED_ShowString(uint8_t x, uint8_t y, const uint8_t *p);
      |                                            ~~~~~~~~~~~~~~~^
../Core/Src/motor.c:423:17: warning: pointer targets in passing argument 1 of 'sprintf' differ in signedness [-Wpointer-sign]
  423 |         sprintf(buf, "%u", encoder_cnt);
      |                 ^~~
      |                 |
      |                 uint8_t * {aka unsigned char *}
../Core/Src/motor.c:423:17: note: expected 'char *' but argument is of type 'uint8_t *' {aka 'unsigned char *'}
../Core/Src/motor.c:423:24: warning: format '%u' expects argument of type 'unsigned int', but argument 3 has type 'uint32_t' {aka 'long unsigned int'} [-Wformat=]
  423 |         sprintf(buf, "%u", encoder_cnt);
      |                       ~^   ~~~~~~~~~~~
      |                        |   |
      |                        |   uint32_t {aka long unsigned int}
      |                        unsigned int
      |                       %lu
../Core/Src/motor.c: In function 'forward_right':
../Core/Src/motor.c:460:27: warning: pointer targets in passing argument 3 of 'OLED_ShowString' differ in signedness [-Wpointer-sign]
  460 |     OLED_ShowString(0, 0, "encoder_cnt: ");
      |                           ^~~~~~~~~~~~~~~
      |                           |
      |                           char *
../Core/Inc/oled.h:44:59: note: expected 'const uint8_t *' {aka 'const unsigned char *'} but argument is of type 'char *'
   44 | void OLED_ShowString(uint8_t x, uint8_t y, const uint8_t *p);
      |                                            ~~~~~~~~~~~~~~~^
../Core/Src/motor.c:466:9: warning: incompatible implicit declaration of built-in function 'sprintf' [-Wbuiltin-declaration-mismatch]
  466 |         sprintf(buf, "%u", encoder_cnt);  // Format encoder count for display
      |         ^~~~~~~
../Core/Src/motor.c:466:9: note: include '<stdio.h>' or provide a declaration of 'sprintf'
../Core/Src/motor.c:466:17: warning: pointer targets in passing argument 1 of 'sprintf' differ in signedness [-Wpointer-sign]
  466 |         sprintf(buf, "%u", encoder_cnt);  // Format encoder count for display
      |                 ^~~
      |                 |
      |                 uint8_t * {aka unsigned char *}
../Core/Src/motor.c:466:17: note: expected 'char *' but argument is of type 'uint8_t *' {aka 'unsigned char *'}
../Core/Src/motor.c:466:24: warning: format '%u' expects argument of type 'unsigned int', but argument 3 has type 'uint32_t' {aka 'long unsigned int'} [-Wformat=]
  466 |         sprintf(buf, "%u", encoder_cnt);  // Format encoder count for display
      |                       ~^   ~~~~~~~~~~~
      |                        |   |
      |                        |   uint32_t {aka long unsigned int}
      |                        unsigned int
      |                       %lu
../Core/Src/motor.c: In function 'forward_left':
../Core/Src/motor.c:501:27: warning: pointer targets in passing argument 3 of 'OLED_ShowString' differ in signedness [-Wpointer-sign]
  501 |     OLED_ShowString(0, 0, "encoder_cnt: ");
      |                           ^~~~~~~~~~~~~~~
      |                           |
      |                           char *
../Core/Inc/oled.h:44:59: note: expected 'const uint8_t *' {aka 'const unsigned char *'} but argument is of type 'char *'
   44 | void OLED_ShowString(uint8_t x, uint8_t y, const uint8_t *p);
      |                                            ~~~~~~~~~~~~~~~^
../Core/Src/motor.c:506:9: warning: incompatible implicit declaration of built-in function 'sprintf' [-Wbuiltin-declaration-mismatch]
  506 |         sprintf(buf, "%u", encoder_cnt);  // Format encoder count for display
      |         ^~~~~~~
../Core/Src/motor.c:506:9: note: include '<stdio.h>' or provide a declaration of 'sprintf'
../Core/Src/motor.c:506:17: warning: pointer targets in passing argument 1 of 'sprintf' differ in signedness [-Wpointer-sign]
  506 |         sprintf(buf, "%u", encoder_cnt);  // Format encoder count for display
      |                 ^~~
      |                 |
      |                 uint8_t * {aka unsigned char *}
../Core/Src/motor.c:506:17: note: expected 'char *' but argument is of type 'uint8_t *' {aka 'unsigned char *'}
../Core/Src/motor.c:506:24: warning: format '%u' expects argument of type 'unsigned int', but argument 3 has type 'uint32_t' {aka 'long unsigned int'} [-Wformat=]
  506 |         sprintf(buf, "%u", encoder_cnt);  // Format encoder count for display
      |                       ~^   ~~~~~~~~~~~
      |                        |   |
      |                        |   uint32_t {aka long unsigned int}
      |                        unsigned int
      |                       %lu
../Core/Src/motor.c: In function 'PID_Control_left':
../Core/Src/motor.c:78:1: warning: control reaches end of non-void function [-Wreturn-type]
   78 | }
      | ^
../Core/Src/motor.c: In function 'PID_Control_right':
../Core/Src/motor.c:112:1: warning: control reaches end of non-void function [-Wreturn-type]
  112 | }
      | ^
../Core/Src/test.c: In function 'task_A1':
../Core/Src/test.c:15:17: warning: implicit declaration of function 'servo_set_val'; did you mean 'servo_set_dir'? [-Wimplicit-function-declaration]
   15 |                 servo_set_val(LEFT);
      |                 ^~~~~~~~~~~~~
      |                 servo_set_dir
../Core/Src/test.c:18:39: warning: pointer targets in passing argument 3 of 'OLED_ShowString' differ in signedness [-Wpointer-sign]
   18 |                 OLED_ShowString(0, 0, "Left");
      |                                       ^~~~~~
      |                                       |
      |                                       char *
In file included from ../Core/Inc/test.h:12,
                 from ../Core/Src/test.c:8:
../Core/Inc/oled.h:44:59: note: expected 'const uint8_t *' {aka 'const unsigned char *'} but argument is of type 'char *'
   44 | void OLED_ShowString(uint8_t x, uint8_t y, const uint8_t *p);
      |                                            ~~~~~~~~~~~~~~~^
../Core/Src/test.c:20:17: warning: implicit declaration of function 'motor_forward_left'; did you mean 'motor_forward'? [-Wimplicit-function-declaration]
   20 |                 motor_forward_left(90);
      |                 ^~~~~~~~~~~~~~~~~~
      |                 motor_forward
../Core/Src/test.c: In function 'task_A4_right':
../Core/Src/test.c:50:19: warning: implicit declaration of function 'motor_forward_right'; did you mean 'forward_right'? [-Wimplicit-function-declaration]
   50 |                   motor_forward_right(90);
      |                   ^~~~~~~~~~~~~~~~~~~
      |                   forward_right
../Core/Src/test.c: In function 'abhinav_task':
../Core/Src/test.c:64:17: warning: implicit declaration of function 'motor_backward_inf'; did you mean 'motor_backward'? [-Wimplicit-function-declaration]
   64 |                 motor_backward_inf();
      |                 ^~~~~~~~~~~~~~~~~~
      |                 motor_backward
../Core/Src/test.c: In function 'moving_task':
../Core/Src/test.c:84:39: warning: pointer targets in passing argument 3 of 'OLED_ShowString' differ in signedness [-Wpointer-sign]
   84 |                 OLED_ShowString(0, 0, "Forward");
      |                                       ^~~~~~~~~
      |                                       |
      |                                       char *
../Core/Inc/oled.h:44:59: note: expected 'const uint8_t *' {aka 'const unsigned char *'} but argument is of type 'char *'
   44 | void OLED_ShowString(uint8_t x, uint8_t y, const uint8_t *p);
      |                                            ~~~~~~~~~~~~~~~^
../Core/Src/test.c:91:39: warning: pointer targets in passing argument 3 of 'OLED_ShowString' differ in signedness [-Wpointer-sign]
   91 |                 OLED_ShowString(0, 0, "Backward");
      |                                       ^~~~~~~~~~
      |                                       |
      |                                       char *
../Core/Inc/oled.h:44:59: note: expected 'const uint8_t *' {aka 'const unsigned char *'} but argument is of type 'char *'
   44 | void OLED_ShowString(uint8_t x, uint8_t y, const uint8_t *p);
      |                                            ~~~~~~~~~~~~~~~^
../Core/Src/test.c:98:39: warning: pointer targets in passing argument 3 of 'OLED_ShowString' differ in signedness [-Wpointer-sign]
   98 |                 OLED_ShowString(0, 0, "Left");
      |                                       ^~~~~~
      |                                       |
      |                                       char *
../Core/Inc/oled.h:44:59: note: expected 'const uint8_t *' {aka 'const unsigned char *'} but argument is of type 'char *'
   44 | void OLED_ShowString(uint8_t x, uint8_t y, const uint8_t *p);
      |                                            ~~~~~~~~~~~~~~~^
../Core/Src/test.c:105:39: warning: pointer targets in passing argument 3 of 'OLED_ShowString' differ in signedness [-Wpointer-sign]
  105 |                 OLED_ShowString(0, 0, "Right");
      |                                       ^~~~~~~
      |                                       |
      |                                       char *
../Core/Inc/oled.h:44:59: note: expected 'const uint8_t *' {aka 'const unsigned char *'} but argument is of type 'char *'
   44 | void OLED_ShowString(uint8_t x, uint8_t y, const uint8_t *p);
      |                                            ~~~~~~~~~~~~~~~^
../Core/Src/test.c: In function 'ultrasonic_task':
../Core/Src/test.c:137:5: warning: implicit declaration of function 'HCSR04_Init' [-Wimplicit-function-declaration]
  137 |     HCSR04_Init();
      |     ^~~~~~~~~~~
../Core/Src/test.c:140:22: warning: pointer targets in passing argument 3 of 'print_OLED' differ in signedness [-Wpointer-sign]
  140 |     print_OLED(0, 0, "tc1:", false, 0);
      |                      ^~~~~~
      |                      |
      |                      char *
In file included from ../Core/Inc/test.h:13:
../Core/Inc/helper.h:30:40: note: expected 'uint8_t *' {aka 'unsigned char *'} but argument is of type 'char *'
   30 | void print_OLED(int x, int y, uint8_t* msg, bool var_exist, int32_t val);
      |                               ~~~~~~~~~^~~
../Core/Src/test.c:141:23: warning: pointer targets in passing argument 3 of 'print_OLED' differ in signedness [-Wpointer-sign]
  141 |     print_OLED(0, 15, "tc2:", false, 0);
      |                       ^~~~~~
      |                       |
      |                       char *
../Core/Inc/helper.h:30:40: note: expected 'uint8_t *' {aka 'unsigned char *'} but argument is of type 'char *'
   30 | void print_OLED(int x, int y, uint8_t* msg, bool var_exist, int32_t val);
      |                               ~~~~~~~~~^~~
../Core/Src/test.c:142:23: warning: pointer targets in passing argument 3 of 'print_OLED' differ in signedness [-Wpointer-sign]
  142 |     print_OLED(0, 30, "echo:", false, 0);
      |                       ^~~~~~~
      |                       |
      |                       char *
../Core/Inc/helper.h:30:40: note: expected 'uint8_t *' {aka 'unsigned char *'} but argument is of type 'char *'
   30 | void print_OLED(int x, int y, uint8_t* msg, bool var_exist, int32_t val);
      |                               ~~~~~~~~~^~~
../Core/Src/test.c:143:23: warning: pointer targets in passing argument 3 of 'print_OLED' differ in signedness [-Wpointer-sign]
  143 |     print_OLED(0, 45, "dist:", false, 0);
      |                       ^~~~~~~
      |                       |
      |                       char *
../Core/Inc/helper.h:30:40: note: expected 'uint8_t *' {aka 'unsigned char *'} but argument is of type 'char *'
   30 | void print_OLED(int x, int y, uint8_t* msg, bool var_exist, int32_t val);
      |                               ~~~~~~~~~^~~
../Core/Src/test.c:145:23: warning: pointer targets in passing argument 3 of 'print_OLED' differ in signedness [-Wpointer-sign]
  145 |     print_OLED(40, 0, "%u", true, tc1);
      |                       ^~~~
      |                       |
      |                       char *
../Core/Inc/helper.h:30:40: note: expected 'uint8_t *' {aka 'unsigned char *'} but argument is of type 'char *'
   30 | void print_OLED(int x, int y, uint8_t* msg, bool var_exist, int32_t val);
      |                               ~~~~~~~~~^~~
../Core/Src/test.c:146:24: warning: pointer targets in passing argument 3 of 'print_OLED' differ in signedness [-Wpointer-sign]
  146 |     print_OLED(40, 15, "%u", true, tc2);
      |                        ^~~~
      |                        |
      |                        char *
../Core/Inc/helper.h:30:40: note: expected 'uint8_t *' {aka 'unsigned char *'} but argument is of type 'char *'
   30 | void print_OLED(int x, int y, uint8_t* msg, bool var_exist, int32_t val);
      |                               ~~~~~~~~~^~~
../Core/Src/test.c:147:24: warning: pointer targets in passing argument 3 of 'print_OLED' differ in signedness [-Wpointer-sign]
  147 |     print_OLED(40, 30, "%u", true, echo);
      |                        ^~~~
      |                        |
      |                        char *
../Core/Inc/helper.h:30:40: note: expected 'uint8_t *' {aka 'unsigned char *'} but argument is of type 'char *'
   30 | void print_OLED(int x, int y, uint8_t* msg, bool var_exist, int32_t val);
      |                               ~~~~~~~~~^~~
../Core/Src/test.c:148:24: warning: pointer targets in passing argument 3 of 'print_OLED' differ in signedness [-Wpointer-sign]
  148 |     print_OLED(40, 45, "%u", true, dist);
      |                        ^~~~
      |                        |
      |                        char *
../Core/Inc/helper.h:30:40: note: expected 'uint8_t *' {aka 'unsigned char *'} but argument is of type 'char *'
   30 | void print_OLED(int x, int y, uint8_t* msg, bool var_exist, int32_t val);
      |                               ~~~~~~~~~^~~
../Core/Src/test.c: In function 'gyroscope_task':
../Core/Src/test.c:158:9: warning: implicit declaration of function 'print_value' [-Wimplicit-function-declaration]
  158 |         print_value(0, 0, "gyro: %f", sensor.gyroZ);
      |         ^~~~~~~~~~~
../Core/Src/test.c: In function 'UART3_task':
../Core/Src/test.c:162:26: warning: pointer targets in passing argument 3 of 'print_OLED' differ in signedness [-Wpointer-sign]
  162 |         print_OLED(0, 0, "cmd_cnt: %u", true, cmd_cnt);
      |                          ^~~~~~~~~~~~~
      |                          |
      |                          char *
../Core/Inc/helper.h:30:40: note: expected 'uint8_t *' {aka 'unsigned char *'} but argument is of type 'char *'
   30 | void print_OLED(int x, int y, uint8_t* msg, bool var_exist, int32_t val);
      |                               ~~~~~~~~~^~~
arm-none-eabi-gcc -o "MDP_STM32.elf" @"objects.list"   -mcpu=cortex-m4 -T"D:\3. CE Timetable and Curriculum\7. AY2023-2024 Sem 1 (Year 4)\1. SC2079 - Multidisciplinary Design Project\4. Project\SC2079_GROUP13\Hardware_STM\MDP_STM32\STM32F407VETX_FLASH.ld" --specs=nosys.specs -Wl,-Map="MDP_STM32.map" -Wl,--gc-sections -static -u _printf_float --specs=nano.specs -mfpu=fpv4-sp-d16 -mfloat-abi=hard -mthumb -Wl,--start-group -lc -lm -Wl,--end-group
Finished building target: MDP_STM32.elf
 
arm-none-eabi-size  MDP_STM32.elf 
arm-none-eabi-objdump -h -S MDP_STM32.elf  > "MDP_STM32.list"
   text	   data	    bss	    dec	    hex	filename
  42800	    476	   4684	  47960	   bb58	MDP_STM32.elf
Finished building: default.size.stdout
 
Finished building: MDP_STM32.list
 
16:18:36 **** Incremental Build of configuration Debug for project MDP_STM32 ****
make -j8 all 
arm-none-eabi-size  MDP_STM32.elf 
   text	   data	    bss	    dec	    hex	filename
  42800	    476	   4684	  47960	   bb58	MDP_STM32.elf
Finished building: default.size.stdout
 
16:18:45 **** Incremental Build of configuration Debug for project MDP_STM32 ****
make -j8 all 
arm-none-eabi-size  MDP_STM32.elf 
   text	   data	    bss	    dec	    hex	filename
  42800	    476	   4684	  47960	   bb58	MDP_STM32.elf
Finished building: default.size.stdout
 
16:19:07 **** Incremental Build of configuration Debug for project MDP_STM32 ****
make -j8 all 
arm-none-eabi-size  MDP_STM32.elf 
   text	   data	    bss	    dec	    hex	filename
  42800	    476	   4684	  47960	   bb58	MDP_STM32.elf
Finished building: default.size.stdout
 
16:19:15 **** Incremental Build of configuration Debug for project MDP_STM32 ****
make -j8 all 
arm-none-eabi-size  MDP_STM32.elf 
   text	   data	    bss	    dec	    hex	filename
  42800	    476	   4684	  47960	   bb58	MDP_STM32.elf
Finished building: default.size.stdout
 
16:19:25 **** Incremental Build of configuration Debug for project MDP_STM32 ****
make -j8 all 
arm-none-eabi-size  MDP_STM32.elf 
   text	   data	    bss	    dec	    hex	filename
  42800	    476	   4684	  47960	   bb58	MDP_STM32.elf
Finished building: default.size.stdout
 
