14:24:06 **** Incremental Build of configuration Debug for project MDP_STM32 ****
make -j8 all 
arm-none-eabi-gcc "../Core/Src/main.c" -mcpu=cortex-m4 -std=gnu11 -g3 -DDEBUG -DUSE_HAL_DRIVER -DSTM32F407xx -c -I../Core/Inc -I../Drivers/STM32F4xx_HAL_Driver/Inc -I../Drivers/STM32F4xx_HAL_Driver/Inc/Legacy -I../Drivers/CMSIS/Device/ST/STM32F4xx/Include -I../Drivers/CMSIS/Include -O0 -ffunction-sections -fdata-sections -Wall -u _printf_float -fstack-usage -fcyclomatic-complexity -MMD -MP -MF"Core/Src/main.d" -MT"Core/Src/main.o" --specs=nano.specs -mfpu=fpv4-sp-d16 -mfloat-abi=hard -mthumb -o "Core/Src/main.o"
../Core/Src/main.c: In function 'HAL_TIM_IC_CaptureCallback':
../Core/Src/main.c:118:20: warning: pointer targets in passing argument 3 of 'print_OLED' differ in signedness [-Wpointer-sign]
  118 |   print_OLED(0, 0, "Enter capture", false, 0);
      |                    ^~~~~~~~~~~~~~~
      |                    |
      |                    char *
In file included from ../Core/Src/main.c:26:
../Core/Inc/helper.h:30:40: note: expected 'uint8_t *' {aka 'unsigned char *'} but argument is of type 'char *'
   30 | void print_OLED(int x, int y, uint8_t* msg, bool var_exist, int32_t val);
      |                               ~~~~~~~~~^~~
../Core/Src/main.c: In function 'main':
../Core/Src/main.c:199:25: warning: pointer targets in passing argument 3 of 'OLED_ShowString' differ in signedness [-Wpointer-sign]
  199 |   OLED_ShowString(0, 0, "Press USER btn");
      |                         ^~~~~~~~~~~~~~~~
      |                         |
      |                         char *
In file included from ../Core/Src/main.c:25:
../Core/Inc/oled.h:44:59: note: expected 'const uint8_t *' {aka 'const unsigned char *'} but argument is of type 'char *'
   44 | void OLED_ShowString(uint8_t x, uint8_t y, const uint8_t *p);
      |                                            ~~~~~~~~~~~~~~~^
../Core/Src/main.c:200:26: warning: pointer targets in passing argument 3 of 'OLED_ShowString' differ in signedness [-Wpointer-sign]
  200 |   OLED_ShowString(0, 15, "to continue");
      |                          ^~~~~~~~~~~~~
      |                          |
      |                          char *
../Core/Inc/oled.h:44:59: note: expected 'const uint8_t *' {aka 'const unsigned char *'} but argument is of type 'char *'
   44 | void OLED_ShowString(uint8_t x, uint8_t y, const uint8_t *p);
      |                                            ~~~~~~~~~~~~~~~^
../Core/Src/main.c:212:26: warning: pointer targets in passing argument 3 of 'print_OLED' differ in signedness [-Wpointer-sign]
  212 |         print_OLED(0, 0, "tc1:", false, 0);
      |                          ^~~~~~
      |                          |
      |                          char *
../Core/Inc/helper.h:30:40: note: expected 'uint8_t *' {aka 'unsigned char *'} but argument is of type 'char *'
   30 | void print_OLED(int x, int y, uint8_t* msg, bool var_exist, int32_t val);
      |                               ~~~~~~~~~^~~
../Core/Src/main.c:213:27: warning: pointer targets in passing argument 3 of 'print_OLED' differ in signedness [-Wpointer-sign]
  213 |         print_OLED(0, 15, "tc2:", false, 0);
      |                           ^~~~~~
      |                           |
      |                           char *
../Core/Inc/helper.h:30:40: note: expected 'uint8_t *' {aka 'unsigned char *'} but argument is of type 'char *'
   30 | void print_OLED(int x, int y, uint8_t* msg, bool var_exist, int32_t val);
      |                               ~~~~~~~~~^~~
../Core/Src/main.c:214:27: warning: pointer targets in passing argument 3 of 'print_OLED' differ in signedness [-Wpointer-sign]
  214 |         print_OLED(0, 30, "echo:", false, 0);
      |                           ^~~~~~~
      |                           |
      |                           char *
../Core/Inc/helper.h:30:40: note: expected 'uint8_t *' {aka 'unsigned char *'} but argument is of type 'char *'
   30 | void print_OLED(int x, int y, uint8_t* msg, bool var_exist, int32_t val);
      |                               ~~~~~~~~~^~~
../Core/Src/main.c:215:27: warning: pointer targets in passing argument 3 of 'print_OLED' differ in signedness [-Wpointer-sign]
  215 |         print_OLED(0, 45, "dist:", false, 0);
      |                           ^~~~~~~
      |                           |
      |                           char *
../Core/Inc/helper.h:30:40: note: expected 'uint8_t *' {aka 'unsigned char *'} but argument is of type 'char *'
   30 | void print_OLED(int x, int y, uint8_t* msg, bool var_exist, int32_t val);
      |                               ~~~~~~~~~^~~
../Core/Src/main.c:220:35: warning: pointer targets in passing argument 3 of 'print_OLED' differ in signedness [-Wpointer-sign]
  220 |                 print_OLED(40, 0, "%u", true, tc1);
      |                                   ^~~~
      |                                   |
      |                                   char *
../Core/Inc/helper.h:30:40: note: expected 'uint8_t *' {aka 'unsigned char *'} but argument is of type 'char *'
   30 | void print_OLED(int x, int y, uint8_t* msg, bool var_exist, int32_t val);
      |                               ~~~~~~~~~^~~
../Core/Src/main.c:221:36: warning: pointer targets in passing argument 3 of 'print_OLED' differ in signedness [-Wpointer-sign]
  221 |                 print_OLED(40, 15, "%u", true, tc2);
      |                                    ^~~~
      |                                    |
      |                                    char *
../Core/Inc/helper.h:30:40: note: expected 'uint8_t *' {aka 'unsigned char *'} but argument is of type 'char *'
   30 | void print_OLED(int x, int y, uint8_t* msg, bool var_exist, int32_t val);
      |                               ~~~~~~~~~^~~
../Core/Src/main.c:222:36: warning: pointer targets in passing argument 3 of 'print_OLED' differ in signedness [-Wpointer-sign]
  222 |                 print_OLED(40, 30, "%u", true, echo);
      |                                    ^~~~
      |                                    |
      |                                    char *
../Core/Inc/helper.h:30:40: note: expected 'uint8_t *' {aka 'unsigned char *'} but argument is of type 'char *'
   30 | void print_OLED(int x, int y, uint8_t* msg, bool var_exist, int32_t val);
      |                               ~~~~~~~~~^~~
../Core/Src/main.c:223:36: warning: pointer targets in passing argument 3 of 'print_OLED' differ in signedness [-Wpointer-sign]
  223 |                 print_OLED(40, 45, "%.3f", true, dist);
      |                                    ^~~~~~
      |                                    |
      |                                    char *
../Core/Inc/helper.h:30:40: note: expected 'uint8_t *' {aka 'unsigned char *'} but argument is of type 'char *'
   30 | void print_OLED(int x, int y, uint8_t* msg, bool var_exist, int32_t val);
      |                               ~~~~~~~~~^~~
arm-none-eabi-gcc -o "MDP_STM32.elf" @"objects.list"   -mcpu=cortex-m4 -T"D:\3. CE Timetable and Curriculum\7. AY2023-2024 Sem 1 (Year 4)\1. SC2079 - Multidisciplinary Design Project\4. Project\SC2079_GROUP13\Hardware_STM\MDP_STM32\STM32F407VETX_FLASH.ld" --specs=nosys.specs -Wl,-Map="MDP_STM32.map" -Wl,--gc-sections -static -u _printf_float --specs=nano.specs -mfpu=fpv4-sp-d16 -mfloat-abi=hard -mthumb -Wl,--start-group -lc -lm -Wl,--end-group
Finished building target: MDP_STM32.elf
 
arm-none-eabi-size  MDP_STM32.elf 
arm-none-eabi-objdump -h -S MDP_STM32.elf  > "MDP_STM32.list"
   text	   data	    bss	    dec	    hex	filename
  43608	    476	   4612	  48696	   be38	MDP_STM32.elf
Finished building: default.size.stdout
 
Finished building: MDP_STM32.list
 

14:24:07 Build Finished. 0 errors, 11 warnings. (took 810ms)

