12:18:47 **** Incremental Build of configuration Debug for project MDPFinal ****
make -j8 all 
arm-none-eabi-gcc "../Core/Src/main.c" -mcpu=cortex-m4 -std=gnu11 -g3 -DDEBUG -DUSE_HAL_DRIVER -DSTM32F407xx -c -I../Core/Inc -I../Drivers/STM32F4xx_HAL_Driver/Inc -I../Drivers/STM32F4xx_HAL_Driver/Inc/Legacy -I../Drivers/CMSIS/Device/ST/STM32F4xx/Include -I../Drivers/CMSIS/Include -I../Middlewares/Third_Party/FreeRTOS/Source/include -I../Middlewares/Third_Party/FreeRTOS/Source/CMSIS_RTOS_V2 -I../Middlewares/Third_Party/FreeRTOS/Source/portable/GCC/ARM_CM4F -O0 -ffunction-sections -fdata-sections -Wall -fstack-usage -fcyclomatic-complexity -MMD -MP -MF"Core/Src/main.d" -MT"Core/Src/main.o" --specs=nano.specs -mfpu=fpv4-sp-d16 -mfloat-abi=hard -mthumb -o "Core/Src/main.o"
../Core/Src/main.c:317:18: warning: overflow in conversion from 'double' to 'short unsigned int' changes value from '-1.8397e+3' to '0' [-Woverflow]
  317 |         {1686.6, -1839.7, SERVO_CENTER, 0, DIR_FORWARD}, // FW00
      |                  ^
../Core/Src/main.c:318:10: warning: overflow in conversion from 'double' to 'short unsigned int' changes value from '-1.6865999999999999e+3' to '0' [-Woverflow]
  318 |         {-1686.6, 1839.7, SERVO_CENTER, 0, DIR_BACKWARD},
      |          ^
../Core/Src/main.c: In function 'HAL_UART_RxCpltCallback':
../Core/Src/main.c:1301:25: warning: implicit declaration of function 'memcpy' [-Wimplicit-function-declaration]
 1301 |                         memcpy(d, (void*) &aRxBuffer[2], 2);
      |                         ^~~~~~
../Core/Src/main.c:31:1: note: include '<string.h>' or provide a declaration of 'memcpy'
   30 | #include "ICM20948.h"
  +++ |+#include <string.h>
   31 | /* USER CODE END Includes */
../Core/Src/main.c:1301:25: warning: incompatible implicit declaration of built-in function 'memcpy' [-Wbuiltin-declaration-mismatch]
 1301 |                         memcpy(d, (void*) &aRxBuffer[2], 2);
      |                         ^~~~~~
../Core/Src/main.c:1301:25: note: include '<string.h>' or provide a declaration of 'memcpy'
../Core/Src/main.c:1316:25: warning: pointer targets in passing argument 1 of 'sprintf' differ in signedness [-Wpointer-sign]
 1316 |                 sprintf(message1, "cmd:%c,%d", directionCmd, data);
      |                         ^~~~~~~~
      |                         |
      |                         uint8_t * {aka unsigned char *}
In file included from ../Core/Inc/ICM20948.h:4,
                 from ../Core/Src/main.c:26:
C:\ST\STM32CubeIDE_1.16.0\STM32CubeIDE\plugins\com.st.stm32cube.ide.mcu.externaltools.gnu-tools-for-stm32.12.3.rel1.win32_1.0.200.202406191623\tools\bin/../lib/gcc/arm-none-eabi/12.3.1/../../../../arm-none-eabi/include/stdio.h:250:18: note: expected 'char * restrict' but argument is of type 'uint8_t *' {aka 'unsigned char *'}
  250 | int     sprintf (char *__restrict, const char *__restrict, ...)
      |                  ^
../Core/Src/main.c:1316:44: warning: format '%d' expects argument of type 'int', but argument 4 has type 'uint32_t' {aka 'long unsigned int'} [-Wformat=]
 1316 |                 sprintf(message1, "cmd:%c,%d", directionCmd, data);
      |                                           ~^                 ~~~~
      |                                            |                 |
      |                                            int               uint32_t {aka long unsigned int}
      |                                           %ld
../Core/Src/main.c: In function 'StartIRTask':
../Core/Src/main.c:1383:25: warning: pointer targets in passing argument 1 of 'sprintf' differ in signedness [-Wpointer-sign]
 1383 |                 sprintf(irVal, "L: %d R: %d \0", (int) iDistanceL, iDistanceR);
      |                         ^~~~~
      |                         |
      |                         uint8_t * {aka unsigned char *}
C:\ST\STM32CubeIDE_1.16.0\STM32CubeIDE\plugins\com.st.stm32cube.ide.mcu.externaltools.gnu-tools-for-stm32.12.3.rel1.win32_1.0.200.202406191623\tools\bin/../lib/gcc/arm-none-eabi/12.3.1/../../../../arm-none-eabi/include/stdio.h:250:18: note: expected 'char * restrict' but argument is of type 'uint8_t *' {aka 'unsigned char *'}
  250 | int     sprintf (char *__restrict, const char *__restrict, ...)
      |                  ^
../Core/Src/main.c:1383:45: warning: embedded '\0' in format [-Wformat-contains-nul]
 1383 |                 sprintf(irVal, "L: %d R: %d \0", (int) iDistanceL, iDistanceR);
      |                                             ^~
../Core/Src/main.c: In function 'RobotTurn':
../Core/Src/main.c:1558:27: warning: pointer targets in passing argument 1 of 'sprintf' differ in signedness [-Wpointer-sign]
 1558 |                   sprintf(tempbuf, "%f", angleNow);
      |                           ^~~~~~~
      |                           |
      |                           uint8_t * {aka unsigned char *}
C:\ST\STM32CubeIDE_1.16.0\STM32CubeIDE\plugins\com.st.stm32cube.ide.mcu.externaltools.gnu-tools-for-stm32.12.3.rel1.win32_1.0.200.202406191623\tools\bin/../lib/gcc/arm-none-eabi/12.3.1/../../../../arm-none-eabi/include/stdio.h:250:18: note: expected 'char * restrict' but argument is of type 'uint8_t *' {aka 'unsigned char *'}
  250 | int     sprintf (char *__restrict, const char *__restrict, ...)
      |                  ^
../Core/Src/main.c: In function 'runOledTask':
../Core/Src/main.c:1754:25: warning: pointer targets in passing argument 1 of 'sprintf' differ in signedness [-Wpointer-sign]
 1754 |                 sprintf(message1, "cmd:%c,%d", directionCmd, data);
      |                         ^~~~~~~~
      |                         |
      |                         uint8_t * {aka unsigned char *}
C:\ST\STM32CubeIDE_1.16.0\STM32CubeIDE\plugins\com.st.stm32cube.ide.mcu.externaltools.gnu-tools-for-stm32.12.3.rel1.win32_1.0.200.202406191623\tools\bin/../lib/gcc/arm-none-eabi/12.3.1/../../../../arm-none-eabi/include/stdio.h:250:18: note: expected 'char * restrict' but argument is of type 'uint8_t *' {aka 'unsigned char *'}
  250 | int     sprintf (char *__restrict, const char *__restrict, ...)
      |                  ^
../Core/Src/main.c:1754:44: warning: format '%d' expects argument of type 'int', but argument 4 has type 'uint32_t' {aka 'long unsigned int'} [-Wformat=]
 1754 |                 sprintf(message1, "cmd:%c,%d", directionCmd, data);
      |                                           ~^                 ~~~~
      |                                            |                 |
      |                                            int               uint32_t {aka long unsigned int}
      |                                           %ld
../Core/Src/main.c:1756:25: warning: pointer targets in passing argument 1 of 'sprintf' differ in signedness [-Wpointer-sign]
 1756 |                 sprintf(message2, "PWM:%d , %d", cfgs[CONFIG_FL00].leftDuty, cfgs[CONFIG_FL00].rightDuty );
      |                         ^~~~~~~~
      |                         |
      |                         uint8_t * {aka unsigned char *}
C:\ST\STM32CubeIDE_1.16.0\STM32CubeIDE\plugins\com.st.stm32cube.ide.mcu.externaltools.gnu-tools-for-stm32.12.3.rel1.win32_1.0.200.202406191623\tools\bin/../lib/gcc/arm-none-eabi/12.3.1/../../../../arm-none-eabi/include/stdio.h:250:18: note: expected 'char * restrict' but argument is of type 'uint8_t *' {aka 'unsigned char *'}
  250 | int     sprintf (char *__restrict, const char *__restrict, ...)
      |                  ^
../Core/Src/main.c:1758:25: warning: pointer targets in passing argument 1 of 'sprintf' differ in signedness [-Wpointer-sign]
 1758 |                 sprintf(message3, "Turn:%d", cfgs[CONFIG_FR00].servoTurnVal );
      |                         ^~~~~~~~
      |                         |
      |                         uint8_t * {aka unsigned char *}
C:\ST\STM32CubeIDE_1.16.0\STM32CubeIDE\plugins\com.st.stm32cube.ide.mcu.externaltools.gnu-tools-for-stm32.12.3.rel1.win32_1.0.200.202406191623\tools\bin/../lib/gcc/arm-none-eabi/12.3.1/../../../../arm-none-eabi/include/stdio.h:250:18: note: expected 'char * restrict' but argument is of type 'uint8_t *' {aka 'unsigned char *'}
  250 | int     sprintf (char *__restrict, const char *__restrict, ...)
      |                  ^
../Core/Src/main.c:1758:42: warning: format '%d' expects argument of type 'int', but argument 3 has type 'double' [-Wformat=]
 1758 |                 sprintf(message3, "Turn:%d", cfgs[CONFIG_FR00].servoTurnVal );
      |                                         ~^   ~~~~~~~~~~~~~~~~~~~~~~~~~~~~~~
      |                                          |                    |
      |                                          int                  double
      |                                         %f
../Core/Src/main.c:1778:17: warning: pointer targets in passing argument 1 of 'sprintf' differ in signedness [-Wpointer-sign]
 1778 |         sprintf(message1, "(%d)", Distance);
      |                 ^~~~~~~~
      |                 |
      |                 uint8_t * {aka unsigned char *}
C:\ST\STM32CubeIDE_1.16.0\STM32CubeIDE\plugins\com.st.stm32cube.ide.mcu.externaltools.gnu-tools-for-stm32.12.3.rel1.win32_1.0.200.202406191623\tools\bin/../lib/gcc/arm-none-eabi/12.3.1/../../../../arm-none-eabi/include/stdio.h:250:18: note: expected 'char * restrict' but argument is of type 'uint8_t *' {aka 'unsigned char *'}
  250 | int     sprintf (char *__restrict, const char *__restrict, ...)
      |                  ^
../Core/Src/main.c: In function 'runADCTask':
../Core/Src/main.c:1900:42: warning: unused variable 'IR_data_raw_acc' [-Wunused-variable]
 1900 |         uint16_t dataPoint = 0; uint32_t IR_data_raw_acc = 0;
      |                                          ^~~~~~~~~~~~~~~
../Core/Src/main.c:1900:18: warning: unused variable 'dataPoint' [-Wunused-variable]
 1900 |         uint16_t dataPoint = 0; uint32_t IR_data_raw_acc = 0;
      |                  ^~~~~~~~~
../Core/Src/main.c: In function 'runFLTask':
../Core/Src/main.c:2169:45: warning: unused variable 'message3' [-Wunused-variable]
 2169 |         uint8_t message1[20], message2[20], message3[20];
      |                                             ^~~~~~~~
../Core/Src/main.c:2169:31: warning: unused variable 'message2' [-Wunused-variable]
 2169 |         uint8_t message1[20], message2[20], message3[20];
      |                               ^~~~~~~~
../Core/Src/main.c:2169:17: warning: unused variable 'message1' [-Wunused-variable]
 2169 |         uint8_t message1[20], message2[20], message3[20];
      |                 ^~~~~~~~
../Core/Src/main.c: In function 'runFastestPathTask_V2':
../Core/Src/main.c:2507:25: warning: multi-line comment [-Wcomment]
 2507 |                         //HAL_UART_Transmit(&huart3, (uint8_t *) "ACK|X\r\n", 7, 0xFFFF); \
      |                         ^
../Core/Src/main.c: In function 'HCSR04_Read':
../Core/Src/main.c:2519:9: warning: implicit declaration of function 'delay_us' [-Wimplicit-function-declaration]
 2519 |         delay_us(10);
      |         ^~~~~~~~
../Core/Src/main.c: At top level:
../Core/Src/main.c:2523:6: warning: conflicting types for 'delay_us'; have 'void(uint16_t)' {aka 'void(short unsigned int)'}
 2523 | void delay_us(uint16_t us)
      |      ^~~~~~~~
../Core/Src/main.c:2519:9: note: previous implicit declaration of 'delay_us' with type 'void(uint16_t)' {aka 'void(short unsigned int)'}
 2519 |         delay_us(10);
      |         ^~~~~~~~
../Core/Src/main.c: In function 'sensorTask':
../Core/Src/main.c:2566:33: warning: pointer targets in passing argument 1 of 'sprintf' differ in signedness [-Wpointer-sign]
 2566 |                         sprintf(usVal, "Distance: %d \0", (int) Distance);
      |                                 ^~~~~
      |                                 |
      |                                 uint8_t * {aka unsigned char *}
C:\ST\STM32CubeIDE_1.16.0\STM32CubeIDE\plugins\com.st.stm32cube.ide.mcu.externaltools.gnu-tools-for-stm32.12.3.rel1.win32_1.0.200.202406191623\tools\bin/../lib/gcc/arm-none-eabi/12.3.1/../../../../arm-none-eabi/include/stdio.h:250:18: note: expected 'char * restrict' but argument is of type 'uint8_t *' {aka 'unsigned char *'}
  250 | int     sprintf (char *__restrict, const char *__restrict, ...)
      |                  ^
../Core/Src/main.c:2566:54: warning: embedded '\0' in format [-Wformat-contains-nul]
 2566 |                         sprintf(usVal, "Distance: %d \0", (int) Distance);
      |                                                      ^~
arm-none-eabi-gcc -o "MDPFinal.elf" @"objects.list"   -mcpu=cortex-m4 -T"D:\3. CE Timetable and Curriculum\7. AY2023-2024 Sem 1 (Year 4)\1. SC2079 - Multidisciplinary Design Project\4. Project\SC2079_GROUP13\Hardware_STM\MDP\STM32F407VETX_FLASH.ld" --specs=nosys.specs -Wl,-Map="MDPFinal.map" -Wl,--gc-sections -static --specs=nano.specs -mfpu=fpv4-sp-d16 -mfloat-abi=hard -mthumb -u _printf_float -Wl,--start-group -lc -lm -Wl,--end-group
C:/ST/STM32CubeIDE_1.16.0/STM32CubeIDE/plugins/com.st.stm32cube.ide.mcu.externaltools.gnu-tools-for-stm32.12.3.rel1.win32_1.0.200.202406191623/tools/bin/../lib/gcc/arm-none-eabi/12.3.1/../../../../arm-none-eabi/bin/ld.exe: warning: MDPFinal.elf has a LOAD segment with RWX permissions
Finished building target: MDPFinal.elf
 
arm-none-eabi-size  MDPFinal.elf 
arm-none-eabi-objdump -h -S MDPFinal.elf  > "MDPFinal.list"
   text	   data	    bss	    dec	    hex	filename
  82400	    800	  22744	 105944	  19dd8	MDPFinal.elf
arm-none-eabi-objcopy  -O ihex MDPFinal.elf  "MDPFinal.hex"
Finished building: default.size.stdout
 
Finished building: MDPFinal.hex
 
Finished building: MDPFinal.list
 
12:18:51 **** Incremental Build of configuration Debug for project MDPFinal ****
make -j8 all 
arm-none-eabi-size  MDPFinal.elf 
   text	   data	    bss	    dec	    hex	filename
  82400	    800	  22744	 105944	  19dd8	MDPFinal.elf
Finished building: default.size.stdout
 
12:25:18 **** Incremental Build of configuration Debug for project MDPFinal ****
make -j8 all 
arm-none-eabi-gcc "../Core/Src/main.c" -mcpu=cortex-m4 -std=gnu11 -g3 -DDEBUG -DUSE_HAL_DRIVER -DSTM32F407xx -c -I../Core/Inc -I../Drivers/STM32F4xx_HAL_Driver/Inc -I../Drivers/STM32F4xx_HAL_Driver/Inc/Legacy -I../Drivers/CMSIS/Device/ST/STM32F4xx/Include -I../Drivers/CMSIS/Include -I../Middlewares/Third_Party/FreeRTOS/Source/include -I../Middlewares/Third_Party/FreeRTOS/Source/CMSIS_RTOS_V2 -I../Middlewares/Third_Party/FreeRTOS/Source/portable/GCC/ARM_CM4F -O0 -ffunction-sections -fdata-sections -Wall -fstack-usage -fcyclomatic-complexity -MMD -MP -MF"Core/Src/main.d" -MT"Core/Src/main.o" --specs=nano.specs -mfpu=fpv4-sp-d16 -mfloat-abi=hard -mthumb -o "Core/Src/main.o"
../Core/Src/main.c:317:18: warning: overflow in conversion from 'double' to 'short unsigned int' changes value from '-1.8397e+3' to '0' [-Woverflow]
  317 |         {1686.6, -1839.7, SERVO_CENTER, 0, DIR_FORWARD}, // FW00
      |                  ^
../Core/Src/main.c:318:10: warning: overflow in conversion from 'double' to 'short unsigned int' changes value from '-1.6865999999999999e+3' to '0' [-Woverflow]
  318 |         {-1686.6, 1839.7, SERVO_CENTER, 0, DIR_BACKWARD},
      |          ^
../Core/Src/main.c: In function 'HAL_UART_RxCpltCallback':
../Core/Src/main.c:1301:25: warning: implicit declaration of function 'memcpy' [-Wimplicit-function-declaration]
 1301 |                         memcpy(d, (void*) &aRxBuffer[2], 2);
      |                         ^~~~~~
../Core/Src/main.c:31:1: note: include '<string.h>' or provide a declaration of 'memcpy'
   30 | #include "ICM20948.h"
  +++ |+#include <string.h>
   31 | /* USER CODE END Includes */
../Core/Src/main.c:1301:25: warning: incompatible implicit declaration of built-in function 'memcpy' [-Wbuiltin-declaration-mismatch]
 1301 |                         memcpy(d, (void*) &aRxBuffer[2], 2);
      |                         ^~~~~~
../Core/Src/main.c:1301:25: note: include '<string.h>' or provide a declaration of 'memcpy'
../Core/Src/main.c:1316:25: warning: pointer targets in passing argument 1 of 'sprintf' differ in signedness [-Wpointer-sign]
 1316 |                 sprintf(message1, "cmd:%c,%d", directionCmd, data);
      |                         ^~~~~~~~
      |                         |
      |                         uint8_t * {aka unsigned char *}
In file included from ../Core/Inc/ICM20948.h:4,
                 from ../Core/Src/main.c:26:
C:\ST\STM32CubeIDE_1.16.0\STM32CubeIDE\plugins\com.st.stm32cube.ide.mcu.externaltools.gnu-tools-for-stm32.12.3.rel1.win32_1.0.200.202406191623\tools\bin/../lib/gcc/arm-none-eabi/12.3.1/../../../../arm-none-eabi/include/stdio.h:250:18: note: expected 'char * restrict' but argument is of type 'uint8_t *' {aka 'unsigned char *'}
  250 | int     sprintf (char *__restrict, const char *__restrict, ...)
      |                  ^
../Core/Src/main.c:1316:44: warning: format '%d' expects argument of type 'int', but argument 4 has type 'uint32_t' {aka 'long unsigned int'} [-Wformat=]
 1316 |                 sprintf(message1, "cmd:%c,%d", directionCmd, data);
      |                                           ~^                 ~~~~
      |                                            |                 |
      |                                            int               uint32_t {aka long unsigned int}
      |                                           %ld
../Core/Src/main.c: In function 'StartIRTask':
../Core/Src/main.c:1383:25: warning: pointer targets in passing argument 1 of 'sprintf' differ in signedness [-Wpointer-sign]
 1383 |                 sprintf(irVal, "L: %d R: %d \0", (int) iDistanceL, iDistanceR);
      |                         ^~~~~
      |                         |
      |                         uint8_t * {aka unsigned char *}
C:\ST\STM32CubeIDE_1.16.0\STM32CubeIDE\plugins\com.st.stm32cube.ide.mcu.externaltools.gnu-tools-for-stm32.12.3.rel1.win32_1.0.200.202406191623\tools\bin/../lib/gcc/arm-none-eabi/12.3.1/../../../../arm-none-eabi/include/stdio.h:250:18: note: expected 'char * restrict' but argument is of type 'uint8_t *' {aka 'unsigned char *'}
  250 | int     sprintf (char *__restrict, const char *__restrict, ...)
      |                  ^
../Core/Src/main.c:1383:45: warning: embedded '\0' in format [-Wformat-contains-nul]
 1383 |                 sprintf(irVal, "L: %d R: %d \0", (int) iDistanceL, iDistanceR);
      |                                             ^~
../Core/Src/main.c: In function 'RobotTurn':
../Core/Src/main.c:1558:27: warning: pointer targets in passing argument 1 of 'sprintf' differ in signedness [-Wpointer-sign]
 1558 |                   sprintf(tempbuf, "%f", angleNow);
      |                           ^~~~~~~
      |                           |
      |                           uint8_t * {aka unsigned char *}
C:\ST\STM32CubeIDE_1.16.0\STM32CubeIDE\plugins\com.st.stm32cube.ide.mcu.externaltools.gnu-tools-for-stm32.12.3.rel1.win32_1.0.200.202406191623\tools\bin/../lib/gcc/arm-none-eabi/12.3.1/../../../../arm-none-eabi/include/stdio.h:250:18: note: expected 'char * restrict' but argument is of type 'uint8_t *' {aka 'unsigned char *'}
  250 | int     sprintf (char *__restrict, const char *__restrict, ...)
      |                  ^
../Core/Src/main.c: In function 'runOledTask':
../Core/Src/main.c:1754:25: warning: pointer targets in passing argument 1 of 'sprintf' differ in signedness [-Wpointer-sign]
 1754 |                 sprintf(message1, "cmd:%c,%d", directionCmd, data);
      |                         ^~~~~~~~
      |                         |
      |                         uint8_t * {aka unsigned char *}
C:\ST\STM32CubeIDE_1.16.0\STM32CubeIDE\plugins\com.st.stm32cube.ide.mcu.externaltools.gnu-tools-for-stm32.12.3.rel1.win32_1.0.200.202406191623\tools\bin/../lib/gcc/arm-none-eabi/12.3.1/../../../../arm-none-eabi/include/stdio.h:250:18: note: expected 'char * restrict' but argument is of type 'uint8_t *' {aka 'unsigned char *'}
  250 | int     sprintf (char *__restrict, const char *__restrict, ...)
      |                  ^
../Core/Src/main.c:1754:44: warning: format '%d' expects argument of type 'int', but argument 4 has type 'uint32_t' {aka 'long unsigned int'} [-Wformat=]
 1754 |                 sprintf(message1, "cmd:%c,%d", directionCmd, data);
      |                                           ~^                 ~~~~
      |                                            |                 |
      |                                            int               uint32_t {aka long unsigned int}
      |                                           %ld
../Core/Src/main.c:1756:25: warning: pointer targets in passing argument 1 of 'sprintf' differ in signedness [-Wpointer-sign]
 1756 |                 sprintf(message2, "PWM:%d , %d", cfgs[CONFIG_FL00].leftDuty, cfgs[CONFIG_FL00].rightDuty );
      |                         ^~~~~~~~
      |                         |
      |                         uint8_t * {aka unsigned char *}
C:\ST\STM32CubeIDE_1.16.0\STM32CubeIDE\plugins\com.st.stm32cube.ide.mcu.externaltools.gnu-tools-for-stm32.12.3.rel1.win32_1.0.200.202406191623\tools\bin/../lib/gcc/arm-none-eabi/12.3.1/../../../../arm-none-eabi/include/stdio.h:250:18: note: expected 'char * restrict' but argument is of type 'uint8_t *' {aka 'unsigned char *'}
  250 | int     sprintf (char *__restrict, const char *__restrict, ...)
      |                  ^
../Core/Src/main.c:1758:25: warning: pointer targets in passing argument 1 of 'sprintf' differ in signedness [-Wpointer-sign]
 1758 |                 sprintf(message3, "Turn:%d", cfgs[CONFIG_FR00].servoTurnVal );
      |                         ^~~~~~~~
      |                         |
      |                         uint8_t * {aka unsigned char *}
C:\ST\STM32CubeIDE_1.16.0\STM32CubeIDE\plugins\com.st.stm32cube.ide.mcu.externaltools.gnu-tools-for-stm32.12.3.rel1.win32_1.0.200.202406191623\tools\bin/../lib/gcc/arm-none-eabi/12.3.1/../../../../arm-none-eabi/include/stdio.h:250:18: note: expected 'char * restrict' but argument is of type 'uint8_t *' {aka 'unsigned char *'}
  250 | int     sprintf (char *__restrict, const char *__restrict, ...)
      |                  ^
../Core/Src/main.c:1758:42: warning: format '%d' expects argument of type 'int', but argument 3 has type 'double' [-Wformat=]
 1758 |                 sprintf(message3, "Turn:%d", cfgs[CONFIG_FR00].servoTurnVal );
      |                                         ~^   ~~~~~~~~~~~~~~~~~~~~~~~~~~~~~~
      |                                          |                    |
      |                                          int                  double
      |                                         %f
../Core/Src/main.c:1778:17: warning: pointer targets in passing argument 1 of 'sprintf' differ in signedness [-Wpointer-sign]
 1778 |         sprintf(message1, "(%d)", Distance);
      |                 ^~~~~~~~
      |                 |
      |                 uint8_t * {aka unsigned char *}
C:\ST\STM32CubeIDE_1.16.0\STM32CubeIDE\plugins\com.st.stm32cube.ide.mcu.externaltools.gnu-tools-for-stm32.12.3.rel1.win32_1.0.200.202406191623\tools\bin/../lib/gcc/arm-none-eabi/12.3.1/../../../../arm-none-eabi/include/stdio.h:250:18: note: expected 'char * restrict' but argument is of type 'uint8_t *' {aka 'unsigned char *'}
  250 | int     sprintf (char *__restrict, const char *__restrict, ...)
      |                  ^
../Core/Src/main.c: In function 'runADCTask':
../Core/Src/main.c:1900:42: warning: unused variable 'IR_data_raw_acc' [-Wunused-variable]
 1900 |         uint16_t dataPoint = 0; uint32_t IR_data_raw_acc = 0;
      |                                          ^~~~~~~~~~~~~~~
../Core/Src/main.c:1900:18: warning: unused variable 'dataPoint' [-Wunused-variable]
 1900 |         uint16_t dataPoint = 0; uint32_t IR_data_raw_acc = 0;
      |                  ^~~~~~~~~
../Core/Src/main.c: In function 'runFLTask':
../Core/Src/main.c:2169:45: warning: unused variable 'message3' [-Wunused-variable]
 2169 |         uint8_t message1[20], message2[20], message3[20];
      |                                             ^~~~~~~~
../Core/Src/main.c:2169:31: warning: unused variable 'message2' [-Wunused-variable]
 2169 |         uint8_t message1[20], message2[20], message3[20];
      |                               ^~~~~~~~
../Core/Src/main.c:2169:17: warning: unused variable 'message1' [-Wunused-variable]
 2169 |         uint8_t message1[20], message2[20], message3[20];
      |                 ^~~~~~~~
../Core/Src/main.c: In function 'runFastestPathTask_V2':
../Core/Src/main.c:2507:25: warning: multi-line comment [-Wcomment]
 2507 |                         //HAL_UART_Transmit(&huart3, (uint8_t *) "ACK|X\r\n", 7, 0xFFFF); \
      |                         ^
../Core/Src/main.c: In function 'HCSR04_Read':
../Core/Src/main.c:2519:9: warning: implicit declaration of function 'delay_us' [-Wimplicit-function-declaration]
 2519 |         delay_us(10);
      |         ^~~~~~~~
../Core/Src/main.c: At top level:
../Core/Src/main.c:2523:6: warning: conflicting types for 'delay_us'; have 'void(uint16_t)' {aka 'void(short unsigned int)'}
 2523 | void delay_us(uint16_t us)
      |      ^~~~~~~~
../Core/Src/main.c:2519:9: note: previous implicit declaration of 'delay_us' with type 'void(uint16_t)' {aka 'void(short unsigned int)'}
 2519 |         delay_us(10);
      |         ^~~~~~~~
../Core/Src/main.c: In function 'sensorTask':
../Core/Src/main.c:2567:33: warning: pointer targets in passing argument 1 of 'sprintf' differ in signedness [-Wpointer-sign]
 2567 |                         sprintf(usVal, "Distance: %d \0", (int) Distance);
      |                                 ^~~~~
      |                                 |
      |                                 uint8_t * {aka unsigned char *}
C:\ST\STM32CubeIDE_1.16.0\STM32CubeIDE\plugins\com.st.stm32cube.ide.mcu.externaltools.gnu-tools-for-stm32.12.3.rel1.win32_1.0.200.202406191623\tools\bin/../lib/gcc/arm-none-eabi/12.3.1/../../../../arm-none-eabi/include/stdio.h:250:18: note: expected 'char * restrict' but argument is of type 'uint8_t *' {aka 'unsigned char *'}
  250 | int     sprintf (char *__restrict, const char *__restrict, ...)
      |                  ^
../Core/Src/main.c:2567:54: warning: embedded '\0' in format [-Wformat-contains-nul]
 2567 |                         sprintf(usVal, "Distance: %d \0", (int) Distance);
      |                                                      ^~
../Core/Src/main.c:2569:25: warning: implicit declaration of function 'OLED_RefreshGram'; did you mean 'OLED_Refresh_Gram'? [-Wimplicit-function-declaration]
 2569 |                         OLED_RefreshGram();//add
      |                         ^~~~~~~~~~~~~~~~
      |                         OLED_Refresh_Gram
arm-none-eabi-gcc -o "MDPFinal.elf" @"objects.list"   -mcpu=cortex-m4 -T"D:\3. CE Timetable and Curriculum\7. AY2023-2024 Sem 1 (Year 4)\1. SC2079 - Multidisciplinary Design Project\4. Project\SC2079_GROUP13\Hardware_STM\MDP\STM32F407VETX_FLASH.ld" --specs=nosys.specs -Wl,-Map="MDPFinal.map" -Wl,--gc-sections -static --specs=nano.specs -mfpu=fpv4-sp-d16 -mfloat-abi=hard -mthumb -u _printf_float -Wl,--start-group -lc -lm -Wl,--end-group
C:/ST/STM32CubeIDE_1.16.0/STM32CubeIDE/plugins/com.st.stm32cube.ide.mcu.externaltools.gnu-tools-for-stm32.12.3.rel1.win32_1.0.200.202406191623/tools/bin/../lib/gcc/arm-none-eabi/12.3.1/../../../../arm-none-eabi/bin/ld.exe: warning: MDPFinal.elf has a LOAD segment with RWX permissions
C:/ST/STM32CubeIDE_1.16.0/STM32CubeIDE/plugins/com.st.stm32cube.ide.mcu.externaltools.gnu-tools-for-stm32.12.3.rel1.win32_1.0.200.202406191623/tools/bin/../lib/gcc/arm-none-eabi/12.3.1/../../../../arm-none-eabi/bin/ld.exe: ./Core/Src/main.o: in function `sensorTask':
D:/3. CE Timetable and Curriculum/7. AY2023-2024 Sem 1 (Year 4)/1. SC2079 - Multidisciplinary Design Project/4. Project/SC2079_GROUP13/Hardware_STM/MDP/Debug/../Core/Src/main.c:2569: undefined reference to `OLED_RefreshGram'
collect2.exe: error: ld returned 1 exit status
make: *** [makefile:71: MDPFinal.elf] Error 1
"make -j8 all" terminated with exit code 2. Build might be incomplete.
12:25:44 **** Incremental Build of configuration Debug for project MDPFinal ****
make -j8 all 
arm-none-eabi-gcc "../Core/Src/main.c" -mcpu=cortex-m4 -std=gnu11 -g3 -DDEBUG -DUSE_HAL_DRIVER -DSTM32F407xx -c -I../Core/Inc -I../Drivers/STM32F4xx_HAL_Driver/Inc -I../Drivers/STM32F4xx_HAL_Driver/Inc/Legacy -I../Drivers/CMSIS/Device/ST/STM32F4xx/Include -I../Drivers/CMSIS/Include -I../Middlewares/Third_Party/FreeRTOS/Source/include -I../Middlewares/Third_Party/FreeRTOS/Source/CMSIS_RTOS_V2 -I../Middlewares/Third_Party/FreeRTOS/Source/portable/GCC/ARM_CM4F -O0 -ffunction-sections -fdata-sections -Wall -fstack-usage -fcyclomatic-complexity -MMD -MP -MF"Core/Src/main.d" -MT"Core/Src/main.o" --specs=nano.specs -mfpu=fpv4-sp-d16 -mfloat-abi=hard -mthumb -o "Core/Src/main.o"
../Core/Src/main.c:317:18: warning: overflow in conversion from 'double' to 'short unsigned int' changes value from '-1.8397e+3' to '0' [-Woverflow]
  317 |         {1686.6, -1839.7, SERVO_CENTER, 0, DIR_FORWARD}, // FW00
      |                  ^
../Core/Src/main.c:318:10: warning: overflow in conversion from 'double' to 'short unsigned int' changes value from '-1.6865999999999999e+3' to '0' [-Woverflow]
  318 |         {-1686.6, 1839.7, SERVO_CENTER, 0, DIR_BACKWARD},
      |          ^
../Core/Src/main.c: In function 'HAL_UART_RxCpltCallback':
../Core/Src/main.c:1301:25: warning: implicit declaration of function 'memcpy' [-Wimplicit-function-declaration]
 1301 |                         memcpy(d, (void*) &aRxBuffer[2], 2);
      |                         ^~~~~~
../Core/Src/main.c:31:1: note: include '<string.h>' or provide a declaration of 'memcpy'
   30 | #include "ICM20948.h"
  +++ |+#include <string.h>
   31 | /* USER CODE END Includes */
../Core/Src/main.c:1301:25: warning: incompatible implicit declaration of built-in function 'memcpy' [-Wbuiltin-declaration-mismatch]
 1301 |                         memcpy(d, (void*) &aRxBuffer[2], 2);
      |                         ^~~~~~
../Core/Src/main.c:1301:25: note: include '<string.h>' or provide a declaration of 'memcpy'
../Core/Src/main.c:1316:25: warning: pointer targets in passing argument 1 of 'sprintf' differ in signedness [-Wpointer-sign]
 1316 |                 sprintf(message1, "cmd:%c,%d", directionCmd, data);
      |                         ^~~~~~~~
      |                         |
      |                         uint8_t * {aka unsigned char *}
In file included from ../Core/Inc/ICM20948.h:4,
                 from ../Core/Src/main.c:26:
C:\ST\STM32CubeIDE_1.16.0\STM32CubeIDE\plugins\com.st.stm32cube.ide.mcu.externaltools.gnu-tools-for-stm32.12.3.rel1.win32_1.0.200.202406191623\tools\bin/../lib/gcc/arm-none-eabi/12.3.1/../../../../arm-none-eabi/include/stdio.h:250:18: note: expected 'char * restrict' but argument is of type 'uint8_t *' {aka 'unsigned char *'}
  250 | int     sprintf (char *__restrict, const char *__restrict, ...)
      |                  ^
../Core/Src/main.c:1316:44: warning: format '%d' expects argument of type 'int', but argument 4 has type 'uint32_t' {aka 'long unsigned int'} [-Wformat=]
 1316 |                 sprintf(message1, "cmd:%c,%d", directionCmd, data);
      |                                           ~^                 ~~~~
      |                                            |                 |
      |                                            int               uint32_t {aka long unsigned int}
      |                                           %ld
../Core/Src/main.c: In function 'StartIRTask':
../Core/Src/main.c:1383:25: warning: pointer targets in passing argument 1 of 'sprintf' differ in signedness [-Wpointer-sign]
 1383 |                 sprintf(irVal, "L: %d R: %d \0", (int) iDistanceL, iDistanceR);
      |                         ^~~~~
      |                         |
      |                         uint8_t * {aka unsigned char *}
C:\ST\STM32CubeIDE_1.16.0\STM32CubeIDE\plugins\com.st.stm32cube.ide.mcu.externaltools.gnu-tools-for-stm32.12.3.rel1.win32_1.0.200.202406191623\tools\bin/../lib/gcc/arm-none-eabi/12.3.1/../../../../arm-none-eabi/include/stdio.h:250:18: note: expected 'char * restrict' but argument is of type 'uint8_t *' {aka 'unsigned char *'}
  250 | int     sprintf (char *__restrict, const char *__restrict, ...)
      |                  ^
../Core/Src/main.c:1383:45: warning: embedded '\0' in format [-Wformat-contains-nul]
 1383 |                 sprintf(irVal, "L: %d R: %d \0", (int) iDistanceL, iDistanceR);
      |                                             ^~
../Core/Src/main.c: In function 'RobotTurn':
../Core/Src/main.c:1558:27: warning: pointer targets in passing argument 1 of 'sprintf' differ in signedness [-Wpointer-sign]
 1558 |                   sprintf(tempbuf, "%f", angleNow);
      |                           ^~~~~~~
      |                           |
      |                           uint8_t * {aka unsigned char *}
C:\ST\STM32CubeIDE_1.16.0\STM32CubeIDE\plugins\com.st.stm32cube.ide.mcu.externaltools.gnu-tools-for-stm32.12.3.rel1.win32_1.0.200.202406191623\tools\bin/../lib/gcc/arm-none-eabi/12.3.1/../../../../arm-none-eabi/include/stdio.h:250:18: note: expected 'char * restrict' but argument is of type 'uint8_t *' {aka 'unsigned char *'}
  250 | int     sprintf (char *__restrict, const char *__restrict, ...)
      |                  ^
../Core/Src/main.c: In function 'runOledTask':
../Core/Src/main.c:1754:25: warning: pointer targets in passing argument 1 of 'sprintf' differ in signedness [-Wpointer-sign]
 1754 |                 sprintf(message1, "cmd:%c,%d", directionCmd, data);
      |                         ^~~~~~~~
      |                         |
      |                         uint8_t * {aka unsigned char *}
C:\ST\STM32CubeIDE_1.16.0\STM32CubeIDE\plugins\com.st.stm32cube.ide.mcu.externaltools.gnu-tools-for-stm32.12.3.rel1.win32_1.0.200.202406191623\tools\bin/../lib/gcc/arm-none-eabi/12.3.1/../../../../arm-none-eabi/include/stdio.h:250:18: note: expected 'char * restrict' but argument is of type 'uint8_t *' {aka 'unsigned char *'}
  250 | int     sprintf (char *__restrict, const char *__restrict, ...)
      |                  ^
../Core/Src/main.c:1754:44: warning: format '%d' expects argument of type 'int', but argument 4 has type 'uint32_t' {aka 'long unsigned int'} [-Wformat=]
 1754 |                 sprintf(message1, "cmd:%c,%d", directionCmd, data);
      |                                           ~^                 ~~~~
      |                                            |                 |
      |                                            int               uint32_t {aka long unsigned int}
      |                                           %ld
../Core/Src/main.c:1756:25: warning: pointer targets in passing argument 1 of 'sprintf' differ in signedness [-Wpointer-sign]
 1756 |                 sprintf(message2, "PWM:%d , %d", cfgs[CONFIG_FL00].leftDuty, cfgs[CONFIG_FL00].rightDuty );
      |                         ^~~~~~~~
      |                         |
      |                         uint8_t * {aka unsigned char *}
C:\ST\STM32CubeIDE_1.16.0\STM32CubeIDE\plugins\com.st.stm32cube.ide.mcu.externaltools.gnu-tools-for-stm32.12.3.rel1.win32_1.0.200.202406191623\tools\bin/../lib/gcc/arm-none-eabi/12.3.1/../../../../arm-none-eabi/include/stdio.h:250:18: note: expected 'char * restrict' but argument is of type 'uint8_t *' {aka 'unsigned char *'}
  250 | int     sprintf (char *__restrict, const char *__restrict, ...)
      |                  ^
../Core/Src/main.c:1758:25: warning: pointer targets in passing argument 1 of 'sprintf' differ in signedness [-Wpointer-sign]
 1758 |                 sprintf(message3, "Turn:%d", cfgs[CONFIG_FR00].servoTurnVal );
      |                         ^~~~~~~~
      |                         |
      |                         uint8_t * {aka unsigned char *}
C:\ST\STM32CubeIDE_1.16.0\STM32CubeIDE\plugins\com.st.stm32cube.ide.mcu.externaltools.gnu-tools-for-stm32.12.3.rel1.win32_1.0.200.202406191623\tools\bin/../lib/gcc/arm-none-eabi/12.3.1/../../../../arm-none-eabi/include/stdio.h:250:18: note: expected 'char * restrict' but argument is of type 'uint8_t *' {aka 'unsigned char *'}
  250 | int     sprintf (char *__restrict, const char *__restrict, ...)
      |                  ^
../Core/Src/main.c:1758:42: warning: format '%d' expects argument of type 'int', but argument 3 has type 'double' [-Wformat=]
 1758 |                 sprintf(message3, "Turn:%d", cfgs[CONFIG_FR00].servoTurnVal );
      |                                         ~^   ~~~~~~~~~~~~~~~~~~~~~~~~~~~~~~
      |                                          |                    |
      |                                          int                  double
      |                                         %f
../Core/Src/main.c:1778:17: warning: pointer targets in passing argument 1 of 'sprintf' differ in signedness [-Wpointer-sign]
 1778 |         sprintf(message1, "(%d)", Distance);
      |                 ^~~~~~~~
      |                 |
      |                 uint8_t * {aka unsigned char *}
C:\ST\STM32CubeIDE_1.16.0\STM32CubeIDE\plugins\com.st.stm32cube.ide.mcu.externaltools.gnu-tools-for-stm32.12.3.rel1.win32_1.0.200.202406191623\tools\bin/../lib/gcc/arm-none-eabi/12.3.1/../../../../arm-none-eabi/include/stdio.h:250:18: note: expected 'char * restrict' but argument is of type 'uint8_t *' {aka 'unsigned char *'}
  250 | int     sprintf (char *__restrict, const char *__restrict, ...)
      |                  ^
../Core/Src/main.c: In function 'runADCTask':
../Core/Src/main.c:1900:42: warning: unused variable 'IR_data_raw_acc' [-Wunused-variable]
 1900 |         uint16_t dataPoint = 0; uint32_t IR_data_raw_acc = 0;
      |                                          ^~~~~~~~~~~~~~~
../Core/Src/main.c:1900:18: warning: unused variable 'dataPoint' [-Wunused-variable]
 1900 |         uint16_t dataPoint = 0; uint32_t IR_data_raw_acc = 0;
      |                  ^~~~~~~~~
../Core/Src/main.c: In function 'runFLTask':
../Core/Src/main.c:2169:45: warning: unused variable 'message3' [-Wunused-variable]
 2169 |         uint8_t message1[20], message2[20], message3[20];
      |                                             ^~~~~~~~
../Core/Src/main.c:2169:31: warning: unused variable 'message2' [-Wunused-variable]
 2169 |         uint8_t message1[20], message2[20], message3[20];
      |                               ^~~~~~~~
../Core/Src/main.c:2169:17: warning: unused variable 'message1' [-Wunused-variable]
 2169 |         uint8_t message1[20], message2[20], message3[20];
      |                 ^~~~~~~~
../Core/Src/main.c: In function 'runFastestPathTask_V2':
../Core/Src/main.c:2507:25: warning: multi-line comment [-Wcomment]
 2507 |                         //HAL_UART_Transmit(&huart3, (uint8_t *) "ACK|X\r\n", 7, 0xFFFF); \
      |                         ^
../Core/Src/main.c: In function 'HCSR04_Read':
../Core/Src/main.c:2519:9: warning: implicit declaration of function 'delay_us' [-Wimplicit-function-declaration]
 2519 |         delay_us(10);
      |         ^~~~~~~~
../Core/Src/main.c: At top level:
../Core/Src/main.c:2523:6: warning: conflicting types for 'delay_us'; have 'void(uint16_t)' {aka 'void(short unsigned int)'}
 2523 | void delay_us(uint16_t us)
      |      ^~~~~~~~
../Core/Src/main.c:2519:9: note: previous implicit declaration of 'delay_us' with type 'void(uint16_t)' {aka 'void(short unsigned int)'}
 2519 |         delay_us(10);
      |         ^~~~~~~~
../Core/Src/main.c: In function 'sensorTask':
../Core/Src/main.c:2567:33: warning: pointer targets in passing argument 1 of 'sprintf' differ in signedness [-Wpointer-sign]
 2567 |                         sprintf(usVal, "Distance: %d \0", (int) Distance);
      |                                 ^~~~~
      |                                 |
      |                                 uint8_t * {aka unsigned char *}
C:\ST\STM32CubeIDE_1.16.0\STM32CubeIDE\plugins\com.st.stm32cube.ide.mcu.externaltools.gnu-tools-for-stm32.12.3.rel1.win32_1.0.200.202406191623\tools\bin/../lib/gcc/arm-none-eabi/12.3.1/../../../../arm-none-eabi/include/stdio.h:250:18: note: expected 'char * restrict' but argument is of type 'uint8_t *' {aka 'unsigned char *'}
  250 | int     sprintf (char *__restrict, const char *__restrict, ...)
      |                  ^
../Core/Src/main.c:2567:54: warning: embedded '\0' in format [-Wformat-contains-nul]
 2567 |                         sprintf(usVal, "Distance: %d \0", (int) Distance);
      |                                                      ^~
arm-none-eabi-gcc -o "MDPFinal.elf" @"objects.list"   -mcpu=cortex-m4 -T"D:\3. CE Timetable and Curriculum\7. AY2023-2024 Sem 1 (Year 4)\1. SC2079 - Multidisciplinary Design Project\4. Project\SC2079_GROUP13\Hardware_STM\MDP\STM32F407VETX_FLASH.ld" --specs=nosys.specs -Wl,-Map="MDPFinal.map" -Wl,--gc-sections -static --specs=nano.specs -mfpu=fpv4-sp-d16 -mfloat-abi=hard -mthumb -u _printf_float -Wl,--start-group -lc -lm -Wl,--end-group
C:/ST/STM32CubeIDE_1.16.0/STM32CubeIDE/plugins/com.st.stm32cube.ide.mcu.externaltools.gnu-tools-for-stm32.12.3.rel1.win32_1.0.200.202406191623/tools/bin/../lib/gcc/arm-none-eabi/12.3.1/../../../../arm-none-eabi/bin/ld.exe: warning: MDPFinal.elf has a LOAD segment with RWX permissions
Finished building target: MDPFinal.elf
 
arm-none-eabi-size  MDPFinal.elf 
arm-none-eabi-objdump -h -S MDPFinal.elf  > "MDPFinal.list"
arm-none-eabi-objcopy  -O ihex MDPFinal.elf  "MDPFinal.hex"
   text	   data	    bss	    dec	    hex	filename
  82416	    800	  22744	 105960	  19de8	MDPFinal.elf
Finished building: default.size.stdout
 
Finished building: MDPFinal.hex
 
Finished building: MDPFinal.list
 
12:25:48 **** Incremental Build of configuration Debug for project MDPFinal ****
make -j8 all 
arm-none-eabi-size  MDPFinal.elf 
   text	   data	    bss	    dec	    hex	filename
  82416	    800	  22744	 105960	  19de8	MDPFinal.elf
Finished building: default.size.stdout
 
12:27:07 **** Incremental Build of configuration Debug for project MDPFinal ****
make -j8 all 
arm-none-eabi-gcc "../Core/Src/main.c" -mcpu=cortex-m4 -std=gnu11 -g3 -DDEBUG -DUSE_HAL_DRIVER -DSTM32F407xx -c -I../Core/Inc -I../Drivers/STM32F4xx_HAL_Driver/Inc -I../Drivers/STM32F4xx_HAL_Driver/Inc/Legacy -I../Drivers/CMSIS/Device/ST/STM32F4xx/Include -I../Drivers/CMSIS/Include -I../Middlewares/Third_Party/FreeRTOS/Source/include -I../Middlewares/Third_Party/FreeRTOS/Source/CMSIS_RTOS_V2 -I../Middlewares/Third_Party/FreeRTOS/Source/portable/GCC/ARM_CM4F -O0 -ffunction-sections -fdata-sections -Wall -fstack-usage -fcyclomatic-complexity -MMD -MP -MF"Core/Src/main.d" -MT"Core/Src/main.o" --specs=nano.specs -mfpu=fpv4-sp-d16 -mfloat-abi=hard -mthumb -o "Core/Src/main.o"
../Core/Src/main.c:317:18: warning: overflow in conversion from 'double' to 'short unsigned int' changes value from '-1.8397e+3' to '0' [-Woverflow]
  317 |         {1686.6, -1839.7, SERVO_CENTER, 0, DIR_FORWARD}, // FW00
      |                  ^
../Core/Src/main.c:318:10: warning: overflow in conversion from 'double' to 'short unsigned int' changes value from '-1.6865999999999999e+3' to '0' [-Woverflow]
  318 |         {-1686.6, 1839.7, SERVO_CENTER, 0, DIR_BACKWARD},
      |          ^
../Core/Src/main.c: In function 'HAL_UART_RxCpltCallback':
../Core/Src/main.c:1301:25: warning: implicit declaration of function 'memcpy' [-Wimplicit-function-declaration]
 1301 |                         memcpy(d, (void*) &aRxBuffer[2], 2);
      |                         ^~~~~~
../Core/Src/main.c:31:1: note: include '<string.h>' or provide a declaration of 'memcpy'
   30 | #include "ICM20948.h"
  +++ |+#include <string.h>
   31 | /* USER CODE END Includes */
../Core/Src/main.c:1301:25: warning: incompatible implicit declaration of built-in function 'memcpy' [-Wbuiltin-declaration-mismatch]
 1301 |                         memcpy(d, (void*) &aRxBuffer[2], 2);
      |                         ^~~~~~
../Core/Src/main.c:1301:25: note: include '<string.h>' or provide a declaration of 'memcpy'
../Core/Src/main.c:1316:25: warning: pointer targets in passing argument 1 of 'sprintf' differ in signedness [-Wpointer-sign]
 1316 |                 sprintf(message1, "cmd:%c,%d", directionCmd, data);
      |                         ^~~~~~~~
      |                         |
      |                         uint8_t * {aka unsigned char *}
In file included from ../Core/Inc/ICM20948.h:4,
                 from ../Core/Src/main.c:26:
C:\ST\STM32CubeIDE_1.16.0\STM32CubeIDE\plugins\com.st.stm32cube.ide.mcu.externaltools.gnu-tools-for-stm32.12.3.rel1.win32_1.0.200.202406191623\tools\bin/../lib/gcc/arm-none-eabi/12.3.1/../../../../arm-none-eabi/include/stdio.h:250:18: note: expected 'char * restrict' but argument is of type 'uint8_t *' {aka 'unsigned char *'}
  250 | int     sprintf (char *__restrict, const char *__restrict, ...)
      |                  ^
../Core/Src/main.c:1316:44: warning: format '%d' expects argument of type 'int', but argument 4 has type 'uint32_t' {aka 'long unsigned int'} [-Wformat=]
 1316 |                 sprintf(message1, "cmd:%c,%d", directionCmd, data);
      |                                           ~^                 ~~~~
      |                                            |                 |
      |                                            int               uint32_t {aka long unsigned int}
      |                                           %ld
../Core/Src/main.c: In function 'StartIRTask':
../Core/Src/main.c:1383:25: warning: pointer targets in passing argument 1 of 'sprintf' differ in signedness [-Wpointer-sign]
 1383 |                 sprintf(irVal, "L: %d R: %d \0", (int) iDistanceL, iDistanceR);
      |                         ^~~~~
      |                         |
      |                         uint8_t * {aka unsigned char *}
C:\ST\STM32CubeIDE_1.16.0\STM32CubeIDE\plugins\com.st.stm32cube.ide.mcu.externaltools.gnu-tools-for-stm32.12.3.rel1.win32_1.0.200.202406191623\tools\bin/../lib/gcc/arm-none-eabi/12.3.1/../../../../arm-none-eabi/include/stdio.h:250:18: note: expected 'char * restrict' but argument is of type 'uint8_t *' {aka 'unsigned char *'}
  250 | int     sprintf (char *__restrict, const char *__restrict, ...)
      |                  ^
../Core/Src/main.c:1383:45: warning: embedded '\0' in format [-Wformat-contains-nul]
 1383 |                 sprintf(irVal, "L: %d R: %d \0", (int) iDistanceL, iDistanceR);
      |                                             ^~
../Core/Src/main.c: In function 'RobotTurn':
../Core/Src/main.c:1558:27: warning: pointer targets in passing argument 1 of 'sprintf' differ in signedness [-Wpointer-sign]
 1558 |                   sprintf(tempbuf, "%f", angleNow);
      |                           ^~~~~~~
      |                           |
      |                           uint8_t * {aka unsigned char *}
C:\ST\STM32CubeIDE_1.16.0\STM32CubeIDE\plugins\com.st.stm32cube.ide.mcu.externaltools.gnu-tools-for-stm32.12.3.rel1.win32_1.0.200.202406191623\tools\bin/../lib/gcc/arm-none-eabi/12.3.1/../../../../arm-none-eabi/include/stdio.h:250:18: note: expected 'char * restrict' but argument is of type 'uint8_t *' {aka 'unsigned char *'}
  250 | int     sprintf (char *__restrict, const char *__restrict, ...)
      |                  ^
../Core/Src/main.c: In function 'runOledTask':
../Core/Src/main.c:1754:25: warning: pointer targets in passing argument 1 of 'sprintf' differ in signedness [-Wpointer-sign]
 1754 |                 sprintf(message1, "cmd:%c,%d", directionCmd, data);
      |                         ^~~~~~~~
      |                         |
      |                         uint8_t * {aka unsigned char *}
C:\ST\STM32CubeIDE_1.16.0\STM32CubeIDE\plugins\com.st.stm32cube.ide.mcu.externaltools.gnu-tools-for-stm32.12.3.rel1.win32_1.0.200.202406191623\tools\bin/../lib/gcc/arm-none-eabi/12.3.1/../../../../arm-none-eabi/include/stdio.h:250:18: note: expected 'char * restrict' but argument is of type 'uint8_t *' {aka 'unsigned char *'}
  250 | int     sprintf (char *__restrict, const char *__restrict, ...)
      |                  ^
../Core/Src/main.c:1754:44: warning: format '%d' expects argument of type 'int', but argument 4 has type 'uint32_t' {aka 'long unsigned int'} [-Wformat=]
 1754 |                 sprintf(message1, "cmd:%c,%d", directionCmd, data);
      |                                           ~^                 ~~~~
      |                                            |                 |
      |                                            int               uint32_t {aka long unsigned int}
      |                                           %ld
../Core/Src/main.c:1756:25: warning: pointer targets in passing argument 1 of 'sprintf' differ in signedness [-Wpointer-sign]
 1756 |                 sprintf(message2, "PWM:%d , %d", cfgs[CONFIG_FL00].leftDuty, cfgs[CONFIG_FL00].rightDuty );
      |                         ^~~~~~~~
      |                         |
      |                         uint8_t * {aka unsigned char *}
C:\ST\STM32CubeIDE_1.16.0\STM32CubeIDE\plugins\com.st.stm32cube.ide.mcu.externaltools.gnu-tools-for-stm32.12.3.rel1.win32_1.0.200.202406191623\tools\bin/../lib/gcc/arm-none-eabi/12.3.1/../../../../arm-none-eabi/include/stdio.h:250:18: note: expected 'char * restrict' but argument is of type 'uint8_t *' {aka 'unsigned char *'}
  250 | int     sprintf (char *__restrict, const char *__restrict, ...)
      |                  ^
../Core/Src/main.c:1758:25: warning: pointer targets in passing argument 1 of 'sprintf' differ in signedness [-Wpointer-sign]
 1758 |                 sprintf(message3, "Turn:%d", cfgs[CONFIG_FR00].servoTurnVal );
      |                         ^~~~~~~~
      |                         |
      |                         uint8_t * {aka unsigned char *}
C:\ST\STM32CubeIDE_1.16.0\STM32CubeIDE\plugins\com.st.stm32cube.ide.mcu.externaltools.gnu-tools-for-stm32.12.3.rel1.win32_1.0.200.202406191623\tools\bin/../lib/gcc/arm-none-eabi/12.3.1/../../../../arm-none-eabi/include/stdio.h:250:18: note: expected 'char * restrict' but argument is of type 'uint8_t *' {aka 'unsigned char *'}
  250 | int     sprintf (char *__restrict, const char *__restrict, ...)
      |                  ^
../Core/Src/main.c:1758:42: warning: format '%d' expects argument of type 'int', but argument 3 has type 'double' [-Wformat=]
 1758 |                 sprintf(message3, "Turn:%d", cfgs[CONFIG_FR00].servoTurnVal );
      |                                         ~^   ~~~~~~~~~~~~~~~~~~~~~~~~~~~~~~
      |                                          |                    |
      |                                          int                  double
      |                                         %f
../Core/Src/main.c:1778:17: warning: pointer targets in passing argument 1 of 'sprintf' differ in signedness [-Wpointer-sign]
 1778 |         sprintf(message1, "(%d)", Distance);
      |                 ^~~~~~~~
      |                 |
      |                 uint8_t * {aka unsigned char *}
C:\ST\STM32CubeIDE_1.16.0\STM32CubeIDE\plugins\com.st.stm32cube.ide.mcu.externaltools.gnu-tools-for-stm32.12.3.rel1.win32_1.0.200.202406191623\tools\bin/../lib/gcc/arm-none-eabi/12.3.1/../../../../arm-none-eabi/include/stdio.h:250:18: note: expected 'char * restrict' but argument is of type 'uint8_t *' {aka 'unsigned char *'}
  250 | int     sprintf (char *__restrict, const char *__restrict, ...)
      |                  ^
../Core/Src/main.c: In function 'runADCTask':
../Core/Src/main.c:1900:42: warning: unused variable 'IR_data_raw_acc' [-Wunused-variable]
 1900 |         uint16_t dataPoint = 0; uint32_t IR_data_raw_acc = 0;
      |                                          ^~~~~~~~~~~~~~~
../Core/Src/main.c:1900:18: warning: unused variable 'dataPoint' [-Wunused-variable]
 1900 |         uint16_t dataPoint = 0; uint32_t IR_data_raw_acc = 0;
      |                  ^~~~~~~~~
../Core/Src/main.c: In function 'runFLTask':
../Core/Src/main.c:2169:45: warning: unused variable 'message3' [-Wunused-variable]
 2169 |         uint8_t message1[20], message2[20], message3[20];
      |                                             ^~~~~~~~
../Core/Src/main.c:2169:31: warning: unused variable 'message2' [-Wunused-variable]
 2169 |         uint8_t message1[20], message2[20], message3[20];
      |                               ^~~~~~~~
../Core/Src/main.c:2169:17: warning: unused variable 'message1' [-Wunused-variable]
 2169 |         uint8_t message1[20], message2[20], message3[20];
      |                 ^~~~~~~~
../Core/Src/main.c: In function 'runFastestPathTask_V2':
../Core/Src/main.c:2507:25: warning: multi-line comment [-Wcomment]
 2507 |                         //HAL_UART_Transmit(&huart3, (uint8_t *) "ACK|X\r\n", 7, 0xFFFF); \
      |                         ^
../Core/Src/main.c: In function 'HCSR04_Read':
../Core/Src/main.c:2519:9: warning: implicit declaration of function 'delay_us' [-Wimplicit-function-declaration]
 2519 |         delay_us(10);
      |         ^~~~~~~~
../Core/Src/main.c: At top level:
../Core/Src/main.c:2523:6: warning: conflicting types for 'delay_us'; have 'void(uint16_t)' {aka 'void(short unsigned int)'}
 2523 | void delay_us(uint16_t us)
      |      ^~~~~~~~
../Core/Src/main.c:2519:9: note: previous implicit declaration of 'delay_us' with type 'void(uint16_t)' {aka 'void(short unsigned int)'}
 2519 |         delay_us(10);
      |         ^~~~~~~~
../Core/Src/main.c: In function 'sensorTask':
../Core/Src/main.c:2567:33: warning: pointer targets in passing argument 1 of 'sprintf' differ in signedness [-Wpointer-sign]
 2567 |                         sprintf(usVal, "Distance: %d \0", (int) Distance);
      |                                 ^~~~~
      |                                 |
      |                                 uint8_t * {aka unsigned char *}
C:\ST\STM32CubeIDE_1.16.0\STM32CubeIDE\plugins\com.st.stm32cube.ide.mcu.externaltools.gnu-tools-for-stm32.12.3.rel1.win32_1.0.200.202406191623\tools\bin/../lib/gcc/arm-none-eabi/12.3.1/../../../../arm-none-eabi/include/stdio.h:250:18: note: expected 'char * restrict' but argument is of type 'uint8_t *' {aka 'unsigned char *'}
  250 | int     sprintf (char *__restrict, const char *__restrict, ...)
      |                  ^
../Core/Src/main.c:2567:54: warning: embedded '\0' in format [-Wformat-contains-nul]
 2567 |                         sprintf(usVal, "Distance: %d \0", (int) Distance);
      |                                                      ^~
arm-none-eabi-gcc -o "MDPFinal.elf" @"objects.list"   -mcpu=cortex-m4 -T"D:\3. CE Timetable and Curriculum\7. AY2023-2024 Sem 1 (Year 4)\1. SC2079 - Multidisciplinary Design Project\4. Project\SC2079_GROUP13\Hardware_STM\MDP\STM32F407VETX_FLASH.ld" --specs=nosys.specs -Wl,-Map="MDPFinal.map" -Wl,--gc-sections -static --specs=nano.specs -mfpu=fpv4-sp-d16 -mfloat-abi=hard -mthumb -u _printf_float -Wl,--start-group -lc -lm -Wl,--end-group
C:/ST/STM32CubeIDE_1.16.0/STM32CubeIDE/plugins/com.st.stm32cube.ide.mcu.externaltools.gnu-tools-for-stm32.12.3.rel1.win32_1.0.200.202406191623/tools/bin/../lib/gcc/arm-none-eabi/12.3.1/../../../../arm-none-eabi/bin/ld.exe: warning: MDPFinal.elf has a LOAD segment with RWX permissions
Finished building target: MDPFinal.elf
 
arm-none-eabi-size  MDPFinal.elf 
arm-none-eabi-objdump -h -S MDPFinal.elf  > "MDPFinal.list"
   text	   data	    bss	    dec	    hex	filename
  82416	    800	  22744	 105960	  19de8	MDPFinal.elf
arm-none-eabi-objcopy  -O ihex MDPFinal.elf  "MDPFinal.hex"
Finished building: default.size.stdout
 
Finished building: MDPFinal.hex
 
Finished building: MDPFinal.list
 
12:27:10 **** Incremental Build of configuration Debug for project MDPFinal ****
make -j8 all 
arm-none-eabi-size  MDPFinal.elf 
   text	   data	    bss	    dec	    hex	filename
  82416	    800	  22744	 105960	  19de8	MDPFinal.elf
Finished building: default.size.stdout
 
