../Core/Src/main.c:437:5:main	16	static
../Core/Src/main.c:603:6:SystemClock_Config	88	static
../Core/Src/main.c:643:13:MX_ADC1_Init	24	static
../Core/Src/main.c:693:13:MX_ADC2_Init	24	static
../Core/Src/main.c:743:13:MX_I2C1_Init	8	static
../Core/Src/main.c:777:13:MX_TIM1_Init	96	static
../Core/Src/main.c:851:13:MX_TIM2_Init	56	static
../Core/Src/main.c:900:13:MX_TIM3_Init	56	static
../Core/Src/main.c:949:13:MX_TIM4_Init	32	static
../Core/Src/main.c:995:13:MX_TIM6_Init	16	static
../Core/Src/main.c:1033:13:MX_TIM8_Init	96	static
../Core/Src/main.c:1111:13:MX_USART3_UART_Init	8	static
../Core/Src/main.c:1144:13:MX_GPIO_Init	56	static
../Core/Src/main.c:1214:6:HAL_UART_RxCpltCallback	48	static
../Core/Src/main.c:1338:6:HAL_GPIO_EXTI_Callback	16	static
../Core/Src/main.c:1363:6:IR_Left_Read	8	static
../Core/Src/main.c:1370:6:IR_Right_Read	8	static
../Core/Src/main.c:1377:6:StartIRTask	40	static
../Core/Src/main.c:1404:6:PIDConfigInit	24	static
../Core/Src/main.c:1412:6:PIDConfigReset	16	static
../Core/Src/main.c:1422:6:StraightLineMove	32	static
../Core/Src/main.c:1434:6:StraightLineMoveSpeedScale	32	static
../Core/Src/main.c:1444:6:RobotMoveDist	24	static
../Core/Src/main.c:1480:6:RobotMoveDistObstacle	16	static
../Core/Src/main.c:1519:6:RobotMoveDistObstacle_IR	16	static
../Core/Src/main.c:1545:6:RobotTurn	144	static
../Core/Src/main.c:1566:6:Wait	8	static
../Core/Src/main.c:1578:6:RobotTurnFastest	40	static
../Core/Src/main.c:1593:6:FASTESTPATH_TURN_LEFT_90	8	static
../Core/Src/main.c:1601:6:FASTESTPATH_TURN_RIGHT_90	8	static
../Core/Src/main.c:1610:6:FASTESTPATH_TURN_RIGHT_180	8	static
../Core/Src/main.c:1618:6:FASTESTPATH_TURN_LEFT_90X	16	static
../Core/Src/main.c:1641:6:FASTESTPATH_TURN_LEFT_90X_RETURN	16	static
../Core/Src/main.c:1684:6:FASTESTPATH_TURN_RIGHT_180X	16	static
../Core/Src/main.c:1706:6:RobotMoveUntilIROvershoot	8	static
../Core/Src/main.c:1721:6:RobotMoveUntilIRHit	8	static
../Core/Src/main.c:1745:6:runOledTask	80	static
../Core/Src/main.c:1794:6:runCmdTask	16	static
../Core/Src/main.c:1897:6:runADCTask	24	static
../Core/Src/main.c:1940:6:runMoveDistTask	16	static
../Core/Src/main.c:2009:6:runFastestPathTask	48	static
../Core/Src/main.c:2129:6:runBuzzerTask	16	static
../Core/Src/main.c:2165:6:runFLTask	80	static
../Core/Src/main.c:2239:6:runFRTask	16	static
../Core/Src/main.c:2304:6:runBLTask	16	static
../Core/Src/main.c:2366:6:runBRTask	16	static
../Core/Src/main.c:2430:6:runFastestPathTask_V2	24	static
../Core/Src/main.c:2516:6:HCSR04_Read	8	static
../Core/Src/main.c:2523:6:delay_us	16	static
../Core/Src/main.c:2530:6:HAL_TIM_IC_CaptureCallback	16	static
../Core/Src/main.c:2559:6:sensorTask	40	static
../Core/Src/main.c:2583:6:setLeftPWM	16	static
../Core/Src/main.c:2587:6:setRightPWM	16	static
../Core/Src/main.c:2591:6:motorStop	8	static
../Core/Src/main.c:2609:6:runBatteryTask	16	static
../Core/Src/main.c:2631:6:runMoveDistObsTask	16	static
../Core/Src/main.c:2658:6:Error_Handler	4	static,ignoring_inline_asm
